Component: ARM Compiler 5.06 update 7 (build 960) Tool: armlink [4d3601]

==============================================================================

Section Cross References

    main.o(i.SysTick_Handler) refers to ble_user.o(i.BLE_Statu_Check) for BLE_Statu_Check
    main.o(i.SysTick_Handler) refers to res_test.o(i.RES_TEST) for RES_TEST
    main.o(i.SysTick_Handler) refers to pressure_test.o(i.Pressure_TEST) for Pressure_TEST
    main.o(i.main) refers to gpio_user.o(i.All_GPIO_Init) for All_GPIO_Init
    main.o(i.main) refers to my_sys.o(i.Set_NVIC_Adress) for Set_NVIC_Adress
    main.o(i.main) refers to usart.o(i.usart_init) for usart_init
    main.o(i.main) refers to usart.o(i.usart1_init) for usart1_init
    main.o(i.main) refers to my_sys.o(i.delay_ms) for delay_ms
    main.o(i.main) refers to usb_user.o(i.Usb_Init) for Usb_Init
    main.o(i.main) refers to adc_user.o(i.ADC1_Init) for ADC1_Init
    main.o(i.main) refers to ble_user.o(i.BLE_Statu_Check) for BLE_Statu_Check
    main.o(i.main) refers to hid_serve.o(i.HID_Data_Serve) for HID_Data_Serve
    main.o(i.main) refers to ble_user.o(i.BLE_Deal_Data) for BLE_Deal_Data
    main.o(i.main) refers to printf8.o(i.__0printf$8) for __2printf
    main.o(i.main) refers to system_stm32f10x.o(.data) for SystemCoreClock
    my_sys.o(i.Set_NVIC_Adress) refers to misc.o(i.NVIC_SetVectorTable) for NVIC_SetVectorTable
    my_sys.o(i.delay_ms) refers to my_sys.o(i.delay_1ms) for delay_1ms
    stm32f10x_it.o(i.USB_LP_CAN1_RX0_IRQHandler) refers to usb_istr.o(i.USB_Istr) for USB_Istr
    usart.o(i.Debug_Send_Array) refers to stm32f10x_usart.o(i.USART_SendData) for USART_SendData
    usart.o(i.Debug_Send_Array) refers to stm32f10x_usart.o(i.USART_GetFlagStatus) for USART_GetFlagStatus
    usart.o(i.GPIO_Configuration) refers to stm32f10x_gpio.o(i.GPIO_Init) for GPIO_Init
    usart.o(i.UART1_GPIO_Configuration) refers to stm32f10x_gpio.o(i.GPIO_Init) for GPIO_Init
    usart.o(i.USART1_Configuration) refers to misc.o(i.NVIC_Init) for NVIC_Init
    usart.o(i.USART1_Configuration) refers to stm32f10x_usart.o(i.USART_ITConfig) for USART_ITConfig
    usart.o(i.USART1_Configuration) refers to stm32f10x_usart.o(i.USART_Init) for USART_Init
    usart.o(i.USART1_Configuration) refers to stm32f10x_usart.o(i.USART_Cmd) for USART_Cmd
    usart.o(i.USART1_IRQHandler) refers to stm32f10x_usart.o(i.USART_GetITStatus) for USART_GetITStatus
    usart.o(i.USART1_IRQHandler) refers to stm32f10x_usart.o(i.USART_ClearITPendingBit) for USART_ClearITPendingBit
    usart.o(i.USART1_IRQHandler) refers to stm32f10x_usart.o(i.USART_ReceiveData) for USART_ReceiveData
    usart.o(i.USART1_IRQHandler) refers to ble_user.o(.bss) for BLE_ReceiveBuff
    usart.o(i.USART1_IRQHandler) refers to ble_user.o(.data) for BLE_ReceiveCount
    usart.o(i.USART_Configuration) refers to misc.o(i.NVIC_Init) for NVIC_Init
    usart.o(i.USART_Configuration) refers to stm32f10x_usart.o(i.USART_ITConfig) for USART_ITConfig
    usart.o(i.USART_Configuration) refers to stm32f10x_usart.o(i.USART_Init) for USART_Init
    usart.o(i.USART_Configuration) refers to stm32f10x_usart.o(i.USART_Cmd) for USART_Cmd
    usart.o(i.Usart1_Send_Array) refers to stm32f10x_usart.o(i.USART_SendData) for USART_SendData
    usart.o(i.Usart1_Send_Array) refers to stm32f10x_usart.o(i.USART_GetFlagStatus) for USART_GetFlagStatus
    usart.o(i.fputc) refers to stm32f10x_usart.o(i.USART_SendData) for USART_SendData
    usart.o(i.fputc) refers to stm32f10x_usart.o(i.USART_GetFlagStatus) for USART_GetFlagStatus
    usart.o(i.usart1_init) refers to stm32f10x_rcc.o(i.RCC_APB2PeriphClockCmd) for RCC_APB2PeriphClockCmd
    usart.o(i.usart1_init) refers to usart.o(i.UART1_GPIO_Configuration) for UART1_GPIO_Configuration
    usart.o(i.usart1_init) refers to usart.o(i.USART1_Configuration) for USART1_Configuration
    usart.o(i.usart_init) refers to stm32f10x_rcc.o(i.RCC_APB2PeriphClockCmd) for RCC_APB2PeriphClockCmd
    usart.o(i.usart_init) refers to stm32f10x_rcc.o(i.RCC_APB1PeriphClockCmd) for RCC_APB1PeriphClockCmd
    usart.o(i.usart_init) refers to usart.o(i.GPIO_Configuration) for GPIO_Configuration
    usart.o(i.usart_init) refers to usart.o(i.USART_Configuration) for USART_Configuration
    usb_user.o(i.CustomHID_GetConfigDescriptor) refers to usb_core.o(i.Standard_GetDescriptorData) for Standard_GetDescriptorData
    usb_user.o(i.CustomHID_GetConfigDescriptor) refers to usb_user.o(.data) for Config_Descriptor
    usb_user.o(i.CustomHID_GetDeviceDescriptor) refers to usb_core.o(i.Standard_GetDescriptorData) for Standard_GetDescriptorData
    usb_user.o(i.CustomHID_GetDeviceDescriptor) refers to usb_user.o(.data) for Device_Descriptor
    usb_user.o(i.CustomHID_GetReportDescriptor) refers to usb_core.o(i.Standard_GetDescriptorData) for Standard_GetDescriptorData
    usb_user.o(i.CustomHID_GetReportDescriptor) refers to usb_user.o(.data) for CustomHID_Report_Descriptor
[...]
    ../clib/microlib/init/entry.s            0x00000000   Number         0  entry.o ABSOLUTE
    ../clib/microlib/init/entry.s            0x00000000   Number         0  entry12b.o ABSOLUTE
    ../clib/microlib/longlong.c              0x00000000   Number         0  llsshr.o ABSOLUTE
    ../clib/microlib/longlong.c              0x00000000   Number         0  llushr.o ABSOLUTE
    ../clib/microlib/longlong.c              0x00000000   Number         0  llshl.o ABSOLUTE
    ../clib/microlib/printf/printf.c         0x00000000   Number         0  printfa.o ABSOLUTE
    ../clib/microlib/printf/printf.c         0x00000000   Number         0  printf8.o ABSOLUTE
    ../clib/microlib/printf/printf.c         0x00000000   Number         0  printf7.o ABSOLUTE
    ../clib/microlib/printf/printf.c         0x00000000   Number         0  printf6.o ABSOLUTE
    ../clib/microlib/printf/printf.c         0x00000000   Number         0  printf5.o ABSOLUTE
    ../clib/microlib/printf/printf.c         0x00000000   Number         0  printf4.o ABSOLUTE
    ../clib/microlib/printf/printf.c         0x00000000   Number         0  printf3.o ABSOLUTE
    ../clib/microlib/printf/printf.c         0x00000000   Number         0  printf2.o ABSOLUTE
    ../clib/microlib/printf/printf.c         0x00000000   Number         0  printf1.o ABSOLUTE
    ../clib/microlib/printf/printf.c         0x00000000   Number         0  printf0.o ABSOLUTE
    ../clib/microlib/printf/printf.c         0x00000000   Number         0  printfb.o ABSOLUTE
    ../clib/microlib/printf/stubs.s          0x00000000   Number         0  stubs.o ABSOLUTE
    ../clib/microlib/stdio/streams.c         0x00000000   Number         0  stdout.o ABSOLUTE
    ../clib/microlib/stubs.s                 0x00000000   Number         0  iusefp.o ABSOLUTE
    ../fplib/microlib/fpadd.c                0x00000000   Number         0  dadd.o ABSOLUTE
    ../fplib/microlib/fpdiv.c                0x00000000   Number         0  ddiv.o ABSOLUTE
    ../fplib/microlib/fpepilogue.c           0x00000000   Number         0  depilogue.o ABSOLUTE
    ../fplib/microlib/fpfix.c                0x00000000   Number         0  dfixul.o ABSOLUTE
    ../fplib/microlib/fpmul.c                0x00000000   Number         0  dmul.o ABSOLUTE
    ..\CMSIS\core_cm3.c                      0x00000000   Number         0  core_cm3.o ABSOLUTE
    ..\CMSIS\startup_stm32f10x_hd.s          0x00000000   Number         0  startup_stm32f10x_hd.o ABSOLUTE
    ..\CMSIS\system_stm32f10x.c              0x00000000   Number         0  system_stm32f10x.o ABSOLUTE
    ..\FWlib\src\misc.c                      0x00000000   Number         0  misc.o ABSOLUTE
    ..\FWlib\src\stm32f10x_adc.c             0x00000000   Number         0  stm32f10x_adc.o ABSOLUTE
    ..\FWlib\src\stm32f10x_bkp.c             0x00000000   Number         0  stm32f10x_bkp.o ABSOLUTE
    ..\FWlib\src\stm32f10x_cec.c             0x00000000   Number         0  stm32f10x_cec.o ABSOLUTE
    ..\FWlib\src\stm32f10x_crc.c             0x00000000   Number         0  stm32f10x_crc.o ABSOLUTE
    ..\FWlib\src\stm32f10x_dbgmcu.c          0x00000000   Number         0  stm32f10x_dbgmcu.o ABSOLUTE
    ..\FWlib\src\stm32f10x_dma.c             0x00000000   Number         0  stm32f10x_dma.o ABSOLUTE
    ..\FWlib\src\stm32f10x_exti.c            0x00000000   Number         0  stm32f10x_exti.o ABSOLUTE
    ..\FWlib\src\stm32f10x_flash.c           0x00000000   Number         0  stm32f10x_flash.o ABSOLUTE
    ..\FWlib\src\stm32f10x_fsmc.c            0x00000000   Number         0  stm32f10x_fsmc.o ABSOLUTE
    ..\FWlib\src\stm32f10x_gpio.c            0x00000000   Number         0  stm32f10x_gpio.o ABSOLUTE
    ..\FWlib\src\stm32f10x_i2c.c             0x00000000   Number         0  stm32f10x_i2c.o ABSOLUTE
    ..\FWlib\src\stm32f10x_iwdg.c            0x00000000   Number         0  stm32f10x_iwdg.o ABSOLUTE
    ..\FWlib\src\stm32f10x_pwr.c             0x00000000   Number         0  stm32f10x_pwr.o ABSOLUTE
    ..\FWlib\src\stm32f10x_rcc.c             0x00000000   Number         0  stm32f10x_rcc.o ABSOLUTE
    ..\FWlib\src\stm32f10x_spi.c             0x00000000   Number         0  stm32f10x_spi.o ABSOLUTE
    ..\FWlib\src\stm32f10x_tim.c             0x00000000   Number         0  stm32f10x_tim.o ABSOLUTE
    ..\FWlib\src\stm32f10x_usart.c           0x00000000   Number         0  stm32f10x_usart.o ABSOLUTE
    ..\FWlib\src\stm32f10x_wwdg.c            0x00000000   Number         0  stm32f10x_wwdg.o ABSOLUTE
    ..\USB_HID\src\usb_istr.c                0x00000000   Number         0  usb_istr.o ABSOLUTE
    ..\USB_HID\src\usb_prop.c                0x00000000   Number         0  usb_prop.o ABSOLUTE
    ..\USB_HID\src\usb_pwr.c                 0x00000000   Number         0  usb_pwr.o ABSOLUTE
    ..\USB_Library\src\usb_core.c            0x00000000   Number         0  usb_core.o ABSOLUTE
    ..\USB_Library\src\usb_init.c            0x00000000   Number         0  usb_init.o ABSOLUTE
    ..\USB_Library\src\usb_int.c             0x00000000   Number         0  usb_int.o ABSOLUTE
    ..\USB_Library\src\usb_mem.c             0x00000000   Number         0  usb_mem.o ABSOLUTE
    ..\USB_Library\src\usb_regs.c            0x00000000   Number         0  usb_regs.o ABSOLUTE
    ..\\CMSIS\\core_cm3.c                    0x00000000   Number         0  core_cm3.o ABSOLUTE
    ADC_User.c                               0x00000000   Number         0  adc_user.o ABSOLUTE
    BLE_User.c                               0x00000000   Number         0  ble_user.o ABSOLUTE
    DFU_User.c                               0x00000000   Number         0  dfu_user.o ABSOLUTE
    GPIO_User.c                              0x00000000   Number         0  gpio_user.o ABSOLUTE
    HID_Serve.c                              0x00000000   Number         0  hid_serve.o ABSOLUTE
    Pressure_Test.c                          0x00000000   Number         0  pressure_test.o ABSOLUTE
    RES_Test.c                               0x00000000   Number         0  res_test.o ABSOLUTE
    USB_User.c                               0x00000000   Number         0  usb_user.o ABSOLUTE
    cdrcmple.s                               0x00000000   Number         0  cdrcmple.o ABSOLUTE
    dc.s                                     0x00000000   Number         0  dc.o ABSOLUTE
    handlers.s                               0x00000000   Number         0  handlers.o ABSOLUTE
    init.s                                   0x00000000   Number         0  init.o ABSOLUTE
    main.c                                   0x00000000   Number         0  main.o ABSOLUTE
    my_sys.c                                 0x00000000   Number         0  my_sys.o ABSOLUTE
    stm32f10x_it.c                           0x00000000   Number         0  stm32f10x_it.o ABSOLUTE
    usart.c                                  0x00000000   Number         0  usart.o ABSOLUTE
    RESET                                    0x08000000   Section      304  startup_stm32f10x_hd.o(RESET)
    .ARM.Collect$$$$00000000                 0x08000130   Section        0  entry.o(.ARM.Collect$$$$00000000)
    .ARM.Collect$$$$00000001                 0x08000130   Section        4  entry2.o(.ARM.Collect$$$$00000001)
    .ARM.Collect$$$$00000004                 0x08000134   Section        4  entry5.o(.ARM.Collect$$$$00000004)
    .ARM.Collect$$$$00000008                 0x08000138   Section        0  entry7b.o(.ARM.Collect$$$$00000008)
    .ARM.Collect$$$$0000000A                 0x08000138   Section        0  entry8b.o(.ARM.Collect$$$$0000000A)
    .ARM.Collect$$$$0000000B                 0x08000138   Section        8  entry9a.o(.ARM.Collect$$$$0000000B)
    .ARM.Collect$$$$0000000E                 0x08000140   Section        4  entry12b.o(.ARM.Collect$$$$0000000E)
    .ARM.Collect$$$$0000000F                 0x08000144   Section        0  entry10a.o(.ARM.Collect$$$$0000000F)
    .ARM.Collect$$$$00000011                 0x08000144   Section        0  entry11a.o(.ARM.Collect$$$$00000011)
    .ARM.Collect$$$$00002712                 0x08000144   Section        4  entry2.o(.ARM.Collect$$$$00002712)
    __lit__00000000                          0x08000144   Data           4  entry2.o(.ARM.Collect$$$$00002712)
    .text                                    0x08000148   Section       36  startup_stm32f10x_hd.o(.text)
    .text                                    0x0800016c   Section        0  uldiv.o(.text)
    .text                                    0x080001d0   Section       36  init.o(.text)
    .text                                    0x080001f4   Section        0  llshl.o(.text)
    .text                                    0x08000212   Section        0  llushr.o(.text)
    .text                                    0x08000232   Section        0  __dczerorl2.o(.text)
    i.ADC1_GPIO_Config                       0x08000288   Section        0  adc_user.o(i.ADC1_GPIO_Config)
    ADC1_GPIO_Config                         0x08000289   Thumb Code    42  adc_user.o(i.ADC1_GPIO_Config)
    i.ADC1_Init                              0x080002b8   Section        0  adc_user.o(i.ADC1_Init)
    i.ADC1_Mode_Config                       0x080002c4   Section        0  adc_user.o(i.ADC1_Mode_Config)
    ADC1_Mode_Config                         0x080002c5   Thumb Code   246  adc_user.o(i.ADC1_Mode_Config)
    i.ADC_Cmd                                0x080003c8   Section        0  stm32f10x_adc.o(i.ADC_Cmd)
    i.ADC_DMACmd                             0x080003de   Section        0  stm32f10x_adc.o(i.ADC_DMACmd)
    i.ADC_GetCalibrationStatus               0x080003f4   Section        0  stm32f10x_adc.o(i.ADC_GetCalibrationStatus)
    i.ADC_GetResetCalibrationStatus          0x08000408   Section        0  stm32f10x_adc.o(i.ADC_GetResetCalibrationStatus)
    i.ADC_Init                               0x0800041c   Section        0  stm32f10x_adc.o(i.ADC_Init)
    i.ADC_RegularChannelConfig               0x0800046c   Section        0  stm32f10x_adc.o(i.ADC_RegularChannelConfig)
    i.ADC_ResetCalibration                   0x08000524   Section        0  stm32f10x_adc.o(i.ADC_ResetCalibration)
    i.ADC_SoftwareStartConvCmd               0x0800052e   Section        0  stm32f10x_adc.o(i.ADC_SoftwareStartConvCmd)
    i.ADC_StartCalibration                   0x08000544   Section        0  stm32f10x_adc.o(i.ADC_StartCalibration)
    i.All_GPIO_Init                          0x0800054e   Section        0  gpio_user.o(i.All_GPIO_Init)
    i.BLE_Bind_MAC                           0x0800055c   Section        0  ble_user.o(i.BLE_Bind_MAC)
    i.BLE_COM_Serve                          0x0800057c   Section        0  ble_user.o(i.BLE_COM_Serve)
    i.BLE_Deal_Data                          0x08000594   Section        0  ble_user.o(i.BLE_Deal_Data)
    i.BLE_GPIO_Init                          0x0800060c   Section        0  gpio_user.o(i.BLE_GPIO_Init)
    i.BLE_MAC_Change                         0x08000690   Section        0  hid_serve.o(i.BLE_MAC_Change)
    i.BLE_Pick_Bind                          0x080006c0   Section        0  ble_user.o(i.BLE_Pick_Bind)
    i.BLE_Pick_MAC                           0x08000784   Section        0  ble_user.o(i.BLE_Pick_MAC)
    i.BLE_Statu_Check                        0x080007bc   Section        0  ble_user.o(i.BLE_Statu_Check)
    i.BusFault_Handler                       0x080007dc   Section        0  stm32f10x_it.o(i.BusFault_Handler)
    i.ByteSwap                               0x080007e0   Section        0  usb_regs.o(i.ByteSwap)
    i.CTR_LP                                 0x080007ec   Section        0  usb_int.o(i.CTR_LP)
    i.ClearDTOG_RX                           0x08000b14   Section        0  usb_regs.o(i.ClearDTOG_RX)
    i.ClearDTOG_TX                           0x08000b48   Section        0  usb_regs.o(i.ClearDTOG_TX)
    i.Clear_Status_Out                       0x08000b7c   Section        0  usb_regs.o(i.Clear_Status_Out)
    i.CustomHID_Data_Setup                   0x08000b9c   Section        0  usb_prop.o(i.CustomHID_Data_Setup)
    i.CustomHID_GetConfigDescriptor          0x08000c18   Section        0  usb_user.o(i.CustomHID_GetConfigDescriptor)
    i.CustomHID_GetDeviceDescriptor          0x08000c2c   Section        0  usb_user.o(i.CustomHID_GetDeviceDescriptor)
    i.CustomHID_GetHIDDescriptor             0x08000c40   Section        0  usb_prop.o(i.CustomHID_GetHIDDescriptor)
    i.CustomHID_GetProtocolValue             0x08000c54   Section        0  usb_prop.o(i.CustomHID_GetProtocolValue)
    i.CustomHID_GetReportDescriptor          0x08000c70   Section        0  usb_user.o(i.CustomHID_GetReportDescriptor)
    i.CustomHID_GetStringDescriptor          0x08000c84   Section        0  usb_prop.o(i.CustomHID_GetStringDescriptor)
    i.CustomHID_Get_Interface_Setting        0x08000cac   Section        0  usb_prop.o(i.CustomHID_Get_Interface_Setting)
    i.CustomHID_NoData_Setup                 0x08000cc4   Section        0  usb_prop.o(i.CustomHID_NoData_Setup)
    i.CustomHID_Reset                        0x08000d00   Section        0  usb_prop.o(i.CustomHID_Reset)
    i.CustomHID_SetConfiguration             0x08000db8   Section        0  usb_prop.o(i.CustomHID_SetConfiguration)
    i.CustomHID_SetDeviceAddress             0x08000dd0   Section        0  usb_prop.o(i.CustomHID_SetDeviceAddress)
    i.CustomHID_SetProtocol                  0x08000ddc   Section        0  usb_prop.o(i.CustomHID_SetProtocol)
    i.CustomHID_Status_In                    0x08000df4   Section        0  usb_prop.o(i.CustomHID_Status_In)
    i.CustomHID_Status_Out                   0x08000df6   Section        0  usb_prop.o(i.CustomHID_Status_Out)
    i.CustomHID_init                         0x08000df8   Section        0  usb_prop.o(i.CustomHID_init)
    i.DMA1_Channel1_IRQHandler               0x08000e3c   Section        0  adc_user.o(i.DMA1_Channel1_IRQHandler)
    i.DMA_ClearITPendingBit                  0x08000e70   Section        0  stm32f10x_dma.o(i.DMA_ClearITPendingBit)
    i.DMA_Cmd                                0x08000e8c   Section        0  stm32f10x_dma.o(i.DMA_Cmd)
    i.DMA_DeInit                             0x08000ea4   Section        0  stm32f10x_dma.o(i.DMA_DeInit)
    i.DMA_GetITStatus                        0x08000ff0   Section        0  stm32f10x_dma.o(i.DMA_GetITStatus)
    i.DMA_ITConfig                           0x0800101c   Section        0  stm32f10x_dma.o(i.DMA_ITConfig)
    i.DMA_Init                               0x0800102e   Section        0  stm32f10x_dma.o(i.DMA_Init)
    i.DataStageIn                            0x0800106c   Section        0  usb_core.o(i.DataStageIn)
    DataStageIn                              0x0800106d   Thumb Code   166  usb_core.o(i.DataStageIn)
    i.DataStageOut                           0x0800112c   Section        0  usb_core.o(i.DataStageOut)
    DataStageOut                             0x0800112d   Thumb Code   166  usb_core.o(i.DataStageOut)
    i.Data_Setup0                            0x080011e8   Section        0  usb_core.o(i.Data_Setup0)
    Data_Setup0                              0x080011e9   Thumb Code   628  usb_core.o(i.Data_Setup0)
    i.DebugMon_Handler                       0x08001480   Section        0  stm32f10x_it.o(i.DebugMon_Handler)
    i.Debug_Send_Array                       0x08001484   Section        0  usart.o(i.Debug_Send_Array)
    i.EP1_OUT_Callback                       0x080014b4   Section        0  usb_user.o(i.EP1_OUT_Callback)
    i.EP2_IN_Callback                        0x080014dc   Section        0  usb_user.o(i.EP2_IN_Callback)
    i.Enter_LowPowerMode                     0x080014e0   Section        0  usb_pwr.o(i.Enter_LowPowerMode)
    i.GPIO_Configuration                     0x080014ec   Section        0  usart.o(i.GPIO_Configuration)
    i.GPIO_Init                              0x08001528   Section        0  stm32f10x_gpio.o(i.GPIO_Init)
    i.GPIO_PinRemapConfig                    0x08001640   Section        0  stm32f10x_gpio.o(i.GPIO_PinRemapConfig)
    i.GPIO_ResetBits                         0x080016d0   Section        0  stm32f10x_gpio.o(i.GPIO_ResetBits)
    i.GPIO_SetBits                           0x080016d4   Section        0  stm32f10x_gpio.o(i.GPIO_SetBits)
    i.GetEPRxAddr                            0x080016d8   Section        0  usb_regs.o(i.GetEPRxAddr)
    i.GetEPTxAddr                            0x080016f8   Section        0  usb_regs.o(i.GetEPTxAddr)
    i.Get_SerialNum                          0x08001718   Section        0  usb_prop.o(i.Get_SerialNum)
    i.HID_Data_Serve                         0x08001760   Section        0  hid_serve.o(i.HID_Data_Serve)
    i.HardFault_Handler                      0x080017b8   Section        0  stm32f10x_it.o(i.HardFault_Handler)
    i.In0_Process                            0x080017bc   Section        0  usb_core.o(i.In0_Process)
    i.Leave_LowPowerMode                     0x0800182c   Section        0  usb_pwr.o(i.Leave_LowPowerMode)
    i.MemManage_Handler                      0x0800184c   Section        0  stm32f10x_it.o(i.MemManage_Handler)
    i.Mem_Copy                               0x08001850   Section        0  my_sys.o(i.Mem_Copy)
    i.NMI_Handler                            0x08001868   Section        0  stm32f10x_it.o(i.NMI_Handler)
    i.NOP_Process                            0x0800186a   Section        0  usb_core.o(i.NOP_Process)
    i.NVIC_Init                              0x0800186c   Section        0  misc.o(i.NVIC_Init)
    i.NVIC_SetVectorTable                    0x080018dc   Section        0  misc.o(i.NVIC_SetVectorTable)
    i.NoData_Setup0                          0x080018f0   Section        0  usb_core.o(i.NoData_Setup0)
    NoData_Setup0                            0x080018f1   Thumb Code   302  usb_core.o(i.NoData_Setup0)
    i.Out0_Process                           0x08001a34   Section        0  usb_core.o(i.Out0_Process)
    i.PMAToUserBufferCopy                    0x08001a84   Section        0  usb_mem.o(i.PMAToUserBufferCopy)
    i.PendSV_Handler                         0x08001aac   Section        0  stm32f10x_it.o(i.PendSV_Handler)
    i.Post0_Process                          0x08001ab0   Section        0  usb_core.o(i.Post0_Process)
    i.PowerOn                                0x08001af8   Section        0  usb_pwr.o(i.PowerOn)
    i.Pressure_TEST                          0x08001b38   Section        0  pressure_test.o(i.Pressure_TEST)
    i.RCC_ADCCLKConfig                       0x08001b84   Section        0  stm32f10x_rcc.o(i.RCC_ADCCLKConfig)
    i.RCC_AHBPeriphClockCmd                  0x08001b9c   Section        0  stm32f10x_rcc.o(i.RCC_AHBPeriphClockCmd)
    i.RCC_APB1PeriphClockCmd                 0x08001bbc   Section        0  stm32f10x_rcc.o(i.RCC_APB1PeriphClockCmd)
    i.RCC_APB2PeriphClockCmd                 0x08001bdc   Section        0  stm32f10x_rcc.o(i.RCC_APB2PeriphClockCmd)
    i.RCC_GetClocksFreq                      0x08001bfc   Section        0  stm32f10x_rcc.o(i.RCC_GetClocksFreq)
    i.RCC_USBCLKConfig                       0x08001cd0   Section        0  stm32f10x_rcc.o(i.RCC_USBCLKConfig)
    i.RES_TEST                               0x08001cdc   Section        0  res_test.o(i.RES_TEST)
    i.Report_BLE_MAC                         0x08001d38   Section        0  hid_serve.o(i.Report_BLE_MAC)
    i.Resume                                 0x08001d54   Section        0  usb_pwr.o(i.Resume)
    i.Resume_Init                            0x08001e04   Section        0  usb_pwr.o(i.Resume_Init)
    i.SVC_Handler                            0x08001e28   Section        0  stm32f10x_it.o(i.SVC_Handler)
    i.SetBTABLE                              0x08001e2c   Section        0  usb_regs.o(i.SetBTABLE)
    i.SetDeviceAddress                       0x08001e3c   Section        0  usb_core.o(i.SetDeviceAddress)
    i.SetEPRXCount                           0x08001e88   Section        0  usb_user.o(i.SetEPRXCount)
    i.SetEPRxAddr                            0x08001e94   Section        0  usb_regs.o(i.SetEPRxAddr)
    i.SetEPRxCount                           0x08001eb8   Section        0  usb_regs.o(i.SetEPRxCount)
    i.SetEPRxStatus                          0x08001f04   Section        0  usb_regs.o(i.SetEPRxStatus)
    i.SetEPRxValid                           0x08001f3c   Section        0  usb_regs.o(i.SetEPRxValid)
    i.SetEPTXCount                           0x08001f68   Section        0  usb_user.o(i.SetEPTXCount)
    i.SetEPTxAddr                            0x08001f74   Section        0  usb_regs.o(i.SetEPTxAddr)
    i.SetEPTxCount                           0x08001f94   Section        0  usb_regs.o(i.SetEPTxCount)
    i.SetEPTxStatus                          0x08001fb0   Section        0  usb_regs.o(i.SetEPTxStatus)
    i.SetEPTxValid                           0x08001fe8   Section        0  usb_regs.o(i.SetEPTxValid)
    i.SetEPType                              0x08002014   Section        0  usb_regs.o(i.SetEPType)
    i.SetSysClock                            0x08002038   Section        0  system_stm32f10x.o(i.SetSysClock)
    SetSysClock                              0x08002039   Thumb Code     8  system_stm32f10x.o(i.SetSysClock)
    i.SetSysClockTo72                        0x08002040   Section        0  system_stm32f10x.o(i.SetSysClockTo72)
    SetSysClockTo72                          0x08002041   Thumb Code   214  system_stm32f10x.o(i.SetSysClockTo72)
    i.Set_NVIC_Adress                        0x08002120   Section        0  my_sys.o(i.Set_NVIC_Adress)
    i.Set_USBClock                           0x0800212e   Section        0  usb_user.o(i.Set_USBClock)
    i.Setup0_Process                         0x08002140   Section        0  usb_core.o(i.Setup0_Process)
    i.Standard_ClearFeature                  0x080021f0   Section        0  usb_core.o(i.Standard_ClearFeature)
    i.Standard_GetConfiguration              0x0800234c   Section        0  usb_core.o(i.Standard_GetConfiguration)
    i.Standard_GetDescriptorData             0x08002378   Section        0  usb_core.o(i.Standard_GetDescriptorData)
    i.Standard_GetInterface                  0x0800239c   Section        0  usb_core.o(i.Standard_GetInterface)
    i.Standard_GetStatus                     0x080023c8   Section        0  usb_core.o(i.Standard_GetStatus)
    i.Standard_SetConfiguration              0x080024b8   Section        0  usb_core.o(i.Standard_SetConfiguration)
    i.Standard_SetDeviceFeature              0x08002500   Section        0  usb_core.o(i.Standard_SetDeviceFeature)
    i.Standard_SetEndPointFeature            0x08002528   Section        0  usb_core.o(i.Standard_SetEndPointFeature)
    i.Standard_SetInterface                  0x080025e8   Section        0  usb_core.o(i.Standard_SetInterface)
    i.Suspend                                0x08002654   Section        0  usb_pwr.o(i.Suspend)
    i.SysTick_Handler                        0x0800267c   Section        0  main.o(i.SysTick_Handler)
    i.SystemInit                             0x0800268c   Section        0  system_stm32f10x.o(i.SystemInit)
    i.TIM2_IRQHandler                        0x080026ec   Section        0  stm32f10x_it.o(i.TIM2_IRQHandler)
    i.TIM4_IRQHandler                        0x080026ee   Section        0  stm32f10x_it.o(i.TIM4_IRQHandler)
    i.TIM5_IRQHandler                        0x080026f0   Section        0  stm32f10x_it.o(i.TIM5_IRQHandler)
    i.Test_GPIO_Init                         0x080026f4   Section        0  gpio_user.o(i.Test_GPIO_Init)
    i.UART1_GPIO_Configuration               0x08002764   Section        0  usart.o(i.UART1_GPIO_Configuration)
    i.USART1_Configuration                   0x080027a0   Section        0  usart.o(i.USART1_Configuration)
    i.USART1_IRQHandler                      0x0800280c   Section        0  usart.o(i.USART1_IRQHandler)
    i.USART_ClearITPendingBit                0x08002874   Section        0  stm32f10x_usart.o(i.USART_ClearITPendingBit)
    i.USART_Cmd                              0x08002892   Section        0  stm32f10x_usart.o(i.USART_Cmd)
    i.USART_Configuration                    0x080028ac   Section        0  usart.o(i.USART_Configuration)
    i.USART_GetFlagStatus                    0x0800290c   Section        0  stm32f10x_usart.o(i.USART_GetFlagStatus)
    i.USART_GetITStatus                      0x08002926   Section        0  stm32f10x_usart.o(i.USART_GetITStatus)
    i.USART_ITConfig                         0x0800297a   Section        0  stm32f10x_usart.o(i.USART_ITConfig)
    i.USART_Init                             0x080029c4   Section        0  stm32f10x_usart.o(i.USART_Init)
    i.USART_ReceiveData                      0x08002a9c   Section        0  stm32f10x_usart.o(i.USART_ReceiveData)
    i.USART_SendData                         0x08002aa6   Section        0  stm32f10x_usart.o(i.USART_SendData)
    i.USB_Cable_Config                       0x08002ab0   Section        0  usb_pwr.o(i.USB_Cable_Config)
    i.USB_Init                               0x08002ad4   Section        0  usb_init.o(i.USB_Init)
    i.USB_Interrupts_Config                  0x08002b10   Section        0  usb_user.o(i.USB_Interrupts_Config)
    i.USB_Istr                               0x08002b34   Section        0  usb_istr.o(i.USB_Istr)
    i.USB_LP_CAN1_RX0_IRQHandler             0x08002c2c   Section        0  stm32f10x_it.o(i.USB_LP_CAN1_RX0_IRQHandler)
    i.USB_Reset                              0x08002c34   Section        0  usb_user.o(i.USB_Reset)
    i.USB_SendData                           0x08002c6c   Section        0  usb_user.o(i.USB_SendData)
    i.UsageFault_Handler                     0x08002c84   Section        0  stm32f10x_it.o(i.UsageFault_Handler)
    i.Usart1_Send_Array                      0x08002c88   Section        0  usart.o(i.Usart1_Send_Array)
    i.Usb_Init                               0x08002cb8   Section        0  usb_user.o(i.Usb_Init)
    i.UserToPMABufferCopy                    0x08002ccc   Section        0  usb_mem.o(i.UserToPMABufferCopy)
    i.__0printf$8                            0x08002d04   Section        0  printf8.o(i.__0printf$8)
    i.__0sprintf$8                           0x08002d24   Section        0  printf8.o(i.__0sprintf$8)
    i.__scatterload_copy                     0x08002d4c   Section       14  handlers.o(i.__scatterload_copy)
    i.__scatterload_null                     0x08002d5a   Section        2  handlers.o(i.__scatterload_null)
    i.__scatterload_zeroinit                 0x08002d5c   Section       14  handlers.o(i.__scatterload_zeroinit)
    i._printf_core                           0x08002d6c   Section        0  printf8.o(i._printf_core)
    _printf_core                             0x08002d6d   Thumb Code   984  printf8.o(i._printf_core)
    i._printf_post_padding                   0x08003170   Section        0  printf8.o(i._printf_post_padding)
    _printf_post_padding                     0x08003171   Thumb Code    36  printf8.o(i._printf_post_padding)
    i._printf_pre_padding                    0x08003194   Section        0  printf8.o(i._printf_pre_padding)
    _printf_pre_padding                      0x08003195   Thumb Code    46  printf8.o(i._printf_pre_padding)
    i._sputc                                 0x080031c2   Section        0  printf8.o(i._sputc)
    _sputc                                   0x080031c3   Thumb Code    10  printf8.o(i._sputc)
    i.array_find                             0x080031cc   Section        0  my_sys.o(i.array_find)
    i.delay_1ms                              0x08003216   Section        0  my_sys.o(i.delay_1ms)
    i.delay_ms                               0x08003228   Section        0  my_sys.o(i.delay_ms)
    i.fputc                                  0x08003240   Section        0  usart.o(i.fputc)
    i.main                                   0x08003264   Section        0  main.o(i.main)
    i.usart1_init                            0x0800330c   Section        0  usart.o(i.usart1_init)
    i.usart_init                             0x08003334   Section        0  usart.o(i.usart_init)
    .constdata                               0x0800335c   Section      136  usb_user.o(.constdata)
    .data                                    0x20000000   Section       52  usb_user.o(.data)
    .data                                    0x20000034   Section       34  ble_user.o(.data)
    .data                                    0x20000058   Section       24  res_test.o(.data)
    .data                                    0x20000070   Section       20  pressure_test.o(.data)
    .data                                    0x20000084   Section        6  adc_user.o(.data)
    .data                                    0x2000008a   Section       20  stm32f10x_rcc.o(.data)
    APBAHBPrescTable                         0x2000008a   Data          16  stm32f10x_rcc.o(.data)
    ADCPrescTable                            0x2000009a   Data           4  stm32f10x_rcc.o(.data)
    .data                                    0x200000a0   Section       20  system_stm32f10x.o(.data)
    .data                                    0x200000b4   Section       60  usb_istr.o(.data)
    .data                                    0x200000f0   Section      132  usb_prop.o(.data)
    .data                                    0x20000174   Section        7  usb_pwr.o(.data)
    .data                                    0x2000017c   Section        3  usb_core.o(.data)
    .data                                    0x20000180   Section       20  usb_init.o(.data)
    .data                                    0x20000194   Section        4  usb_int.o(.data)
    .data                                    0x20000198   Section        4  stdout.o(.data)
    .bss                                     0x2000019c   Section      128  usb_user.o(.bss)
    .bss                                     0x2000021c   Section      162  ble_user.o(.bss)
    .bss                                     0x200002be   Section       64  adc_user.o(.bss)
    .bss                                     0x20000300   Section       28  usb_init.o(.bss)
    STACK                                    0x20000320   Section     1024  startup_stm32f10x_hd.o(STACK)

    Global Symbols

    Symbol Name                              Value     Ov Type        Size  Object(Section)

    BuildAttributes$$THM_ISAv4$P$D$K$B$S$PE$A:L22UL41UL21$X:L11$S22US41US21$IEEE1$IW$USESV6$~STKCKD$USESV7$~SHL$OSPACE$ROPI$EBA8$MICROLIB$REQ8$PRES8$EABIv2 0x00000000   Number         0  anon$$obj.o ABSOLUTE
    __ARM_use_no_argv                        0x00000000   Number         0  main.o ABSOLUTE
    _printf_a                                0x00000000   Number         0  stubs.o ABSOLUTE
    _printf_c                                0x00000000   Number         0  stubs.o ABSOLUTE
    _printf_charcount                        0x00000000   Number         0  stubs.o ABSOLUTE
    _printf_d                                0x00000000   Number         0  stubs.o ABSOLUTE
    _printf_e                                0x00000000   Number         0  stubs.o ABSOLUTE
    _printf_f                                0x00000000   Number         0  stubs.o ABSOLUTE
    _printf_flags                            0x00000000   Number         0  stubs.o ABSOLUTE
    _printf_fp_dec                           0x00000000   Number         0  stubs.o ABSOLUTE
    _printf_fp_hex                           0x00000000   Number         0  stubs.o ABSOLUTE
    _printf_g                                0x00000000   Number         0  stubs.o ABSOLUTE
    _printf_i                                0x00000000   Number         0  stubs.o ABSOLUTE
    _printf_int_dec                          0x00000000   Number         0  stubs.o ABSOLUTE
    _printf_l                                0x00000000   Number         0  stubs.o ABSOLUTE
    _printf_lc                               0x00000000   Number         0  stubs.o ABSOLUTE
    _printf_ll                               0x00000000   Number         0  stubs.o ABSOLUTE
    _printf_lld                              0x00000000   Number         0  stubs.o ABSOLUTE
    _printf_lli                              0x00000000   Number         0  stubs.o ABSOLUTE
    _printf_llo                              0x00000000   Number         0  stubs.o ABSOLUTE
    _printf_llu                              0x00000000   Number         0  stubs.o ABSOLUTE
    _printf_llx                              0x00000000   Number         0  stubs.o ABSOLUTE
    _printf_longlong_dec                     0x00000000   Number         0  stubs.o ABSOLUTE
    _printf_longlong_hex                     0x00000000   Number         0  stubs.o ABSOLUTE
    _printf_longlong_oct                     0x00000000   Number         0  stubs.o ABSOLUTE
    _printf_ls                               0x00000000   Number         0  stubs.o ABSOLUTE
    _printf_mbtowc                           0x00000000   Number         0  stubs.o ABSOLUTE
    _printf_n                                0x00000000   Number         0  stubs.o ABSOLUTE
    _printf_o                                0x00000000   Number         0  stubs.o ABSOLUTE
    _printf_p                                0x00000000   Number         0  stubs.o ABSOLUTE
    _printf_percent                          0x00000000   Number         0  stubs.o ABSOLUTE
    _printf_pre_padding                      0x00000000   Number         0  stubs.o ABSOLUTE
    _printf_return_value                     0x00000000   Number         0  stubs.o ABSOLUTE
    _printf_s                                0x00000000   Number         0  stubs.o ABSOLUTE
    _printf_sizespec                         0x00000000   Number         0  stubs.o ABSOLUTE
    _printf_str                              0x00000000   Number         0  stubs.o ABSOLUTE
    _printf_truncate_signed                  0x00000000   Number         0  stubs.o ABSOLUTE
    _printf_truncate_unsigned                0x00000000   Number         0  stubs.o ABSOLUTE
    _printf_u                                0x00000000   Number         0  stubs.o ABSOLUTE
    _printf_wc                               0x00000000   Number         0  stubs.o ABSOLUTE
    _printf_wctomb                           0x00000000   Number         0  stubs.o ABSOLUTE
    _printf_widthprec                        0x00000000   Number         0  stubs.o ABSOLUTE
    _printf_x                                0x00000000   Number         0  stubs.o ABSOLUTE
    __arm_fini_                               - Undefined Weak Reference
    __cpp_initialize__aeabi_                  - Undefined Weak Reference
    __cxa_finalize                            - Undefined Weak Reference
    _clock_init                               - Undefined Weak Reference
    _microlib_exit                            - Undefined Weak Reference
    __Vectors_Size                           0x00000130   Number         0  startup_stm32f10x_hd.o ABSOLUTE
    __Vectors                                0x08000000   Data           4  startup_stm32f10x_hd.o(RESET)
    __Vectors_End                            0x08000130   Data           0  startup_stm32f10x_hd.o(RESET)
    __main                                   0x08000131   Thumb Code     0  entry.o(.ARM.Collect$$$$00000000)
    _main_stk                                0x08000131   Thumb Code     0  entry2.o(.ARM.Collect$$$$00000001)
    _main_scatterload                        0x08000135   Thumb Code     0  entry5.o(.ARM.Collect$$$$00000004)
    __main_after_scatterload                 0x08000139   Thumb Code     0  entry5.o(.ARM.Collect$$$$00000004)
    _main_clock                              0x08000139   Thumb Code     0  entry7b.o(.ARM.Collect$$$$00000008)
    _main_cpp_init                           0x08000139   Thumb Code     0  entry8b.o(.ARM.Collect$$$$0000000A)
    _main_init                               0x08000139   Thumb Code     0  entry9a.o(.ARM.Collect$$$$0000000B)
    __rt_lib_shutdown_fini                   0x08000141   Thumb Code     0  entry12b.o(.ARM.Collect$$$$0000000E)
    __rt_final_cpp                           0x08000145   Thumb Code     0  entry10a.o(.ARM.Collect$$$$0000000F)
    __rt_final_exit                          0x08000145   Thumb Code     0  entry11a.o(.ARM.Collect$$$$00000011)
    Reset_Handler                            0x08000149   Thumb Code     8  startup_stm32f10x_hd.o(.text)
    ADC1_2_IRQHandler                        0x08000163   Thumb Code     0  startup_stm32f10x_hd.o(.text)
    ADC3_IRQHandler                          0x08000163   Thumb Code     0  startup_stm32f10x_hd.o(.text)
    CAN1_RX1_IRQHandler                      0x08000163   Thumb Code     0  startup_stm32f10x_hd.o(.text)
    CAN1_SCE_IRQHandler                      0x08000163   Thumb Code     0  startup_stm32f10x_hd.o(.text)
    DMA1_Channel2_IRQHandler                 0x08000163   Thumb Code     0  startup_stm32f10x_hd.o(.text)
    DMA1_Channel3_IRQHandler                 0x08000163   Thumb Code     0  startup_stm32f10x_hd.o(.text)
    DMA1_Channel4_IRQHandler                 0x08000163   Thumb Code     0  startup_stm32f10x_hd.o(.text)
    DMA1_Channel5_IRQHandler                 0x08000163   Thumb Code     0  startup_stm32f10x_hd.o(.text)
    DMA1_Channel6_IRQHandler                 0x08000163   Thumb Code     0  startup_stm32f10x_hd.o(.text)
    DMA1_Channel7_IRQHandler                 0x08000163   Thumb Code     0  startup_stm32f10x_hd.o(.text)
    DMA2_Channel1_IRQHandler                 0x08000163   Thumb Code     0  startup_stm32f10x_hd.o(.text)
    DMA2_Channel2_IRQHandler                 0x08000163   Thumb Code     0  startup_stm32f10x_hd.o(.text)
    DMA2_Channel3_IRQHandler                 0x08000163   Thumb Code     0  startup_stm32f10x_hd.o(.text)
    DMA2_Channel4_5_IRQHandler               0x08000163   Thumb Code     0  startup_stm32f10x_hd.o(.text)
    EXTI0_IRQHandler                         0x08000163   Thumb Code     0  startup_stm32f10x_hd.o(.text)
    EXTI15_10_IRQHandler                     0x08000163   Thumb Code     0  startup_stm32f10x_hd.o(.text)
    EXTI1_IRQHandler                         0x08000163   Thumb Code     0  startup_stm32f10x_hd.o(.text)
    EXTI2_IRQHandler                         0x08000163   Thumb Code     0  startup_stm32f10x_hd.o(.text)
    EXTI3_IRQHandler                         0x08000163   Thumb Code     0  startup_stm32f10x_hd.o(.text)
    EXTI4_IRQHandler                         0x08000163   Thumb Code     0  startup_stm32f10x_hd.o(.text)
    EXTI9_5_IRQHandler                       0x08000163   Thumb Code     0  startup_stm32f10x_hd.o(.text)
    FLASH_IRQHandler                         0x08000163   Thumb Code     0  startup_stm32f10x_hd.o(.text)
    FSMC_IRQHandler                          0x08000163   Thumb Code     0  startup_stm32f10x_hd.o(.text)
    I2C1_ER_IRQHandler                       0x08000163   Thumb Code     0  startup_stm32f10x_hd.o(.text)
    I2C1_EV_IRQHandler                       0x08000163   Thumb Code     0  startup_stm32f10x_hd.o(.text)
    I2C2_ER_IRQHandler                       0x08000163   Thumb Code     0  startup_stm32f10x_hd.o(.text)
    I2C2_EV_IRQHandler                       0x08000163   Thumb Code     0  startup_stm32f10x_hd.o(.text)
    PVD_IRQHandler                           0x08000163   Thumb Code     0  startup_stm32f10x_hd.o(.text)
    RCC_IRQHandler                           0x08000163   Thumb Code     0  startup_stm32f10x_hd.o(.text)
    RTCAlarm_IRQHandler                      0x08000163   Thumb Code     0  startup_stm32f10x_hd.o(.text)
    RTC_IRQHandler                           0x08000163   Thumb Code     0  startup_stm32f10x_hd.o(.text)
    SDIO_IRQHandler                          0x08000163   Thumb Code     0  startup_stm32f10x_hd.o(.text)
    SPI1_IRQHandler                          0x08000163   Thumb Code     0  startup_stm32f10x_hd.o(.text)
    SPI2_IRQHandler                          0x08000163   Thumb Code     0  startup_stm32f10x_hd.o(.text)
    SPI3_IRQHandler                          0x08000163   Thumb Code     0  startup_stm32f10x_hd.o(.text)
    TAMPER_IRQHandler                        0x08000163   Thumb Code     0  startup_stm32f10x_hd.o(.text)
    TIM1_BRK_IRQHandler                      0x08000163   Thumb Code     0  startup_stm32f10x_hd.o(.text)
    TIM1_CC_IRQHandler                       0x08000163   Thumb Code     0  startup_stm32f10x_hd.o(.text)
    TIM1_TRG_COM_IRQHandler                  0x08000163   Thumb Code     0  startup_stm32f10x_hd.o(.text)
    TIM1_UP_IRQHandler                       0x08000163   Thumb Code     0  startup_stm32f10x_hd.o(.text)
    TIM3_IRQHandler                          0x08000163   Thumb Code     0  startup_stm32f10x_hd.o(.text)
    TIM6_IRQHandler                          0x08000163   Thumb Code     0  startup_stm32f10x_hd.o(.text)
    TIM7_IRQHandler                          0x08000163   Thumb Code     0  startup_stm32f10x_hd.o(.text)
    TIM8_BRK_IRQHandler                      0x08000163   Thumb Code     0  startup_stm32f10x_hd.o(.text)
    TIM8_CC_IRQHandler                       0x08000163   Thumb Code     0  startup_stm32f10x_hd.o(.text)
    TIM8_TRG_COM_IRQHandler                  0x08000163   Thumb Code     0  startup_stm32f10x_hd.o(.text)
    TIM8_UP_IRQHandler                       0x08000163   Thumb Code     0  startup_stm32f10x_hd.o(.text)
    UART4_IRQHandler                         0x08000163   Thumb Code     0  startup_stm32f10x_hd.o(.text)
    UART5_IRQHandler                         0x08000163   Thumb Code     0  startup_stm32f10x_hd.o(.text)
    USART2_IRQHandler                        0x08000163   Thumb Code     0  startup_stm32f10x_hd.o(.text)
    USART3_IRQHandler                        0x08000163   Thumb Code     0  startup_stm32f10x_hd.o(.text)
    USBWakeUp_IRQHandler                     0x08000163   Thumb Code     0  startup_stm32f10x_hd.o(.text)
    USB_HP_CAN1_TX_IRQHandler                0x08000163   Thumb Code     0  startup_stm32f10x_hd.o(.text)
    WWDG_IRQHandler                          0x08000163   Thumb Code     0  startup_stm32f10x_hd.o(.text)
    __aeabi_uldivmod                         0x0800016d   Thumb Code    98  uldiv.o(.text)
    __scatterload                            0x080001d1   Thumb Code    28  init.o(.text)
    __scatterload_rt2                        0x080001d1   Thumb Code     0  init.o(.text)
    __aeabi_llsl                             0x080001f5   Thumb Code    30  llshl.o(.text)
    _ll_shift_l                              0x080001f5   Thumb Code     0  llshl.o(.text)
    __aeabi_llsr                             0x08000213   Thumb Code    32  llushr.o(.text)
    _ll_ushift_r                             0x08000213   Thumb Code     0  llushr.o(.text)
    __decompress                             0x08000233   Thumb Code     0  __dczerorl2.o(.text)
    __decompress1                            0x08000233   Thumb Code    86  __dczerorl2.o(.text)
    ADC1_Init                                0x080002b9   Thumb Code    12  adc_user.o(i.ADC1_Init)
    ADC_Cmd                                  0x080003c9   Thumb Code    22  stm32f10x_adc.o(i.ADC_Cmd)
    ADC_DMACmd                               0x080003df   Thumb Code    22  stm32f10x_adc.o(i.ADC_DMACmd)
    ADC_GetCalibrationStatus                 0x080003f5   Thumb Code    20  stm32f10x_adc.o(i.ADC_GetCalibrationStatus)
    ADC_GetResetCalibrationStatus            0x08000409   Thumb Code    20  stm32f10x_adc.o(i.ADC_GetResetCalibrationStatus)
    ADC_Init                                 0x0800041d   Thumb Code    70  stm32f10x_adc.o(i.ADC_Init)
    ADC_RegularChannelConfig                 0x0800046d   Thumb Code   184  stm32f10x_adc.o(i.ADC_RegularChannelConfig)
    ADC_ResetCalibration                     0x08000525   Thumb Code    10  stm32f10x_adc.o(i.ADC_ResetCalibration)
    ADC_SoftwareStartConvCmd                 0x0800052f   Thumb Code    22  stm32f10x_adc.o(i.ADC_SoftwareStartConvCmd)
    ADC_StartCalibration                     0x08000545   Thumb Code    10  stm32f10x_adc.o(i.ADC_StartCalibration)
    All_GPIO_Init                            0x0800054f   Thumb Code    12  gpio_user.o(i.All_GPIO_Init)
    BLE_Bind_MAC                             0x0800055d   Thumb Code    24  ble_user.o(i.BLE_Bind_MAC)
    BLE_COM_Serve                            0x0800057d   Thumb Code    14  ble_user.o(i.BLE_COM_Serve)
    BLE_Deal_Data                            0x08000595   Thumb Code    92  ble_user.o(i.BLE_Deal_Data)
    BLE_GPIO_Init                            0x0800060d   Thumb Code   112  gpio_user.o(i.BLE_GPIO_Init)
    BLE_MAC_Change                           0x08000691   Thumb Code    34  hid_serve.o(i.BLE_MAC_Change)
    BLE_Pick_Bind                            0x080006c1   Thumb Code    88  ble_user.o(i.BLE_Pick_Bind)
    BLE_Pick_MAC                             0x08000785   Thumb Code    38  ble_user.o(i.BLE_Pick_MAC)
    BLE_Statu_Check                          0x080007bd   Thumb Code    22  ble_user.o(i.BLE_Statu_Check)
    BusFault_Handler                         0x080007dd   Thumb Code     4  stm32f10x_it.o(i.BusFault_Handler)
    ByteSwap                                 0x080007e1   Thumb Code    12  usb_regs.o(i.ByteSwap)
    CTR_LP                                   0x080007ed   Thumb Code   774  usb_int.o(i.CTR_LP)
    ClearDTOG_RX                             0x08000b15   Thumb Code    46  usb_regs.o(i.ClearDTOG_RX)
    ClearDTOG_TX                             0x08000b49   Thumb Code    46  usb_regs.o(i.ClearDTOG_TX)
    Clear_Status_Out                         0x08000b7d   Thumb Code    28  usb_regs.o(i.Clear_Status_Out)
    CustomHID_Data_Setup                     0x08000b9d   Thumb Code   108  usb_prop.o(i.CustomHID_Data_Setup)
    CustomHID_GetConfigDescriptor            0x08000c19   Thumb Code    14  usb_user.o(i.CustomHID_GetConfigDescriptor)
    CustomHID_GetDeviceDescriptor            0x08000c2d   Thumb Code    14  usb_user.o(i.CustomHID_GetDeviceDescriptor)
    CustomHID_GetHIDDescriptor               0x08000c41   Thumb Code    14  usb_prop.o(i.CustomHID_GetHIDDescriptor)
    CustomHID_GetProtocolValue               0x08000c55   Thumb Code    20  usb_prop.o(i.CustomHID_GetProtocolValue)
    CustomHID_GetReportDescriptor            0x08000c71   Thumb Code    14  usb_user.o(i.CustomHID_GetReportDescriptor)
    CustomHID_GetStringDescriptor            0x08000c85   Thumb Code    32  usb_prop.o(i.CustomHID_GetStringDescriptor)
    CustomHID_Get_Interface_Setting          0x08000cad   Thumb Code    22  usb_prop.o(i.CustomHID_Get_Interface_Setting)
    CustomHID_NoData_Setup                   0x08000cc5   Thumb Code    54  usb_prop.o(i.CustomHID_NoData_Setup)
    CustomHID_Reset                          0x08000d01   Thumb Code   168  usb_prop.o(i.CustomHID_Reset)
    CustomHID_SetConfiguration               0x08000db9   Thumb Code    16  usb_prop.o(i.CustomHID_SetConfiguration)
    CustomHID_SetDeviceAddress               0x08000dd1   Thumb Code     8  usb_prop.o(i.CustomHID_SetDeviceAddress)
    CustomHID_SetProtocol                    0x08000ddd   Thumb Code    14  usb_prop.o(i.CustomHID_SetProtocol)
    CustomHID_Status_In                      0x08000df5   Thumb Code     2  usb_prop.o(i.CustomHID_Status_In)
    CustomHID_Status_Out                     0x08000df7   Thumb Code     2  usb_prop.o(i.CustomHID_Status_Out)
    CustomHID_init                           0x08000df9   Thumb Code    50  usb_prop.o(i.CustomHID_init)
    DMA1_Channel1_IRQHandler                 0x08000e3d   Thumb Code    40  adc_user.o(i.DMA1_Channel1_IRQHandler)
    DMA_ClearITPendingBit                    0x08000e71   Thumb Code    18  stm32f10x_dma.o(i.DMA_ClearITPendingBit)
    DMA_Cmd                                  0x08000e8d   Thumb Code    24  stm32f10x_dma.o(i.DMA_Cmd)
    DMA_DeInit                               0x08000ea5   Thumb Code   324  stm32f10x_dma.o(i.DMA_DeInit)
    DMA_GetITStatus                          0x08000ff1   Thumb Code    36  stm32f10x_dma.o(i.DMA_GetITStatus)
    DMA_ITConfig                             0x0800101d   Thumb Code    18  stm32f10x_dma.o(i.DMA_ITConfig)
    DMA_Init                                 0x0800102f   Thumb Code    60  stm32f10x_dma.o(i.DMA_Init)
    DebugMon_Handler                         0x08001481   Thumb Code     2  stm32f10x_it.o(i.DebugMon_Handler)
    Debug_Send_Array                         0x08001485   Thumb Code    44  usart.o(i.Debug_Send_Array)
    EP1_OUT_Callback                         0x080014b5   Thumb Code    30  usb_user.o(i.EP1_OUT_Callback)
    EP2_IN_Callback                          0x080014dd   Thumb Code     2  usb_user.o(i.EP2_IN_Callback)
    Enter_LowPowerMode                       0x080014e1   Thumb Code     8  usb_pwr.o(i.Enter_LowPowerMode)
    GPIO_Configuration                       0x080014ed   Thumb Code    54  usart.o(i.GPIO_Configuration)
    GPIO_Init                                0x08001529   Thumb Code   278  stm32f10x_gpio.o(i.GPIO_Init)
    GPIO_PinRemapConfig                      0x08001641   Thumb Code   138  stm32f10x_gpio.o(i.GPIO_PinRemapConfig)
    GPIO_ResetBits                           0x080016d1   Thumb Code     4  stm32f10x_gpio.o(i.GPIO_ResetBits)
    GPIO_SetBits                             0x080016d5   Thumb Code     4  stm32f10x_gpio.o(i.GPIO_SetBits)
    GetEPRxAddr                              0x080016d9   Thumb Code    24  usb_regs.o(i.GetEPRxAddr)
    GetEPTxAddr                              0x080016f9   Thumb Code    22  usb_regs.o(i.GetEPTxAddr)
    Get_SerialNum                            0x08001719   Thumb Code    62  usb_prop.o(i.Get_SerialNum)
    HID_Data_Serve                           0x08001761   Thumb Code    80  hid_serve.o(i.HID_Data_Serve)
    HardFault_Handler                        0x080017b9   Thumb Code     4  stm32f10x_it.o(i.HardFault_Handler)
    In0_Process                              0x080017bd   Thumb Code    98  usb_core.o(i.In0_Process)
    Leave_LowPowerMode                       0x0800182d   Thumb Code    22  usb_pwr.o(i.Leave_LowPowerMode)
    MemManage_Handler                        0x0800184d   Thumb Code     4  stm32f10x_it.o(i.MemManage_Handler)
    Mem_Copy                                 0x08001851   Thumb Code    24  my_sys.o(i.Mem_Copy)
    NMI_Handler                              0x08001869   Thumb Code     2  stm32f10x_it.o(i.NMI_Handler)
    NOP_Process                              0x0800186b   Thumb Code     2  usb_core.o(i.NOP_Process)
    NVIC_Init                                0x0800186d   Thumb Code   100  misc.o(i.NVIC_Init)
    NVIC_SetVectorTable                      0x080018dd   Thumb Code    12  misc.o(i.NVIC_SetVectorTable)
    Out0_Process                             0x08001a35   Thumb Code    70  usb_core.o(i.Out0_Process)
    PMAToUserBufferCopy                      0x08001a85   Thumb Code    34  usb_mem.o(i.PMAToUserBufferCopy)
    PendSV_Handler                           0x08001aad   Thumb Code     2  stm32f10x_it.o(i.PendSV_Handler)
    Post0_Process                            0x08001ab1   Thumb Code    54  usb_core.o(i.Post0_Process)
    PowerOn                                  0x08001af9   Thumb Code    54  usb_pwr.o(i.PowerOn)
    Pressure_TEST                            0x08001b39   Thumb Code    60  pressure_test.o(i.Pressure_TEST)
    RCC_ADCCLKConfig                         0x08001b85   Thumb Code    18  stm32f10x_rcc.o(i.RCC_ADCCLKConfig)
    RCC_AHBPeriphClockCmd                    0x08001b9d   Thumb Code    26  stm32f10x_rcc.o(i.RCC_AHBPeriphClockCmd)
    RCC_APB1PeriphClockCmd                   0x08001bbd   Thumb Code    26  stm32f10x_rcc.o(i.RCC_APB1PeriphClockCmd)
    RCC_APB2PeriphClockCmd                   0x08001bdd   Thumb Code    26  stm32f10x_rcc.o(i.RCC_APB2PeriphClockCmd)
    RCC_GetClocksFreq                        0x08001bfd   Thumb Code   192  stm32f10x_rcc.o(i.RCC_GetClocksFreq)
    RCC_USBCLKConfig                         0x08001cd1   Thumb Code     6  stm32f10x_rcc.o(i.RCC_USBCLKConfig)
    RES_TEST                                 0x08001cdd   Thumb Code    76  res_test.o(i.RES_TEST)
    Report_BLE_MAC                           0x08001d39   Thumb Code    20  hid_serve.o(i.Report_BLE_MAC)
    Resume                                   0x08001d55   Thumb Code   168  usb_pwr.o(i.Resume)
    Resume_Init                              0x08001e05   Thumb Code    30  usb_pwr.o(i.Resume_Init)
    SVC_Handler                              0x08001e29   Thumb Code     2  stm32f10x_it.o(i.SVC_Handler)
    SetBTABLE                                0x08001e2d   Thumb Code    12  usb_regs.o(i.SetBTABLE)
    SetDeviceAddress                         0x08001e3d   Thumb Code    62  usb_core.o(i.SetDeviceAddress)
    SetEPRXCount                             0x08001e89   Thumb Code    12  usb_user.o(i.SetEPRXCount)
    SetEPRxAddr                              0x08001e95   Thumb Code    26  usb_regs.o(i.SetEPRxAddr)
    SetEPRxCount                             0x08001eb9   Thumb Code    68  usb_regs.o(i.SetEPRxCount)
    SetEPRxStatus                            0x08001f05   Thumb Code    52  usb_regs.o(i.SetEPRxStatus)
    SetEPRxValid                             0x08001f3d   Thumb Code    38  usb_regs.o(i.SetEPRxValid)
    SetEPTXCount                             0x08001f69   Thumb Code    12  usb_user.o(i.SetEPTXCount)
    SetEPTxAddr                              0x08001f75   Thumb Code    24  usb_regs.o(i.SetEPTxAddr)
    SetEPTxCount                             0x08001f95   Thumb Code    20  usb_regs.o(i.SetEPTxCount)
    SetEPTxStatus                            0x08001fb1   Thumb Code    52  usb_regs.o(i.SetEPTxStatus)
    SetEPTxValid                             0x08001fe9   Thumb Code    38  usb_regs.o(i.SetEPTxValid)
    SetEPType                                0x08002015   Thumb Code    32  usb_regs.o(i.SetEPType)
    Set_NVIC_Adress                          0x08002121   Thumb Code    14  my_sys.o(i.Set_NVIC_Adress)
    Set_USBClock                             0x0800212f   Thumb Code    18  usb_user.o(i.Set_USBClock)
    Setup0_Process                           0x08002141   Thumb Code   162  usb_core.o(i.Setup0_Process)
    Standard_ClearFeature                    0x080021f1   Thumb Code   326  usb_core.o(i.Standard_ClearFeature)
    Standard_GetConfiguration                0x0800234d   Thumb Code    34  usb_core.o(i.Standard_GetConfiguration)
    Standard_GetDescriptorData               0x08002379   Thumb Code    32  usb_core.o(i.Standard_GetDescriptorData)
    Standard_GetInterface                    0x0800239d   Thumb Code    34  usb_core.o(i.Standard_GetInterface)
    Standard_GetStatus                       0x080023c9   Thumb Code   224  usb_core.o(i.Standard_GetStatus)
    Standard_SetConfiguration                0x080024b9   Thumb Code    60  usb_core.o(i.Standard_SetConfiguration)
    Standard_SetDeviceFeature                0x08002501   Thumb Code    30  usb_core.o(i.Standard_SetDeviceFeature)
    Standard_SetEndPointFeature              0x08002529   Thumb Code   176  usb_core.o(i.Standard_SetEndPointFeature)
    Standard_SetInterface                    0x080025e9   Thumb Code    96  usb_core.o(i.Standard_SetInterface)
    Suspend                                  0x08002655   Thumb Code    34  usb_pwr.o(i.Suspend)
    SysTick_Handler                          0x0800267d   Thumb Code    16  main.o(i.SysTick_Handler)
    SystemInit                               0x0800268d   Thumb Code    78  system_stm32f10x.o(i.SystemInit)
    TIM2_IRQHandler                          0x080026ed   Thumb Code     2  stm32f10x_it.o(i.TIM2_IRQHandler)
    TIM4_IRQHandler                          0x080026ef   Thumb Code     2  stm32f10x_it.o(i.TIM4_IRQHandler)
    TIM5_IRQHandler                          0x080026f1   Thumb Code     2  stm32f10x_it.o(i.TIM5_IRQHandler)
    Test_GPIO_Init                           0x080026f5   Thumb Code    92  gpio_user.o(i.Test_GPIO_Init)
    UART1_GPIO_Configuration                 0x08002765   Thumb Code    54  usart.o(i.UART1_GPIO_Configuration)
    USART1_Configuration                     0x080027a1   Thumb Code   104  usart.o(i.USART1_Configuration)
    USART1_IRQHandler                        0x0800280d   Thumb Code    88  usart.o(i.USART1_IRQHandler)
    USART_ClearITPendingBit                  0x08002875   Thumb Code    30  stm32f10x_usart.o(i.USART_ClearITPendingBit)
    USART_Cmd                                0x08002893   Thumb Code    24  stm32f10x_usart.o(i.USART_Cmd)
    USART_Configuration                      0x080028ad   Thumb Code    90  usart.o(i.USART_Configuration)
    USART_GetFlagStatus                      0x0800290d   Thumb Code    26  stm32f10x_usart.o(i.USART_GetFlagStatus)
    USART_GetITStatus                        0x08002927   Thumb Code    84  stm32f10x_usart.o(i.USART_GetITStatus)
    USART_ITConfig                           0x0800297b   Thumb Code    74  stm32f10x_usart.o(i.USART_ITConfig)
    USART_Init                               0x080029c5   Thumb Code   210  stm32f10x_usart.o(i.USART_Init)
    USART_ReceiveData                        0x08002a9d   Thumb Code    10  stm32f10x_usart.o(i.USART_ReceiveData)
    USART_SendData                           0x08002aa7   Thumb Code     8  stm32f10x_usart.o(i.USART_SendData)
    USB_Cable_Config                         0x08002ab1   Thumb Code    30  usb_pwr.o(i.USB_Cable_Config)
    USB_Init                                 0x08002ad5   Thumb Code    36  usb_init.o(i.USB_Init)
    USB_Interrupts_Config                    0x08002b11   Thumb Code    34  usb_user.o(i.USB_Interrupts_Config)
    USB_Istr                                 0x08002b35   Thumb Code   222  usb_istr.o(i.USB_Istr)
    USB_LP_CAN1_RX0_IRQHandler               0x08002c2d   Thumb Code     8  stm32f10x_it.o(i.USB_LP_CAN1_RX0_IRQHandler)
    USB_Reset                                0x08002c35   Thumb Code    50  usb_user.o(i.USB_Reset)
    USB_SendData                             0x08002c6d   Thumb Code    24  usb_user.o(i.USB_SendData)
    UsageFault_Handler                       0x08002c85   Thumb Code     4  stm32f10x_it.o(i.UsageFault_Handler)
    Usart1_Send_Array                        0x08002c89   Thumb Code    44  usart.o(i.Usart1_Send_Array)
    Usb_Init                                 0x08002cb9   Thumb Code    20  usb_user.o(i.Usb_Init)
    UserToPMABufferCopy                      0x08002ccd   Thumb Code    52  usb_mem.o(i.UserToPMABufferCopy)
    __0printf$8                              0x08002d05   Thumb Code    22  printf8.o(i.__0printf$8)
    __1printf$8                              0x08002d05   Thumb Code     0  printf8.o(i.__0printf$8)
    __2printf                                0x08002d05   Thumb Code     0  printf8.o(i.__0printf$8)
    __0sprintf$8                             0x08002d25   Thumb Code    34  printf8.o(i.__0sprintf$8)
    __1sprintf$8                             0x08002d25   Thumb Code     0  printf8.o(i.__0sprintf$8)
    __2sprintf                               0x08002d25   Thumb Code     0  printf8.o(i.__0sprintf$8)
    __scatterload_copy                       0x08002d4d   Thumb Code    14  handlers.o(i.__scatterload_copy)
    __scatterload_null                       0x08002d5b   Thumb Code     2  handlers.o(i.__scatterload_null)
    __scatterload_zeroinit                   0x08002d5d   Thumb Code    14  handlers.o(i.__scatterload_zeroinit)
    array_find                               0x080031cd   Thumb Code    74  my_sys.o(i.array_find)
    delay_1ms                                0x08003217   Thumb Code    18  my_sys.o(i.delay_1ms)
    delay_ms                                 0x08003229   Thumb Code    22  my_sys.o(i.delay_ms)
    fputc                                    0x08003241   Thumb Code    32  usart.o(i.fputc)
    main                                     0x08003265   Thumb Code   148  main.o(i.main)
    usart1_init                              0x0800330d   Thumb Code    40  usart.o(i.usart1_init)
    usart_init                               0x08003335   Thumb Code    40  usart.o(i.usart_init)
    CustomHID_DeviceDescriptor               0x0800335c   Data          18  usb_user.o(.constdata)
    CustomHID_ReportDescriptor               0x0800336e   Data          33  usb_user.o(.constdata)
    CustomHID_ConfigDescriptor               0x0800338f   Data          41  usb_user.o(.constdata)
    CustomHID_StringLangID                   0x080033b8   Data           4  usb_user.o(.constdata)
    CustomHID_StringVendor                   0x080033bc   Data          16  usb_user.o(.constdata)
    CustomHID_StringProduct                  0x080033cc   Data          24  usb_user.o(.constdata)
    Region$$Table$$Base                      0x080033e4   Number         0  anon$$obj.o(Region$$Table)
    Region$$Table$$Limit                     0x08003404   Number         0  anon$$obj.o(Region$$Table)
    USB_ReceiveFlg                           0x20000000   Data           1  usb_user.o(.data)
    CustomHID_StringSerial                   0x20000001   Data          26  usb_user.o(.data)
    Device_Descriptor                        0x2000001c   Data           8  usb_user.o(.data)
    Config_Descriptor                        0x20000024   Data           8  usb_user.o(.data)
    CustomHID_Report_Descriptor              0x2000002c   Data           8  usb_user.o(.data)
    BLE_LinkFlag                             0x20000034   Data           1  ble_user.o(.data)
    BLE_ReceiveCount                         0x20000035   Data           1  ble_user.o(.data)
    BLE_ReceiveFlag                          0x20000036   Data           1  ble_user.o(.data)
    BLE_COM_GetMAC                           0x20000037   Data           9  ble_user.o(.data)
    BLE_COM_Bind                             0x20000040   Data          20  ble_user.o(.data)
    BLE_PACK_HEAD                            0x20000054   Data           2  ble_user.o(.data)
    RES_Test_Flag                            0x20000058   Data           1  res_test.o(.data)
    RES_Data                                 0x2000005c   Data           4  res_test.o(.data)
    RES_Test_Buff                            0x20000060   Data          11  res_test.o(.data)
    RES_TEST_COUNT                           0x2000006c   Data           4  res_test.o(.data)
    Pressure_Test_Flag                       0x20000070   Data           1  pressure_test.o(.data)
    Pressure_Data                            0x20000072   Data           2  pressure_test.o(.data)
    Pressure_Test_Buff                       0x20000074   Data          11  pressure_test.o(.data)
    Pressure_TEST_COUNT                      0x20000080   Data           4  pressure_test.o(.data)
    ADC_ConvertedValue                       0x20000084   Data           2  adc_user.o(.data)
    ADC1_Data                                0x20000086   Data           2  adc_user.o(.data)
    ADC1_Change_Count                        0x20000088   Data           1  adc_user.o(.data)
    ADC1_Change_Flag                         0x20000089   Data           1  adc_user.o(.data)
    SystemCoreClock                          0x200000a0   Data           4  system_stm32f10x.o(.data)
    AHBPrescTable                            0x200000a4   Data          16  system_stm32f10x.o(.data)
    wIstr                                    0x200000b4   Data           2  usb_istr.o(.data)
    bIntPackSOF                              0x200000b6   Data           1  usb_istr.o(.data)
    pEpInt_IN                                0x200000b8   Data          28  usb_istr.o(.data)
    pEpInt_OUT                               0x200000d4   Data          28  usb_istr.o(.data)
    ProtocolValue                            0x200000f0   Data           4  usb_prop.o(.data)
    Device_Table                             0x200000f4   Data           2  usb_prop.o(.data)
    Device_Property                          0x200000f8   Data          48  usb_prop.o(.data)
    User_Standard_Requests                   0x20000128   Data          36  usb_prop.o(.data)
    CustomHID_Hid_Descriptor                 0x2000014c   Data           8  usb_prop.o(.data)
    String_Descriptor                        0x20000154   Data          32  usb_prop.o(.data)
    bDeviceState                             0x20000174   Data           4  usb_pwr.o(.data)
    fSuspendEnabled                          0x20000178   Data           1  usb_pwr.o(.data)
    ResumeS                                  0x20000179   Data           2  usb_pwr.o(.data)
    StatusInfo                               0x2000017c   Data           2  usb_core.o(.data)
    Data_Mul_MaxPacketSize                   0x2000017e   Data           1  usb_core.o(.data)
    EPindex                                  0x20000180   Data           1  usb_init.o(.data)
    pInformation                             0x20000184   Data           4  usb_init.o(.data)
    pProperty                                0x20000188   Data           4  usb_init.o(.data)
    SaveState                                0x2000018c   Data           2  usb_init.o(.data)
    wInterrupt_Mask                          0x2000018e   Data           2  usb_init.o(.data)
    pUser_Standard_Requests                  0x20000190   Data           4  usb_init.o(.data)
    SaveRState                               0x20000194   Data           2  usb_int.o(.data)
    SaveTState                               0x20000196   Data           2  usb_int.o(.data)
    __stdout                                 0x20000198   Data           4  stdout.o(.data)
    Receive_Buffer                           0x2000019c   Data          64  usb_user.o(.bss)
    Translate_Buffer                         0x200001dc   Data          64  usb_user.o(.bss)
    BLE_ReceiveBuff                          0x2000021c   Data          64  ble_user.o(.bss)
    BLE_SendBuff                             0x2000025c   Data          64  ble_user.o(.bss)
    BLE_MAC                                  0x2000029c   Data          22  ble_user.o(.bss)
    BLE_MAC_S                                0x200002b2   Data          12  ble_user.o(.bss)
    ADC1_DataBuff                            0x200002be   Data          64  adc_user.o(.bss)
    Device_Info                              0x20000300   Data          28  usb_init.o(.bss)
    __initial_sp                             0x20000720   Data           0  startup_stm32f10x_hd.o(STACK)



==============================================================================

Memory Map of the image

  Image Entry point : 0x08000131

  Load Region LR_IROM1 (Base: 0x08000000, Size: 0x000035a0, Max: 0x00010000, ABSOLUTE, COMPRESSED[0x000034c4])

    Execution Region ER_IROM1 (Exec base: 0x08000000, Load base: 0x08000000, Size: 0x00003404, Max: 0x00010000, ABSOLUTE)

    Exec Addr    Load Addr    Size         Type   Attr      Idx    E Section Name        Object

    0x08000000   0x08000000   0x00000130   Data   RO         3201    RESET               startup_stm32f10x_hd.o
    0x08000130   0x08000130   0x00000000   Code   RO         4008  * .ARM.Collect$$$$00000000  mc_w.l(entry.o)
    0x08000130   0x08000130   0x00000004   Code   RO         4272    .ARM.Collect$$$$00000001  mc_w.l(entry2.o)
    0x08000134   0x08000134   0x00000004   Code   RO         4275    .ARM.Collect$$$$00000004  mc_w.l(entry5.o)
    0x08000138   0x08000138   0x00000000   Code   RO         4277    .ARM.Collect$$$$00000008  mc_w.l(entry7b.o)
    0x08000138   0x08000138   0x00000000   Code   RO         4279    .ARM.Collect$$$$0000000A  mc_w.l(entry8b.o)
    0x08000138   0x08000138   0x00000008   Code   RO         4280    .ARM.Collect$$$$0000000B  mc_w.l(entry9a.o)
    0x08000140   0x08000140   0x00000004   Code   RO         4287    .ARM.Collect$$$$0000000E  mc_w.l(entry12b.o)
    0x08000144   0x08000144   0x00000000   Code   RO         4282    .ARM.Collect$$$$0000000F  mc_w.l(entry10a.o)
    0x08000144   0x08000144   0x00000000   Code   RO         4284    .ARM.Collect$$$$00000011  mc_w.l(entry11a.o)
    0x08000144   0x08000144   0x00000004   Code   RO         4273    .ARM.Collect$$$$00002712  mc_w.l(entry2.o)
    0x08000148   0x08000148   0x00000024   Code   RO         3202    .text               startup_stm32f10x_hd.o
    0x0800016c   0x0800016c   0x00000062   Code   RO         4291    .text               mc_w.l(uldiv.o)
    0x080001ce   0x080001ce   0x00000002   PAD
    0x080001d0   0x080001d0   0x00000024   Code   RO         4304    .text               mc_w.l(init.o)
    0x080001f4   0x080001f4   0x0000001e   Code   RO         4306    .text               mc_w.l(llshl.o)
    0x08000212   0x08000212   0x00000020   Code   RO         4308    .text               mc_w.l(llushr.o)
    0x08000232   0x08000232   0x00000056   Code   RO         4322    .text               mc_w.l(__dczerorl2.o)
    0x08000288   0x08000288   0x00000030   Code   RO          629    i.ADC1_GPIO_Config  adc_user.o
    0x080002b8   0x080002b8   0x0000000c   Code   RO          630    i.ADC1_Init         adc_user.o
    0x080002c4   0x080002c4   0x00000104   Code   RO          631    i.ADC1_Mode_Config  adc_user.o
    0x080003c8   0x080003c8   0x00000016   Code   RO         2938    i.ADC_Cmd           stm32f10x_adc.o
    0x080003de   0x080003de   0x00000016   Code   RO         2939    i.ADC_DMACmd        stm32f10x_adc.o
    0x080003f4   0x080003f4   0x00000014   Code   RO         2946    i.ADC_GetCalibrationStatus  stm32f10x_adc.o
    0x08000408   0x08000408   0x00000014   Code   RO         2952    i.ADC_GetResetCalibrationStatus  stm32f10x_adc.o
    0x0800041c   0x0800041c   0x00000050   Code   RO         2956    i.ADC_Init          stm32f10x_adc.o
    0x0800046c   0x0800046c   0x000000b8   Code   RO         2960    i.ADC_RegularChannelConfig  stm32f10x_adc.o
    0x08000524   0x08000524   0x0000000a   Code   RO         2961    i.ADC_ResetCalibration  stm32f10x_adc.o
    0x0800052e   0x0800052e   0x00000016   Code   RO         2963    i.ADC_SoftwareStartConvCmd  stm32f10x_adc.o
    0x08000544   0x08000544   0x0000000a   Code   RO         2965    i.ADC_StartCalibration  stm32f10x_adc.o
    0x0800054e   0x0800054e   0x0000000c   Code   RO          477    i.All_GPIO_Init     gpio_user.o
    0x0800055a   0x0800055a   0x00000002   PAD
    0x0800055c   0x0800055c   0x00000020   Code   RO          501    i.BLE_Bind_MAC      ble_user.o
    0x0800057c   0x0800057c   0x00000018   Code   RO          502    i.BLE_COM_Serve     ble_user.o
    0x08000594   0x08000594   0x00000078   Code   RO          503    i.BLE_Deal_Data     ble_user.o
    0x0800060c   0x0800060c   0x00000084   Code   RO          478    i.BLE_GPIO_Init     gpio_user.o
    0x08000690   0x08000690   0x00000030   Code   RO          559    i.BLE_MAC_Change    hid_serve.o
    0x080006c0   0x080006c0   0x000000c4   Code   RO          505    i.BLE_Pick_Bind     ble_user.o
    0x08000784   0x08000784   0x00000038   Code   RO          506    i.BLE_Pick_MAC      ble_user.o
    0x080007bc   0x080007bc   0x00000020   Code   RO          507    i.BLE_Statu_Check   ble_user.o
    0x080007dc   0x080007dc   0x00000004   Code   RO          208    i.BusFault_Handler  stm32f10x_it.o
    0x080007e0   0x080007e0   0x0000000c   Code   RO         3648    i.ByteSwap          usb_regs.o
    0x080007ec   0x080007ec   0x00000328   Code   RO         3601    i.CTR_LP            usb_int.o
    0x08000b14   0x08000b14   0x00000034   Code   RO         3649    i.ClearDTOG_RX      usb_regs.o
    0x08000b48   0x08000b48   0x00000034   Code   RO         3650    i.ClearDTOG_TX      usb_regs.o
    0x08000b7c   0x08000b7c   0x00000020   Code   RO         3655    i.Clear_Status_Out  usb_regs.o
    0x08000b9c   0x08000b9c   0x0000007c   Code   RO         3286    i.CustomHID_Data_Setup  usb_prop.o
    0x08000c18   0x08000c18   0x00000014   Code   RO          359    i.CustomHID_GetConfigDescriptor  usb_user.o
    0x08000c2c   0x08000c2c   0x00000014   Code   RO          360    i.CustomHID_GetDeviceDescriptor  usb_user.o
    0x08000c40   0x08000c40   0x00000014   Code   RO         3287    i.CustomHID_GetHIDDescriptor  usb_prop.o
    0x08000c54   0x08000c54   0x0000001c   Code   RO         3288    i.CustomHID_GetProtocolValue  usb_prop.o
    0x08000c70   0x08000c70   0x00000014   Code   RO          361    i.CustomHID_GetReportDescriptor  usb_user.o
    0x08000c84   0x08000c84   0x00000028   Code   RO         3289    i.CustomHID_GetStringDescriptor  usb_prop.o
    0x08000cac   0x08000cac   0x00000016   Code   RO         3290    i.CustomHID_Get_Interface_Setting  usb_prop.o
    0x08000cc2   0x08000cc2   0x00000002   PAD
    0x08000cc4   0x08000cc4   0x0000003c   Code   RO         3291    i.CustomHID_NoData_Setup  usb_prop.o
    0x08000d00   0x08000d00   0x000000b8   Code   RO         3292    i.CustomHID_Reset   usb_prop.o
    0x08000db8   0x08000db8   0x00000018   Code   RO         3293    i.CustomHID_SetConfiguration  usb_prop.o
    0x08000dd0   0x08000dd0   0x0000000c   Code   RO         3294    i.CustomHID_SetDeviceAddress  usb_prop.o
    0x08000ddc   0x08000ddc   0x00000018   Code   RO         3295    i.CustomHID_SetProtocol  usb_prop.o
    0x08000df4   0x08000df4   0x00000002   Code   RO         3296    i.CustomHID_Status_In  usb_prop.o
    0x08000df6   0x08000df6   0x00000002   Code   RO         3297    i.CustomHID_Status_Out  usb_prop.o
    0x08000df8   0x08000df8   0x00000044   Code   RO         3298    i.CustomHID_init    usb_prop.o
    0x08000e3c   0x08000e3c   0x00000034   Code   RO          632    i.DMA1_Channel1_IRQHandler  adc_user.o
    0x08000e70   0x08000e70   0x0000001c   Code   RO          952    i.DMA_ClearITPendingBit  stm32f10x_dma.o
    0x08000e8c   0x08000e8c   0x00000018   Code   RO          953    i.DMA_Cmd           stm32f10x_dma.o
    0x08000ea4   0x08000ea4   0x0000014c   Code   RO          954    i.DMA_DeInit        stm32f10x_dma.o
    0x08000ff0   0x08000ff0   0x0000002c   Code   RO          957    i.DMA_GetITStatus   stm32f10x_dma.o
    0x0800101c   0x0800101c   0x00000012   Code   RO          958    i.DMA_ITConfig      stm32f10x_dma.o
    0x0800102e   0x0800102e   0x0000003c   Code   RO          959    i.DMA_Init          stm32f10x_dma.o
    0x0800106a   0x0800106a   0x00000002   PAD
    0x0800106c   0x0800106c   0x000000c0   Code   RO         3454    i.DataStageIn       usb_core.o
    0x0800112c   0x0800112c   0x000000bc   Code   RO         3455    i.DataStageOut      usb_core.o
    0x080011e8   0x080011e8   0x00000298   Code   RO         3456    i.Data_Setup0       usb_core.o
    0x08001480   0x08001480   0x00000002   Code   RO          209    i.DebugMon_Handler  stm32f10x_it.o
    0x08001482   0x08001482   0x00000002   PAD
    0x08001484   0x08001484   0x00000030   Code   RO          292    i.Debug_Send_Array  usart.o
    0x080014b4   0x080014b4   0x00000028   Code   RO          362    i.EP1_OUT_Callback  usb_user.o
    0x080014dc   0x080014dc   0x00000002   Code   RO          363    i.EP2_IN_Callback   usb_user.o
    0x080014de   0x080014de   0x00000002   PAD
    0x080014e0   0x080014e0   0x0000000c   Code   RO         3394    i.Enter_LowPowerMode  usb_pwr.o
    0x080014ec   0x080014ec   0x0000003c   Code   RO          293    i.GPIO_Configuration  usart.o
    0x08001528   0x08001528   0x00000116   Code   RO         1383    i.GPIO_Init         stm32f10x_gpio.o
    0x0800163e   0x0800163e   0x00000002   PAD
    0x08001640   0x08001640   0x00000090   Code   RO         1385    i.GPIO_PinRemapConfig  stm32f10x_gpio.o
    0x080016d0   0x080016d0   0x00000004   Code   RO         1390    i.GPIO_ResetBits    stm32f10x_gpio.o
    0x080016d4   0x080016d4   0x00000004   Code   RO         1391    i.GPIO_SetBits      stm32f10x_gpio.o
    0x080016d8   0x080016d8   0x00000020   Code   RO         3667    i.GetEPRxAddr       usb_regs.o
    0x080016f8   0x080016f8   0x00000020   Code   RO         3670    i.GetEPTxAddr       usb_regs.o
    0x08001718   0x08001718   0x00000048   Code   RO         3299    i.Get_SerialNum     usb_prop.o
    0x08001760   0x08001760   0x00000058   Code   RO          560    i.HID_Data_Serve    hid_serve.o
    0x080017b8   0x080017b8   0x00000004   Code   RO          210    i.HardFault_Handler  stm32f10x_it.o
    0x080017bc   0x080017bc   0x00000070   Code   RO         3457    i.In0_Process       usb_core.o
    0x0800182c   0x0800182c   0x00000020   Code   RO         3395    i.Leave_LowPowerMode  usb_pwr.o
    0x0800184c   0x0800184c   0x00000004   Code   RO          211    i.MemManage_Handler  stm32f10x_it.o
    0x08001850   0x08001850   0x00000018   Code   RO          156    i.Mem_Copy          my_sys.o
    0x08001868   0x08001868   0x00000002   Code   RO          212    i.NMI_Handler       stm32f10x_it.o
    0x0800186a   0x0800186a   0x00000002   Code   RO         3458    i.NOP_Process       usb_core.o
    0x0800186c   0x0800186c   0x00000070   Code   RO          672    i.NVIC_Init         misc.o
    0x080018dc   0x080018dc   0x00000014   Code   RO          674    i.NVIC_SetVectorTable  misc.o
    0x080018f0   0x080018f0   0x00000144   Code   RO         3459    i.NoData_Setup0     usb_core.o
    0x08001a34   0x08001a34   0x00000050   Code   RO         3460    i.Out0_Process      usb_core.o
    0x08001a84   0x08001a84   0x00000028   Code   RO         3630    i.PMAToUserBufferCopy  usb_mem.o
    0x08001aac   0x08001aac   0x00000002   Code   RO          213    i.PendSV_Handler    stm32f10x_it.o
    0x08001aae   0x08001aae   0x00000002   PAD
    0x08001ab0   0x08001ab0   0x00000048   Code   RO         3461    i.Post0_Process     usb_core.o
    0x08001af8   0x08001af8   0x00000040   Code   RO         3397    i.PowerOn           usb_pwr.o
    0x08001b38   0x08001b38   0x0000004c   Code   RO          606    i.Pressure_TEST     pressure_test.o
    0x08001b84   0x08001b84   0x00000018   Code   RO         1596    i.RCC_ADCCLKConfig  stm32f10x_rcc.o
    0x08001b9c   0x08001b9c   0x00000020   Code   RO         1597    i.RCC_AHBPeriphClockCmd  stm32f10x_rcc.o
    0x08001bbc   0x08001bbc   0x00000020   Code   RO         1598    i.RCC_APB1PeriphClockCmd  stm32f10x_rcc.o
    0x08001bdc   0x08001bdc   0x00000020   Code   RO         1600    i.RCC_APB2PeriphClockCmd  stm32f10x_rcc.o
    0x08001bfc   0x08001bfc   0x000000d4   Code   RO         1608    i.RCC_GetClocksFreq  stm32f10x_rcc.o
    0x08001cd0   0x08001cd0   0x0000000c   Code   RO         1626    i.RCC_USBCLKConfig  stm32f10x_rcc.o
    0x08001cdc   0x08001cdc   0x0000005c   Code   RO          584    i.RES_TEST          res_test.o
    0x08001d38   0x08001d38   0x0000001c   Code   RO          561    i.Report_BLE_MAC    hid_serve.o
    0x08001d54   0x08001d54   0x000000b0   Code   RO         3398    i.Resume            usb_pwr.o
    0x08001e04   0x08001e04   0x00000024   Code   RO         3399    i.Resume_Init       usb_pwr.o
    0x08001e28   0x08001e28   0x00000002   Code   RO          214    i.SVC_Handler       stm32f10x_it.o
    0x08001e2a   0x08001e2a   0x00000002   PAD
    0x08001e2c   0x08001e2c   0x00000010   Code   RO         3678    i.SetBTABLE         usb_regs.o
    0x08001e3c   0x08001e3c   0x0000004c   Code   RO         3462    i.SetDeviceAddress  usb_core.o
    0x08001e88   0x08001e88   0x0000000c   Code   RO          364    i.SetEPRXCount      usb_user.o
    0x08001e94   0x08001e94   0x00000024   Code   RO         3692    i.SetEPRxAddr       usb_regs.o
    0x08001eb8   0x08001eb8   0x0000004c   Code   RO         3693    i.SetEPRxCount      usb_regs.o
    0x08001f04   0x08001f04   0x00000038   Code   RO         3694    i.SetEPRxStatus     usb_regs.o
    0x08001f3c   0x08001f3c   0x0000002c   Code   RO         3695    i.SetEPRxValid      usb_regs.o
    0x08001f68   0x08001f68   0x0000000c   Code   RO          365    i.SetEPTXCount      usb_user.o
    0x08001f74   0x08001f74   0x00000020   Code   RO         3696    i.SetEPTxAddr       usb_regs.o
    0x08001f94   0x08001f94   0x0000001c   Code   RO         3697    i.SetEPTxCount      usb_regs.o
    0x08001fb0   0x08001fb0   0x00000038   Code   RO         3698    i.SetEPTxStatus     usb_regs.o
    0x08001fe8   0x08001fe8   0x0000002c   Code   RO         3699    i.SetEPTxValid      usb_regs.o
    0x08002014   0x08002014   0x00000024   Code   RO         3700    i.SetEPType         usb_regs.o
    0x08002038   0x08002038   0x00000008   Code   RO         3165    i.SetSysClock       system_stm32f10x.o
    0x08002040   0x08002040   0x000000e0   Code   RO         3166    i.SetSysClockTo72   system_stm32f10x.o
    0x08002120   0x08002120   0x0000000e   Code   RO          157    i.Set_NVIC_Adress   my_sys.o
    0x0800212e   0x0800212e   0x00000012   Code   RO          366    i.Set_USBClock      usb_user.o
    0x08002140   0x08002140   0x000000b0   Code   RO         3463    i.Setup0_Process    usb_core.o
    0x080021f0   0x080021f0   0x0000015c   Code   RO         3464    i.Standard_ClearFeature  usb_core.o
    0x0800234c   0x0800234c   0x0000002c   Code   RO         3465    i.Standard_GetConfiguration  usb_core.o
    0x08002378   0x08002378   0x00000024   Code   RO         3466    i.Standard_GetDescriptorData  usb_core.o
    0x0800239c   0x0800239c   0x0000002c   Code   RO         3467    i.Standard_GetInterface  usb_core.o
    0x080023c8   0x080023c8   0x000000f0   Code   RO         3468    i.Standard_GetStatus  usb_core.o
    0x080024b8   0x080024b8   0x00000048   Code   RO         3469    i.Standard_SetConfiguration  usb_core.o
    0x08002500   0x08002500   0x00000028   Code   RO         3470    i.Standard_SetDeviceFeature  usb_core.o
    0x08002528   0x08002528   0x000000c0   Code   RO         3471    i.Standard_SetEndPointFeature  usb_core.o
    0x080025e8   0x080025e8   0x0000006c   Code   RO         3472    i.Standard_SetInterface  usb_core.o
    0x08002654   0x08002654   0x00000028   Code   RO         3400    i.Suspend           usb_pwr.o
    0x0800267c   0x0800267c   0x00000010   Code   RO            1    i.SysTick_Handler   main.o
    0x0800268c   0x0800268c   0x00000060   Code   RO         3168    i.SystemInit        system_stm32f10x.o
    0x080026ec   0x080026ec   0x00000002   Code   RO          215    i.TIM2_IRQHandler   stm32f10x_it.o
    0x080026ee   0x080026ee   0x00000002   Code   RO          216    i.TIM4_IRQHandler   stm32f10x_it.o
    0x080026f0   0x080026f0   0x00000002   Code   RO          217    i.TIM5_IRQHandler   stm32f10x_it.o
    0x080026f2   0x080026f2   0x00000002   PAD
    0x080026f4   0x080026f4   0x00000070   Code   RO          479    i.Test_GPIO_Init    gpio_user.o
    0x08002764   0x08002764   0x0000003c   Code   RO          294    i.UART1_GPIO_Configuration  usart.o
    0x080027a0   0x080027a0   0x0000006c   Code   RO          295    i.USART1_Configuration  usart.o
    0x0800280c   0x0800280c   0x00000068   Code   RO          296    i.USART1_IRQHandler  usart.o
    0x08002874   0x08002874   0x0000001e   Code   RO         2348    i.USART_ClearITPendingBit  stm32f10x_usart.o
    0x08002892   0x08002892   0x00000018   Code   RO         2351    i.USART_Cmd         stm32f10x_usart.o
    0x080028aa   0x080028aa   0x00000002   PAD
    0x080028ac   0x080028ac   0x00000060   Code   RO          297    i.USART_Configuration  usart.o
    0x0800290c   0x0800290c   0x0000001a   Code   RO         2354    i.USART_GetFlagStatus  stm32f10x_usart.o
    0x08002926   0x08002926   0x00000054   Code   RO         2355    i.USART_GetITStatus  stm32f10x_usart.o
    0x0800297a   0x0800297a   0x0000004a   Code   RO         2357    i.USART_ITConfig    stm32f10x_usart.o
    0x080029c4   0x080029c4   0x000000d8   Code   RO         2358    i.USART_Init        stm32f10x_usart.o
    0x08002a9c   0x08002a9c   0x0000000a   Code   RO         2365    i.USART_ReceiveData  stm32f10x_usart.o
    0x08002aa6   0x08002aa6   0x00000008   Code   RO         2368    i.USART_SendData    stm32f10x_usart.o
    0x08002aae   0x08002aae   0x00000002   PAD
    0x08002ab0   0x08002ab0   0x00000024   Code   RO         3401    i.USB_Cable_Config  usb_pwr.o
    0x08002ad4   0x08002ad4   0x0000003c   Code   RO         3577    i.USB_Init          usb_init.o
    0x08002b10   0x08002b10   0x00000022   Code   RO          367    i.USB_Interrupts_Config  usb_user.o
    0x08002b32   0x08002b32   0x00000002   PAD
    0x08002b34   0x08002b34   0x000000f8   Code   RO         3206    i.USB_Istr          usb_istr.o
    0x08002c2c   0x08002c2c   0x00000008   Code   RO          218    i.USB_LP_CAN1_RX0_IRQHandler  stm32f10x_it.o
    0x08002c34   0x08002c34   0x00000038   Code   RO          368    i.USB_Reset         usb_user.o
    0x08002c6c   0x08002c6c   0x00000018   Code   RO          369    i.USB_SendData      usb_user.o
    0x08002c84   0x08002c84   0x00000004   Code   RO          219    i.UsageFault_Handler  stm32f10x_it.o
    0x08002c88   0x08002c88   0x00000030   Code   RO          298    i.Usart1_Send_Array  usart.o
    0x08002cb8   0x08002cb8   0x00000014   Code   RO          370    i.Usb_Init          usb_user.o
    0x08002ccc   0x08002ccc   0x00000038   Code   RO         3631    i.UserToPMABufferCopy  usb_mem.o
    0x08002d04   0x08002d04   0x00000020   Code   RO         4218    i.__0printf$8       mc_w.l(printf8.o)
    0x08002d24   0x08002d24   0x00000028   Code   RO         4220    i.__0sprintf$8      mc_w.l(printf8.o)
    0x08002d4c   0x08002d4c   0x0000000e   Code   RO         4316    i.__scatterload_copy  mc_w.l(handlers.o)
    0x08002d5a   0x08002d5a   0x00000002   Code   RO         4317    i.__scatterload_null  mc_w.l(handlers.o)
    0x08002d5c   0x08002d5c   0x0000000e   Code   RO         4318    i.__scatterload_zeroinit  mc_w.l(handlers.o)
    0x08002d6a   0x08002d6a   0x00000002   PAD
    0x08002d6c   0x08002d6c   0x00000404   Code   RO         4225    i._printf_core      mc_w.l(printf8.o)
    0x08003170   0x08003170   0x00000024   Code   RO         4226    i._printf_post_padding  mc_w.l(printf8.o)
    0x08003194   0x08003194   0x0000002e   Code   RO         4227    i._printf_pre_padding  mc_w.l(printf8.o)
    0x080031c2   0x080031c2   0x0000000a   Code   RO         4229    i._sputc            mc_w.l(printf8.o)
    0x080031cc   0x080031cc   0x0000004a   Code   RO          158    i.array_find        my_sys.o
    0x08003216   0x08003216   0x00000012   Code   RO          160    i.delay_1ms         my_sys.o
    0x08003228   0x08003228   0x00000016   Code   RO          162    i.delay_ms          my_sys.o
    0x0800323e   0x0800323e   0x00000002   PAD
    0x08003240   0x08003240   0x00000024   Code   RO          299    i.fputc             usart.o
    0x08003264   0x08003264   0x000000a8   Code   RO            2    i.main              main.o
    0x0800330c   0x0800330c   0x00000028   Code   RO          300    i.usart1_init       usart.o
    0x08003334   0x08003334   0x00000028   Code   RO          301    i.usart_init        usart.o
    0x0800335c   0x0800335c   0x00000088   Data   RO          372    .constdata          usb_user.o
    0x080033e4   0x080033e4   0x00000020   Data   RO         4314    Region$$Table       anon$$obj.o


    Execution Region RW_IRAM1 (Exec base: 0x20000000, Load base: 0x08003404, Size: 0x00000720, Max: 0x00005000, ABSOLUTE, COMPRESSED[0x000000c0])

    Exec Addr    Load Addr    Size         Type   Attr      Idx    E Section Name        Object

    0x20000000   COMPRESSED   0x00000034   Data   RW          373    .data               usb_user.o
    0x20000034   COMPRESSED   0x00000022   Data   RW          510    .data               ble_user.o
    0x20000056   COMPRESSED   0x00000002   PAD
    0x20000058   COMPRESSED   0x00000018   Data   RW          586    .data               res_test.o
    0x20000070   COMPRESSED   0x00000014   Data   RW          608    .data               pressure_test.o
    0x20000084   COMPRESSED   0x00000006   Data   RW          635    .data               adc_user.o
    0x2000008a   COMPRESSED   0x00000014   Data   RW         1628    .data               stm32f10x_rcc.o
    0x2000009e   COMPRESSED   0x00000002   PAD
    0x200000a0   COMPRESSED   0x00000014   Data   RW         3169    .data               system_stm32f10x.o
    0x200000b4   COMPRESSED   0x0000003c   Data   RW         3207    .data               usb_istr.o
    0x200000f0   COMPRESSED   0x00000084   Data   RW         3300    .data               usb_prop.o
    0x20000174   COMPRESSED   0x00000007   Data   RW         3402    .data               usb_pwr.o
    0x2000017b   COMPRESSED   0x00000001   PAD
    0x2000017c   COMPRESSED   0x00000003   Data   RW         3473    .data               usb_core.o
    0x2000017f   COMPRESSED   0x00000001   PAD
    0x20000180   COMPRESSED   0x00000014   Data   RW         3579    .data               usb_init.o
    0x20000194   COMPRESSED   0x00000004   Data   RW         3602    .data               usb_int.o
    0x20000198   COMPRESSED   0x00000004   Data   RW         4288    .data               mc_w.l(stdout.o)
    0x2000019c        -       0x00000080   Zero   RW          371    .bss                usb_user.o
    0x2000021c        -       0x000000a2   Zero   RW          509    .bss                ble_user.o
    0x200002be        -       0x00000040   Zero   RW          634    .bss                adc_user.o
    0x200002fe   COMPRESSED   0x00000002   PAD
    0x20000300        -       0x0000001c   Zero   RW         3578    .bss                usb_init.o
    0x2000031c   COMPRESSED   0x00000004   PAD
    0x20000320        -       0x00000400   Zero   RW         3199    STACK               startup_stm32f10x_hd.o


==============================================================================

Image component sizes


      Code (inc. data)   RO Data    RW Data    ZI Data      Debug   Object Name

       372         32          0          6         64       2763   adc_user.o
       460        182          0         34        162       3705   ble_user.o
         0          0          0          0          0         32   core_cm3.o
       256         40          0          0          0       1489   gpio_user.o
       164         30          0          0          0       1962   hid_serve.o
       184         20          0          0          0     270040   main.o
       132         20          0          0          0       1502   misc.o
       152          0          0          0          0       2949   my_sys.o
        76         16          0         20          0       1197   pressure_test.o
        92         16          0         24          0       1124   res_test.o
        36          8        304          0       1024        796   startup_stm32f10x_hd.o
       390         10          0          0          0       7237   stm32f10x_adc.o
       506         26          0          0          0       5019   stm32f10x_dma.o
       430          6          0          0          0       3774   stm32f10x_gpio.o
        38          0          0          0          0       5051   stm32f10x_it.o
       344         50          0         20          0       5948   stm32f10x_rcc.o
       472          6          0          0          0       6643   stm32f10x_usart.o
       328         28          0         20          0       2201   system_stm32f10x.o
       640         50          0          0          0       5922   usart.o
      3010        288          0          3          0      14183   usb_core.o
        60         24          0         20         28       4034   usb_init.o
       808         34          0          4          0       1645   usb_int.o
       248         26          0         60          0     206472   usb_istr.o
        96         10          0          0          0       1724   usb_mem.o
       682        110          0        132          0      11989   usb_prop.o
       396         58          0          7          0       5039   usb_pwr.o
       636         96          0          0          0       8996   usb_regs.o
       278         34        136         52        128       6983   usb_user.o

    ----------------------------------------------------------------------
     11312       1220        472        408       1412     590419   Object Totals
         0          0         32          0          0          0   (incl. Generated)
        26          0          0          6          6          0   (incl. Padding)

    ----------------------------------------------------------------------

      Code (inc. data)   RO Data    RW Data    ZI Data      Debug   Library Member Name

        86          0          0          0          0          0   __dczerorl2.o
         0          0          0          0          0          0   entry.o
         0          0          0          0          0          0   entry10a.o
         0          0          0          0          0          0   entry11a.o
         4          0          0          0          0          0   entry12b.o
         8          4          0          0          0          0   entry2.o
         4          0          0          0          0          0   entry5.o
         0          0          0          0          0          0   entry7b.o
         0          0          0          0          0          0   entry8b.o
         8          4          0          0          0          0   entry9a.o
        30          0          0          0          0          0   handlers.o
        36          8          0          0          0         68   init.o
        30          0          0          0          0         68   llshl.o
        32          0          0          0          0         68   llushr.o
      1192         60          0          0          0        504   printf8.o
         0          0          0          4          0          0   stdout.o
        98          0          0          0          0         92   uldiv.o

    ----------------------------------------------------------------------
      1532         76          0          4          0        800   Library Totals
         4          0          0          0          0          0   (incl. Padding)

    ----------------------------------------------------------------------

      Code (inc. data)   RO Data    RW Data    ZI Data      Debug   Library Name

      1528         76          0          4          0        800   mc_w.l

    ----------------------------------------------------------------------
      1532         76          0          4          0        800   Library Totals

    ----------------------------------------------------------------------

==============================================================================


      Code (inc. data)   RO Data    RW Data    ZI Data      Debug   

     12844       1296        472        412       1412     583027   Grand Totals
     12844       1296        472        192       1412     583027   ELF Image Totals (compressed)
     12844       1296        472        192          0          0   ROM Totals

==============================================================================

    Total RO  Size (Code + RO Data)                13316 (  13.00kB)
    Total RW  Size (RW Data + ZI Data)              1824 (   1.78kB)
    Total ROM Size (Code + RO Data + RW Data)      13508 (  13.19kB)

==============================================================================

