Component: ARM Compiler 5.06 update 4 (build 422) Tool: armlink [4d35d2]

==============================================================================

Section Cross References

    startup_stm32f103xe.o(RESET) refers to startup_stm32f103xe.o(STACK) for __initial_sp
    startup_stm32f103xe.o(RESET) refers to startup_stm32f103xe.o(.text) for Reset_Handler
    startup_stm32f103xe.o(RESET) refers to stm32f1xx_it.o(i.NMI_Handler) for NMI_Handler
    startup_stm32f103xe.o(RESET) refers to stm32f1xx_it.o(i.HardFault_Handler) for HardFault_Handler
    startup_stm32f103xe.o(RESET) refers to stm32f1xx_it.o(i.MemManage_Handler) for MemManage_Handler
    startup_stm32f103xe.o(RESET) refers to stm32f1xx_it.o(i.BusFault_Handler) for BusFault_Handler
    startup_stm32f103xe.o(RESET) refers to stm32f1xx_it.o(i.UsageFault_Handler) for UsageFault_Handler
    startup_stm32f103xe.o(RESET) refers to stm32f1xx_it.o(i.SVC_Handler) for SVC_Handler
    startup_stm32f103xe.o(RESET) refers to stm32f1xx_it.o(i.DebugMon_Handler) for DebugMon_Handler
    startup_stm32f103xe.o(RESET) refers to stm32f1xx_it.o(i.PendSV_Handler) for PendSV_Handler
    startup_stm32f103xe.o(RESET) refers to stm32f1xx_it.o(i.SysTick_Handler) for SysTick_Handler
    startup_stm32f103xe.o(RESET) refers to i2c.o(i.DMA1_Channel4_IRQHandler) for DMA1_Channel4_IRQHandler
    startup_stm32f103xe.o(RESET) refers to stm32f1xx_it.o(i.USB_LP_CAN1_RX0_IRQHandler) for USB_LP_CAN1_RX0_IRQHandler
    startup_stm32f103xe.o(RESET) refers to cycle_user.o(i.TIM2_IRQHandler) for TIM2_IRQHandler
    startup_stm32f103xe.o(RESET) refers to i2c.o(i.I2C2_EV_IRQHandler) for I2C2_EV_IRQHandler
    startup_stm32f103xe.o(RESET) refers to stm32f1xx_it.o(i.USART1_IRQHandler) for USART1_IRQHandler
    startup_stm32f103xe.o(RESET) refers to stm32f1xx_it.o(i.SDIO_IRQHandler) for SDIO_IRQHandler
    startup_stm32f103xe.o(RESET) refers to stm32f1xx_it.o(i.DMA2_Channel4_5_IRQHandler) for DMA2_Channel4_5_IRQHandler
    startup_stm32f103xe.o(.text) refers to system_stm32f1xx.o(i.SystemInit) for SystemInit
    startup_stm32f103xe.o(.text) refers to entry.o(.ARM.Collect$$$$00000000) for __main
    stm32f1xx_hal_tim.o(i.HAL_TIM_Base_DeInit) refers to tim.o(i.HAL_TIM_Base_MspDeInit) for HAL_TIM_Base_MspDeInit
    stm32f1xx_hal_tim.o(i.HAL_TIM_Base_Init) refers to tim.o(i.HAL_TIM_Base_MspInit) for HAL_TIM_Base_MspInit
    stm32f1xx_hal_tim.o(i.HAL_TIM_Base_Init) refers to stm32f1xx_hal_tim.o(i.TIM_Base_SetConfig) for TIM_Base_SetConfig
    stm32f1xx_hal_tim.o(i.HAL_TIM_Base_Start_DMA) refers to stm32f1xx_hal_dma.o(i.HAL_DMA_Start_IT) for HAL_DMA_Start_IT
    stm32f1xx_hal_tim.o(i.HAL_TIM_Base_Start_DMA) refers to stm32f1xx_hal_tim.o(i.TIM_DMAPeriodElapsedCplt) for TIM_DMAPeriodElapsedCplt
    stm32f1xx_hal_tim.o(i.HAL_TIM_Base_Start_DMA) refers to stm32f1xx_hal_tim.o(i.TIM_DMAPeriodElapsedHalfCplt) for TIM_DMAPeriodElapsedHalfCplt
    stm32f1xx_hal_tim.o(i.HAL_TIM_Base_Start_DMA) refers to stm32f1xx_hal_tim.o(i.TIM_DMAError) for TIM_DMAError
    stm32f1xx_hal_tim.o(i.HAL_TIM_Base_Stop_DMA) refers to stm32f1xx_hal_dma.o(i.HAL_DMA_Abort_IT) for HAL_DMA_Abort_IT
    stm32f1xx_hal_tim.o(i.HAL_TIM_ConfigClockSource) refers to stm32f1xx_hal_tim.o(i.TIM_ETR_SetConfig) for TIM_ETR_SetConfig
    stm32f1xx_hal_tim.o(i.HAL_TIM_ConfigClockSource) refers to stm32f1xx_hal_tim.o(i.TIM_TI1_ConfigInputStage) for TIM_TI1_ConfigInputStage
    stm32f1xx_hal_tim.o(i.HAL_TIM_ConfigClockSource) refers to stm32f1xx_hal_tim.o(i.TIM_TI2_ConfigInputStage) for TIM_TI2_ConfigInputStage
    stm32f1xx_hal_tim.o(i.HAL_TIM_ConfigClockSource) refers to stm32f1xx_hal_tim.o(i.TIM_ITRx_SetConfig) for TIM_ITRx_SetConfig
    stm32f1xx_hal_tim.o(i.HAL_TIM_ConfigOCrefClear) refers to stm32f1xx_hal_tim.o(i.TIM_ETR_SetConfig) for TIM_ETR_SetConfig
    stm32f1xx_hal_tim.o(i.HAL_TIM_DMABurst_MultiReadStart) refers to stm32f1xx_hal_dma.o(i.HAL_DMA_Start_IT) for HAL_DMA_Start_IT
    stm32f1xx_hal_tim.o(i.HAL_TIM_DMABurst_MultiReadStart) refers to stm32f1xx_hal_tim.o(i.TIM_DMAError) for TIM_DMAError
    stm32f1xx_hal_tim.o(i.HAL_TIM_DMABurst_MultiReadStart) refers to stm32f1xx_hal_tim.o(i.TIM_DMACaptureCplt) for TIM_DMACaptureCplt
    stm32f1xx_hal_tim.o(i.HAL_TIM_DMABurst_MultiReadStart) refers to stm32f1xx_hal_tim.o(i.TIM_DMACaptureHalfCplt) for TIM_DMACaptureHalfCplt
    stm32f1xx_hal_tim.o(i.HAL_TIM_DMABurst_MultiReadStart) refers to stm32f1xx_hal_tim.o(i.TIM_DMAPeriodElapsedCplt) for TIM_DMAPeriodElapsedCplt
    stm32f1xx_hal_tim.o(i.HAL_TIM_DMABurst_MultiReadStart) refers to stm32f1xx_hal_tim.o(i.TIM_DMAPeriodElapsedHalfCplt) for TIM_DMAPeriodElapsedHalfCplt
    stm32f1xx_hal_tim.o(i.HAL_TIM_DMABurst_MultiReadStart) refers to stm32f1xx_hal_tim_ex.o(i.TIMEx_DMACommutationCplt) for TIMEx_DMACommutationCplt
    stm32f1xx_hal_tim.o(i.HAL_TIM_DMABurst_MultiReadStart) refers to stm32f1xx_hal_tim_ex.o(i.TIMEx_DMACommutationHalfCplt) for TIMEx_DMACommutationHalfCplt
[...]
    HAL_TIM_IC_CaptureCallback               0x08004053   Thumb Code     2  stm32f1xx_hal_tim.o(i.HAL_TIM_IC_CaptureCallback)
    HAL_TIM_IRQHandler                       0x08004055   Thumb Code   358  stm32f1xx_hal_tim.o(i.HAL_TIM_IRQHandler)
    HAL_TIM_OC_DelayElapsedCallback          0x080041bb   Thumb Code     2  stm32f1xx_hal_tim.o(i.HAL_TIM_OC_DelayElapsedCallback)
    HAL_TIM_PWM_PulseFinishedCallback        0x080041bd   Thumb Code     2  stm32f1xx_hal_tim.o(i.HAL_TIM_PWM_PulseFinishedCallback)
    HAL_TIM_PeriodElapsedCallback            0x080041bf   Thumb Code     2  stm32f1xx_hal_tim.o(i.HAL_TIM_PeriodElapsedCallback)
    HAL_TIM_TriggerCallback                  0x080041c1   Thumb Code     2  stm32f1xx_hal_tim.o(i.HAL_TIM_TriggerCallback)
    HAL_UARTEx_ReceiveToIdle_DMA             0x080041c3   Thumb Code    74  stm32f1xx_hal_uart.o(i.HAL_UARTEx_ReceiveToIdle_DMA)
    HAL_UARTEx_RxEventCallback               0x0800420d   Thumb Code    32  usart1_hw.o(i.HAL_UARTEx_RxEventCallback)
    HAL_UART_ErrorCallback                   0x08004235   Thumb Code     2  stm32f1xx_hal_uart.o(i.HAL_UART_ErrorCallback)
    HAL_UART_IRQHandler                      0x08004239   Thumb Code   520  stm32f1xx_hal_uart.o(i.HAL_UART_IRQHandler)
    HAL_UART_Init                            0x08004445   Thumb Code    98  stm32f1xx_hal_uart.o(i.HAL_UART_Init)
    HAL_UART_MspInit                         0x080044a9   Thumb Code   154  usart.o(i.HAL_UART_MspInit)
    HAL_UART_RxCpltCallback                  0x08004559   Thumb Code     2  stm32f1xx_hal_uart.o(i.HAL_UART_RxCpltCallback)
    HAL_UART_RxHalfCpltCallback              0x0800455b   Thumb Code     2  stm32f1xx_hal_uart.o(i.HAL_UART_RxHalfCpltCallback)
    HAL_UART_Transmit                        0x0800455d   Thumb Code   178  stm32f1xx_hal_uart.o(i.HAL_UART_Transmit)
    HAL_UART_TxCpltCallback                  0x0800460f   Thumb Code     2  stm32f1xx_hal_uart.o(i.HAL_UART_TxCpltCallback)
    HardFault_Handler                        0x08004611   Thumb Code     2  stm32f1xx_it.o(i.HardFault_Handler)
    I2C2_EV_IRQHandler                       0x08004615   Thumb Code     6  i2c.o(i.I2C2_EV_IRQHandler)
    Key_Scan                                 0x08005331   Thumb Code   632  key_scan.o(i.Key_Scan)
    Logic_Serve                              0x080055b1   Thumb Code    44  logic_control.o(i.Logic_Serve)
    MSC_BOT_CplClrFeature                    0x080056e5   Thumb Code    42  usbd_msc_bot.o(i.MSC_BOT_CplClrFeature)
    MSC_BOT_DataIn                           0x0800570f   Thumb Code    60  usbd_msc_bot.o(i.MSC_BOT_DataIn)
    MSC_BOT_DataOut                          0x0800574b   Thumb Code    60  usbd_msc_bot.o(i.MSC_BOT_DataOut)
    MSC_BOT_DeInit                           0x08005787   Thumb Code    10  usbd_msc_bot.o(i.MSC_BOT_DeInit)
    MSC_BOT_Init                             0x08005791   Thumb Code    72  usbd_msc_bot.o(i.MSC_BOT_Init)
    MSC_BOT_Reset                            0x080057d9   Thumb Code    26  usbd_msc_bot.o(i.MSC_BOT_Reset)
    MSC_BOT_SendCSW                          0x080057f5   Thumb Code    60  usbd_msc_bot.o(i.MSC_BOT_SendCSW)
    MX_DMA_Init                              0x08005835   Thumb Code    72  dma.o(i.MX_DMA_Init)
    MX_GPIO_Init                             0x08005881   Thumb Code   294  gpio.o(i.MX_GPIO_Init)
    MX_I2C2_Init                             0x080059c1   Thumb Code    50  i2c.o(i.MX_I2C2_Init)
    MX_SDIO_SD_Init                          0x08005a01   Thumb Code    58  sdio.o(i.MX_SDIO_SD_Init)
    MX_SPI1_Init                             0x08005a45   Thumb Code    62  spi.o(i.MX_SPI1_Init)
    MX_TIM2_Init                             0x08005a8d   Thumb Code   104  tim.o(i.MX_TIM2_Init)
    MX_USART1_UART_Init                      0x08005af9   Thumb Code    48  usart.o(i.MX_USART1_UART_Init)
    MX_USB_DEVICE_Init                       0x08005b31   Thumb Code    66  usb_device.o(i.MX_USB_DEVICE_Init)
    MemManage_Handler                        0x08005b85   Thumb Code     2  stm32f1xx_it.o(i.MemManage_Handler)
    Mem_Copy                                 0x08005b87   Thumb Code    20  my_sys.o(i.Mem_Copy)
    NMI_Handler                              0x08005b9b   Thumb Code     2  stm32f1xx_it.o(i.NMI_Handler)
    NorFlash_Read_CompanyID                  0x08005b9d   Thumb Code    60  spi_flash.o(i.NorFlash_Read_CompanyID)
    OLED_Invert_Set                          0x08005bdd   Thumb Code    96  oled_user.o(i.OLED_Invert_Set)
    OLED_Roll                                0x08005c45   Thumb Code   216  oled_user.o(i.OLED_Roll)
    OLED_Roll_Set                            0x08005d25   Thumb Code    30  oled_user.o(i.OLED_Roll_Set)
    OLED_Show_Char                           0x08005d49   Thumb Code    52  oled_user.o(i.OLED_Show_Char)
    OLED_Show_String                         0x08005d85   Thumb Code    38  oled_user.o(i.OLED_Show_String)
    OLED_init                                0x08005dad   Thumb Code    24  oled_user.o(i.OLED_init)
    OLED_operate_gram                        0x08005dcd   Thumb Code    28  oled_user.o(i.OLED_operate_gram)
    OLED_refresh_gram                        0x08005ded   Thumb Code    50  oled_user.o(i.OLED_refresh_gram)
    OLED_set_pos                             0x08005e2d   Thumb Code    26  oled_user.o(i.OLED_set_pos)
    PendSV_Handler                           0x080063a5   Thumb Code     2  stm32f1xx_it.o(i.PendSV_Handler)
    SCSI_ProcessCmd                          0x080063cd   Thumb Code   462  usbd_msc_scsi.o(i.SCSI_ProcessCmd)
    SCSI_SenseCode                           0x08006825   Thumb Code    64  usbd_msc_scsi.o(i.SCSI_SenseCode)
    SDIO_ConfigData                          0x0800691b   Thumb Code    36  stm32f1xx_ll_sdmmc.o(i.SDIO_ConfigData)
    SDIO_GetPowerState                       0x0800693f   Thumb Code     8  stm32f1xx_ll_sdmmc.o(i.SDIO_GetPowerState)
    SDIO_GetResponse                         0x08006947   Thumb Code     6  stm32f1xx_ll_sdmmc.o(i.SDIO_GetResponse)
    SDIO_IRQHandler                          0x0800694d   Thumb Code     6  stm32f1xx_it.o(i.SDIO_IRQHandler)
    SDIO_Init                                0x08006959   Thumb Code    36  stm32f1xx_ll_sdmmc.o(i.SDIO_Init)
    SDIO_PowerState_ON                       0x0800697d   Thumb Code    16  stm32f1xx_ll_sdmmc.o(i.SDIO_PowerState_ON)
    SDIO_ReadFIFO                            0x0800698d   Thumb Code     6  stm32f1xx_ll_sdmmc.o(i.SDIO_ReadFIFO)
    SDIO_SendCommand                         0x08006993   Thumb Code    32  stm32f1xx_ll_sdmmc.o(i.SDIO_SendCommand)
    SDIO_WriteFIFO                           0x080069b3   Thumb Code    10  stm32f1xx_ll_sdmmc.o(i.SDIO_WriteFIFO)
    SDMMC_CmdAppCommand                      0x080069bd   Thumb Code    50  stm32f1xx_ll_sdmmc.o(i.SDMMC_CmdAppCommand)
    SDMMC_CmdAppOperCommand                  0x080069f1   Thumb Code    48  stm32f1xx_ll_sdmmc.o(i.SDMMC_CmdAppOperCommand)
    SDMMC_CmdBlockLength                     0x08006a25   Thumb Code    50  stm32f1xx_ll_sdmmc.o(i.SDMMC_CmdBlockLength)
    SDMMC_CmdBusWidth                        0x08006a57   Thumb Code    50  stm32f1xx_ll_sdmmc.o(i.SDMMC_CmdBusWidth)
    SDMMC_CmdGoIdleState                     0x08006a89   Thumb Code    74  stm32f1xx_ll_sdmmc.o(i.SDMMC_CmdGoIdleState)
    SDMMC_CmdOperCond                        0x08006ad9   Thumb Code   112  stm32f1xx_ll_sdmmc.o(i.SDMMC_CmdOperCond)
    SDMMC_CmdReadMultiBlock                  0x08006b4d   Thumb Code    50  stm32f1xx_ll_sdmmc.o(i.SDMMC_CmdReadMultiBlock)
    SDMMC_CmdReadSingleBlock                 0x08006b7f   Thumb Code    50  stm32f1xx_ll_sdmmc.o(i.SDMMC_CmdReadSingleBlock)
    SDMMC_CmdSelDesel                        0x08006bb1   Thumb Code    50  stm32f1xx_ll_sdmmc.o(i.SDMMC_CmdSelDesel)
    SDMMC_CmdSendCID                         0x08006be3   Thumb Code    44  stm32f1xx_ll_sdmmc.o(i.SDMMC_CmdSendCID)
    SDMMC_CmdSendCSD                         0x08006c0f   Thumb Code    44  stm32f1xx_ll_sdmmc.o(i.SDMMC_CmdSendCSD)
    SDMMC_CmdSendSCR                         0x08006c3b   Thumb Code    48  stm32f1xx_ll_sdmmc.o(i.SDMMC_CmdSendSCR)
    SDMMC_CmdSendStatus                      0x08006c6b   Thumb Code    50  stm32f1xx_ll_sdmmc.o(i.SDMMC_CmdSendStatus)
    SDMMC_CmdSetRelAdd                       0x08006c9d   Thumb Code    48  stm32f1xx_ll_sdmmc.o(i.SDMMC_CmdSetRelAdd)
    SDMMC_CmdStopTransfer                    0x08006ccd   Thumb Code    46  stm32f1xx_ll_sdmmc.o(i.SDMMC_CmdStopTransfer)
    SDMMC_CmdWriteMultiBlock                 0x08006d01   Thumb Code    50  stm32f1xx_ll_sdmmc.o(i.SDMMC_CmdWriteMultiBlock)
    SDMMC_CmdWriteSingleBlock                0x08006d33   Thumb Code    50  stm32f1xx_ll_sdmmc.o(i.SDMMC_CmdWriteSingleBlock)
    SPI1_Init                                0x080072a5   Thumb Code    52  spi_flash.o(i.SPI1_Init)
    SPI_Flash_Init                           0x080072fd   Thumb Code    30  spi_flash.o(i.SPI_Flash_Init)
    SPI_NorFlash_SendByte                    0x08007321   Thumb Code    32  spi_flash.o(i.SPI_NorFlash_SendByte)
    STM32F1_Erease_Flash                     0x080073fd   Thumb Code    84  burn_serve.o(i.STM32F1_Erease_Flash)
    STM32F4_Erease_Flash                     0x0800748d   Thumb Code    86  burn_serve.o(i.STM32F4_Erease_Flash)
    STM32_Write_Flash                        0x08007521   Thumb Code   308  burn_serve.o(i.STM32_Write_Flash)
    SVC_Handler                              0x08007815   Thumb Code     2  stm32f1xx_it.o(i.SVC_Handler)
    SWD_Transfer                             0x08007819   Thumb Code    14  sw_dp.o(i.SWD_Transfer)
    SWJ_Sequence                             0x08007e69   Thumb Code    74  sw_dp.o(i.SWJ_Sequence)
    Show_Burn_End                            0x08007ebd   Thumb Code    10  burn_serve.o(i.Show_Burn_End)
    Show_Burn_statu                          0x08007ed9   Thumb Code    42  burn_serve.o(i.Show_Burn_statu)
    Show_Erase_statu                         0x08007f15   Thumb Code    42  burn_serve.o(i.Show_Erase_statu)
    SysTick_Handler                          0x08007f51   Thumb Code     4  stm32f1xx_it.o(i.SysTick_Handler)
    SystemClock_Config                       0x08007f55   Thumb Code   120  main.o(i.SystemClock_Config)
    SystemInit                               0x08007fcd   Thumb Code     2  system_stm32f1xx.o(i.SystemInit)
    TIM2_IRQHandler                          0x08007fd1   Thumb Code    40  cycle_user.o(i.TIM2_IRQHandler)
    TIM_Base_SetConfig                       0x08008001   Thumb Code   120  stm32f1xx_hal_tim.o(i.TIM_Base_SetConfig)
    TIM_ETR_SetConfig                        0x0800808d   Thumb Code    20  stm32f1xx_hal_tim.o(i.TIM_ETR_SetConfig)
    Time_Basic_Creat                         0x080080f9   Thumb Code   108  cycle_user.o(i.Time_Basic_Creat)
    Time_Cycle_Serve                         0x08008169   Thumb Code    48  cycle_user.o(i.Time_Cycle_Serve)
    Time_Serve_20ms                          0x0800819d   Thumb Code    14  cycle_user.o(i.Time_Serve_20ms)
    UART_Start_Receive_DMA                   0x08008429   Thumb Code    98  stm32f1xx_hal_uart.o(i.UART_Start_Receive_DMA)
    USART1_IRQHandler                        0x080084fd   Thumb Code     6  stm32f1xx_it.o(i.USART1_IRQHandler)
    USART1_Init                              0x08008509   Thumb Code    10  usart1_hw.o(i.USART1_Init)
    USART1_Send                              0x0800851d   Thumb Code    14  usart1_hw.o(i.USART1_Send)
    USBD_ClrClassConfig                      0x08008531   Thumb Code    14  usbd_core.o(i.USBD_ClrClassConfig)
    USBD_CtlContinueRx                       0x0800853f   Thumb Code    16  usbd_ioreq.o(i.USBD_CtlContinueRx)
    USBD_CtlContinueSendData                 0x0800854f   Thumb Code    16  usbd_ioreq.o(i.USBD_CtlContinueSendData)
    USBD_CtlError                            0x0800855f   Thumb Code    22  usbd_ctlreq.o(i.USBD_CtlError)
    USBD_CtlReceiveStatus                    0x08008575   Thumb Code    22  usbd_ioreq.o(i.USBD_CtlReceiveStatus)
    USBD_CtlSendData                         0x0800858b   Thumb Code    26  usbd_ioreq.o(i.USBD_CtlSendData)
    USBD_CtlSendStatus                       0x080085a5   Thumb Code    22  usbd_ioreq.o(i.USBD_CtlSendStatus)
    USBD_FS_ConfigStrDescriptor              0x080085bd   Thumb Code    16  usbd_desc.o(i.USBD_FS_ConfigStrDescriptor)
    USBD_FS_DeviceDescriptor                 0x080085dd   Thumb Code     8  usbd_desc.o(i.USBD_FS_DeviceDescriptor)
    USBD_FS_InterfaceStrDescriptor           0x080085e9   Thumb Code    16  usbd_desc.o(i.USBD_FS_InterfaceStrDescriptor)
    USBD_FS_LangIDStrDescriptor              0x0800860d   Thumb Code     8  usbd_desc.o(i.USBD_FS_LangIDStrDescriptor)
    USBD_FS_ManufacturerStrDescriptor        0x08008619   Thumb Code    16  usbd_desc.o(i.USBD_FS_ManufacturerStrDescriptor)
    USBD_FS_ProductStrDescriptor             0x08008641   Thumb Code    16  usbd_desc.o(i.USBD_FS_ProductStrDescriptor)
    USBD_FS_SerialStrDescriptor              0x08008669   Thumb Code    48  usbd_desc.o(i.USBD_FS_SerialStrDescriptor)
    USBD_GetString                           0x08008789   Thumb Code    72  usbd_ctlreq.o(i.USBD_GetString)
    USBD_Init                                0x080087e9   Thumb Code    42  usbd_core.o(i.USBD_Init)
    USBD_LL_ClearStallEP                     0x08008813   Thumb Code    18  usbd_conf.o(i.USBD_LL_ClearStallEP)
    USBD_LL_CloseEP                          0x08008825   Thumb Code    18  usbd_conf.o(i.USBD_LL_CloseEP)
    USBD_LL_DataInStage                      0x08008837   Thumb Code   198  usbd_core.o(i.USBD_LL_DataInStage)
    USBD_LL_DataOutStage                     0x080088fd   Thumb Code   130  usbd_core.o(i.USBD_LL_DataOutStage)
    USBD_LL_FlushEP                          0x0800897f   Thumb Code    18  usbd_conf.o(i.USBD_LL_FlushEP)
    USBD_LL_GetRxDataSize                    0x08008991   Thumb Code     8  usbd_conf.o(i.USBD_LL_GetRxDataSize)
    USBD_LL_Init                             0x08008999   Thumb Code   104  usbd_conf.o(i.USBD_LL_Init)
    USBD_LL_IsStallEP                        0x08008a09   Thumb Code    32  usbd_conf.o(i.USBD_LL_IsStallEP)
    USBD_LL_OpenEP                           0x08008a29   Thumb Code    24  usbd_conf.o(i.USBD_LL_OpenEP)
    USBD_LL_PrepareReceive                   0x08008a41   Thumb Code    18  usbd_conf.o(i.USBD_LL_PrepareReceive)
    USBD_LL_Reset                            0x08008a53   Thumb Code    80  usbd_core.o(i.USBD_LL_Reset)
    USBD_LL_Resume                           0x08008aa3   Thumb Code    20  usbd_core.o(i.USBD_LL_Resume)
    USBD_LL_SOF                              0x08008ab7   Thumb Code    24  usbd_core.o(i.USBD_LL_SOF)
    USBD_LL_SetSpeed                         0x08008acf   Thumb Code     6  usbd_core.o(i.USBD_LL_SetSpeed)
    USBD_LL_SetUSBAddress                    0x08008ad5   Thumb Code    18  usbd_conf.o(i.USBD_LL_SetUSBAddress)
    USBD_LL_SetupStage                       0x08008ae7   Thumb Code    90  usbd_core.o(i.USBD_LL_SetupStage)
    USBD_LL_StallEP                          0x08008b41   Thumb Code    18  usbd_conf.o(i.USBD_LL_StallEP)
    USBD_LL_Start                            0x08008b53   Thumb Code    18  usbd_conf.o(i.USBD_LL_Start)
    USBD_LL_Suspend                          0x08008b65   Thumb Code    18  usbd_core.o(i.USBD_LL_Suspend)
    USBD_LL_Transmit                         0x08008b77   Thumb Code    18  usbd_conf.o(i.USBD_LL_Transmit)
    USBD_MSC_DataIn                          0x08008b89   Thumb Code    10  usbd_msc.o(i.USBD_MSC_DataIn)
    USBD_MSC_DataOut                         0x08008b93   Thumb Code    10  usbd_msc.o(i.USBD_MSC_DataOut)
    USBD_MSC_DeInit                          0x08008b9d   Thumb Code    50  usbd_msc.o(i.USBD_MSC_DeInit)
    USBD_MSC_GetDeviceQualifierDescriptor    0x08008bd1   Thumb Code     8  usbd_msc.o(i.USBD_MSC_GetDeviceQualifierDescriptor)
    USBD_MSC_GetFSCfgDesc                    0x08008bdd   Thumb Code     8  usbd_msc.o(i.USBD_MSC_GetFSCfgDesc)
    USBD_MSC_GetHSCfgDesc                    0x08008be9   Thumb Code     8  usbd_msc.o(i.USBD_MSC_GetHSCfgDesc)
    USBD_MSC_GetOtherSpeedCfgDesc            0x08008bf5   Thumb Code     8  usbd_msc.o(i.USBD_MSC_GetOtherSpeedCfgDesc)
    USBD_MSC_Init                            0x08008c01   Thumb Code    92  usbd_msc.o(i.USBD_MSC_Init)
    USBD_MSC_RegisterStorage                 0x08008c5d   Thumb Code    10  usbd_msc.o(i.USBD_MSC_RegisterStorage)
    USBD_MSC_Setup                           0x08008c67   Thumb Code   278  usbd_msc.o(i.USBD_MSC_Setup)
    USBD_ParseSetupRequest                   0x08008d7d   Thumb Code    40  usbd_ctlreq.o(i.USBD_ParseSetupRequest)
    USBD_RegisterClass                       0x08008da5   Thumb Code    16  usbd_core.o(i.USBD_RegisterClass)
    USBD_SetClassConfig                      0x08008db5   Thumb Code    22  usbd_core.o(i.USBD_SetClassConfig)
    USBD_Start                               0x08008e51   Thumb Code    10  usbd_core.o(i.USBD_Start)
    USBD_StdDevReq                           0x08008e5b   Thumb Code   274  usbd_ctlreq.o(i.USBD_StdDevReq)
    USBD_StdEPReq                            0x08008f6d   Thumb Code   336  usbd_ctlreq.o(i.USBD_StdEPReq)
    USBD_StdItfReq                           0x080090bd   Thumb Code    78  usbd_ctlreq.o(i.USBD_StdItfReq)
    USBD_static_free                         0x0800910b   Thumb Code     2  usbd_conf.o(i.USBD_static_free)
    USBD_static_malloc                       0x0800910d   Thumb Code     4  usbd_conf.o(i.USBD_static_malloc)
    USB_ActivateEndpoint                     0x08009115   Thumb Code   600  stm32f1xx_ll_usb.o(i.USB_ActivateEndpoint)
    USB_CoreInit                             0x0800936d   Thumb Code     4  stm32f1xx_ll_usb.o(i.USB_CoreInit)
    USB_DeactivateEndpoint                   0x08009371   Thumb Code   270  stm32f1xx_ll_usb.o(i.USB_DeactivateEndpoint)
    USB_DevConnect                           0x0800947f   Thumb Code     4  stm32f1xx_ll_usb.o(i.USB_DevConnect)
    USB_DevDisconnect                        0x08009483   Thumb Code     4  stm32f1xx_ll_usb.o(i.USB_DevDisconnect)
    USB_DevInit                              0x08009487   Thumb Code    18  stm32f1xx_ll_usb.o(i.USB_DevInit)
    USB_DisableGlobalInt                     0x08009499   Thumb Code    14  stm32f1xx_ll_usb.o(i.USB_DisableGlobalInt)
    USB_EP0_OutStart                         0x080094a7   Thumb Code     4  stm32f1xx_ll_usb.o(i.USB_EP0_OutStart)
    USB_EPClearStall                         0x080094ab   Thumb Code   120  stm32f1xx_ll_usb.o(i.USB_EPClearStall)
    USB_EPSetStall                           0x08009523   Thumb Code    50  stm32f1xx_ll_usb.o(i.USB_EPSetStall)
    USB_EPStartXfer                          0x08009555   Thumb Code  1548  stm32f1xx_ll_usb.o(i.USB_EPStartXfer)
    USB_EnableGlobalInt                      0x08009b61   Thumb Code    18  stm32f1xx_ll_usb.o(i.USB_EnableGlobalInt)
    USB_FlushRxFifo                          0x08009b73   Thumb Code     4  stm32f1xx_ll_usb.o(i.USB_FlushRxFifo)
    USB_FlushTxFifo                          0x08009b77   Thumb Code     4  stm32f1xx_ll_usb.o(i.USB_FlushTxFifo)
    USB_LP_CAN1_RX0_IRQHandler               0x08009b7d   Thumb Code     6  stm32f1xx_it.o(i.USB_LP_CAN1_RX0_IRQHandler)
    USB_ReadInterrupts                       0x08009b89   Thumb Code     6  stm32f1xx_ll_usb.o(i.USB_ReadInterrupts)
    USB_ReadPMA                              0x08009b91   Thumb Code    44  stm32f1xx_ll_usb.o(i.USB_ReadPMA)
    USB_SetCurrentMode                       0x08009bbd   Thumb Code     4  stm32f1xx_ll_usb.o(i.USB_SetCurrentMode)
    USB_SetDevAddress                        0x08009bc1   Thumb Code    12  stm32f1xx_ll_usb.o(i.USB_SetDevAddress)
    USB_WritePMA                             0x08009bcd   Thumb Code    38  stm32f1xx_ll_usb.o(i.USB_WritePMA)
    UsageFault_Handler                       0x08009bf3   Thumb Code     2  stm32f1xx_it.o(i.UsageFault_Handler)
    Write_Last_File                          0x08009bf5   Thumb Code    44  file_user.o(i.Write_Last_File)
    __0printf                                0x08009c39   Thumb Code    22  printfa.o(i.__0printf)
    __1printf                                0x08009c39   Thumb Code     0  printfa.o(i.__0printf)
    __2printf                                0x08009c39   Thumb Code     0  printfa.o(i.__0printf)
    __c89printf                              0x08009c39   Thumb Code     0  printfa.o(i.__0printf)
    printf                                   0x08009c39   Thumb Code     0  printfa.o(i.__0printf)
    __0sprintf                               0x08009c59   Thumb Code    34  printfa.o(i.__0sprintf)
    __1sprintf                               0x08009c59   Thumb Code     0  printfa.o(i.__0sprintf)
    __2sprintf                               0x08009c59   Thumb Code     0  printfa.o(i.__0sprintf)
    __c89sprintf                             0x08009c59   Thumb Code     0  printfa.o(i.__0sprintf)
    sprintf                                  0x08009c59   Thumb Code     0  printfa.o(i.__0sprintf)
    __scatterload_copy                       0x08009ca1   Thumb Code    14  handlers.o(i.__scatterload_copy)
    __scatterload_null                       0x08009caf   Thumb Code     2  handlers.o(i.__scatterload_null)
    __scatterload_zeroinit                   0x08009cb1   Thumb Code    14  handlers.o(i.__scatterload_zeroinit)
    array_find                               0x0800a57d   Thumb Code    62  my_sys.o(i.array_find)
    clust2sect                               0x0800a629   Thumb Code    24  ff.o(i.clust2sect)
    delay_1ms                                0x0800a99d   Thumb Code    16  my_sys.o(i.delay_1ms)
    delay_ms                                 0x0800a9ad   Thumb Code    20  my_sys.o(i.delay_ms)
    delaymS                                  0x0800a9c1   Thumb Code    28  swd_host.o(i.delaymS)
    disk_initialize                          0x0800aed9   Thumb Code    16  diskio.o(i.disk_initialize)
    disk_ioctl                               0x0800aee9   Thumb Code    66  diskio.o(i.disk_ioctl)
    disk_read                                0x0800af31   Thumb Code    48  diskio.o(i.disk_read)
    disk_status                              0x0800af65   Thumb Code    12  diskio.o(i.disk_status)
    disk_write                               0x0800af71   Thumb Code    50  diskio.o(i.disk_write)
    f_close                                  0x0800afa9   Thumb Code    28  ff.o(i.f_close)
    f_closedir                               0x0800afc5   Thumb Code    18  ff.o(i.f_closedir)
    f_findfirst                              0x0800afd7   Thumb Code    32  ff.o(i.f_findfirst)
    f_findnext                               0x0800aff7   Thumb Code    68  ff.o(i.f_findnext)
    f_mkdir                                  0x0800b03b   Thumb Code   346  ff.o(i.f_mkdir)
    f_mount                                  0x0800b195   Thumb Code    72  ff.o(i.f_mount)
    f_open                                   0x0800b1e1   Thumb Code   324  ff.o(i.f_open)
    f_opendir                                0x0800b325   Thumb Code   100  ff.o(i.f_opendir)
    f_read                                   0x0800b389   Thumb Code   318  ff.o(i.f_read)
    f_readdir                                0x0800b4c7   Thumb Code    86  ff.o(i.f_readdir)
    f_sync                                   0x0800b51d   Thumb Code   120  ff.o(i.f_sync)
    f_write                                  0x0800b595   Thumb Code   400  ff.o(i.f_write)
    ff_convert                               0x0800b725   Thumb Code    70  cc936.o(i.ff_convert)
    ff_wtoupper                              0x0800b771   Thumb Code    70  cc936.o(i.ff_wtoupper)
    fputc                                    0x0800ba89   Thumb Code    18  usart1_hw.o(i.fputc)
    get_fat                                  0x0800bb6b   Thumb Code   232  ff.o(i.get_fat)
    get_fattime                              0x0800bc55   Thumb Code     4  diskio.o(i.get_fattime)
    main                                     0x0800bd89   Thumb Code    82  main.o(i.main)
    put_fat                                  0x0800becf   Thumb Code   288  ff.o(i.put_fat)
    swd_flash_syscall_exec                   0x0800c07d   Thumb Code   158  swd_host.o(i.swd_flash_syscall_exec)
    swd_init                                 0x0800c125   Thumb Code    14  swd_host.o(i.swd_init)
    swd_init_debug                           0x0800c135   Thumb Code   134  swd_host.o(i.swd_init_debug)
    swd_off                                  0x0800c1c5   Thumb Code    62  swd_host.o(i.swd_off)
    swd_read_dp                              0x0800c26d   Thumb Code    66  swd_host.o(i.swd_read_dp)
    swd_set_target_reset                     0x0800c2f5   Thumb Code    22  swd_host.o(i.swd_set_target_reset)
    swd_set_target_state_hw                  0x0800c315   Thumb Code   330  swd_host.o(i.swd_set_target_state_hw)
    swd_write_ap                             0x0800c489   Thumb Code    86  swd_host.o(i.swd_write_ap)
    swd_write_dp                             0x0800c681   Thumb Code    48  swd_host.o(i.swd_write_dp)
    swd_write_memory                         0x0800c6b5   Thumb Code   112  swd_host.o(i.swd_write_memory)
    target_flash_erase_sector                0x0800c855   Thumb Code    34  swd_flash.o(i.target_flash_erase_sector)
    target_flash_init                        0x0800c87d   Thumb Code    66  swd_flash.o(i.target_flash_init)
    target_flash_program_page                0x0800c8c5   Thumb Code    84  swd_flash.o(i.target_flash_program_page)
    AHBPrescTable                            0x0800c93e   Data          16  system_stm32f1xx.o(.constdata)
    APBPrescTable                            0x0800c94e   Data           8  system_stm32f1xx.o(.constdata)
    CODE_8_16                                0x0800c956   Data        1520  font_user.o(.constdata)
    STORAGE_Inquirydata_FS                   0x0800d008   Data          36  usbd_storage_if.o(.constdata)
    MSC_Page00_Inquiry_Data                  0x0800d02c   Data           7  usbd_msc_data.o(.constdata)
    MSC_Mode_Sense6_data                     0x0800d033   Data           8  usbd_msc_data.o(.constdata)
    MSC_Mode_Sense10_data                    0x0800d03b   Data           8  usbd_msc_data.o(.constdata)
    flash_algo_STM32_F1_128                  0x0800d988   Data          52  stm32f10x_128.o(.constdata)
    flash_algo_STM32_F4_1024                 0x0800db24   Data          52  stm32f4xx_1024.o(.constdata)
    flash_algo_F0_16                         0x0800dcb0   Data          52  stm32f0xx_16.o(.constdata)
    Region$$Table$$Base                      0x0800dce4   Number         0  anon$$obj.o(Region$$Table)
    Region$$Table$$Limit                     0x0800dd04   Number         0  anon$$obj.o(Region$$Table)
    uwTickFreq                               0x20000000   Data           1  stm32f1xx_hal.o(.data)
    uwTickPrio                               0x20000004   Data           4  stm32f1xx_hal.o(.data)
    uwTick                                   0x20000008   Data           4  stm32f1xx_hal.o(.data)
    SystemCoreClock                          0x2000000c   Data           4  system_stm32f1xx.o(.data)
    SPI_Flash                                0x20000010   Data           8  spi_flash.o(.data)
    RT_Count                                 0x20000022   Data           1  cycle_user.o(.data)
    CountFlag                                0x20000026   Data           1  oled_user.o(.data)
    BufFinshFlag                             0x20000027   Data           1  oled_user.o(.data)
    OLED_Roll_Flag                           0x20000028   Data           1  oled_user.o(.data)
    Roll_Wide                                0x2000002a   Data           2  oled_user.o(.data)
    OLED_Init_CMD                            0x2000002c   Data          29  oled_user.o(.data)
    BIN_LIST_TOTLE                           0x2000004c   Data           1  file_user.o(.data)
    res                                      0x2000004d   Data           1  file_user.o(.data)
    file_size                                0x20000050   Data           4  file_user.o(.data)
    Last_File                                0x20000054   Data          64  file_user.o(.data)
    Logic_Statu                              0x20000094   Data           1  logic_control.o(.data)
    Point_Flag                               0x20000095   Data           1  logic_control.o(.data)
    Current_BIN_Flag                         0x20000096   Data           1  logic_control.o(.data)
    KEY1_STATU                               0x20000098   Data           1  key_scan.o(.data)
    KEY2_STATU                               0x20000099   Data           1  key_scan.o(.data)
    KEY3_STATU                               0x2000009a   Data           1  key_scan.o(.data)
    KEY4_STATU                               0x2000009b   Data           1  key_scan.o(.data)
    KEY_DATA                                 0x2000009c   Data           1  key_scan.o(.data)
    KEY_TIM_STATU                            0x2000009e   Data           2  key_scan.o(.data)
    Bin_Flash_Type                           0x200000a0   Data           2  burn_serve.o(.data)
    read_count                               0x200000a2   Data           2  burn_serve.o(.data)
    Bin_Size                                 0x200000a4   Data           4  burn_serve.o(.data)
    flash_address                            0x200000a8   Data           4  burn_serve.o(.data)
    STM32F4_Flash_Table                      0x200000ac   Data          52  burn_serve.o(.data)
    FS_Desc                                  0x200000e0   Data          28  usbd_desc.o(.data)
    USBD_LangIDDesc                          0x200000fc   Data           4  usbd_desc.o(.data)
    USBD_FS_DeviceDesc                       0x20000100   Data          18  usbd_desc.o(.data)
    USBD_StringSerial                        0x20000114   Data          26  usbd_desc.o(.data)
    USBD_Storage_Interface_fops_FS           0x20000130   Data          32  usbd_storage_if.o(.data)
    USBD_MSC                                 0x20000154   Data          56  usbd_msc.o(.data)
    USBD_MSC_CfgHSDesc                       0x2000018c   Data          32  usbd_msc.o(.data)
    USBD_MSC_CfgFSDesc                       0x200001ac   Data          32  usbd_msc.o(.data)
    USBD_MSC_OtherSpeedCfgDesc               0x200001cc   Data          32  usbd_msc.o(.data)
    USBD_MSC_DeviceQualifierDesc             0x200001ec   Data          10  usbd_msc.o(.data)
    Flash_Page_Size                          0x20000200   Data           4  swd_host.o(.data)
    flash_algo                               0x2000020c   Data           4  swd_flash.o(.data)
    __stdout                                 0x20000210   Data           4  stdout.o(.data)
    huart1                                   0x20000214   Data          68  usart.o(.bss)
    hdma_usart1_rx                           0x20000258   Data          68  usart.o(.bss)
    hspi1                                    0x2000029c   Data          88  spi.o(.bss)
    hsd                                      0x200002f4   Data         132  sdio.o(.bss)
    hdma_sdio                                0x20000378   Data          68  sdio.o(.bss)
    hi2c2                                    0x200003bc   Data          84  i2c.o(.bss)
    hdma_i2c2_tx                             0x20000410   Data          68  i2c.o(.bss)
    htim2                                    0x20000454   Data          72  tim.o(.bss)
    USART1_RX_BUFF                           0x2000049c   Data         128  usart1_hw.o(.bss)
    OLED_CMDbuf                              0x2000051c   Data          32  oled_user.o(.bss)
    OLED_GRAMbuf                             0x2000053c   Data        4096  oled_user.o(.bss)
    fs                                       0x2000153c   Data        4144  file_user.o(.bss)
    fBIN                                     0x2000256c   Data          36  file_user.o(.bss)
    fLast                                    0x20002590   Data          36  file_user.o(.bss)
    sys_dir                                  0x200025b4   Data          40  file_user.o(.bss)
    root_dir                                 0x200025dc   Data          40  file_user.o(.bss)
    BIN_message                              0x20002604   Data          32  file_user.o(.bss)
    BIN_LIST_TABLE                           0x20002624   Data        6400  file_user.o(.bss)
    Current_Page_Buff                        0x20003f24   Data         256  logic_control.o(.bss)
    hUsbDeviceFS                             0x20004024   Data         708  usb_device.o(.bss)
    hpcd_USB_FS                              0x20005358   Data         748  usbd_conf.o(.bss)
    USBD_StrDesc                             0x20005644   Data         512  usbd_desc.o(.bss)
    DAP_Data                                 0x20005844   Data          68  dap.o(.bss)
    state                                    0x20005888   Data          68  swd_host.o(.bss)
    __initial_sp                             0x200098d0   Data           0  startup_stm32f103xe.o(STACK)



==============================================================================

Memory Map of the image

  Image Entry point : 0x08000131

  Load Region LR_IROM1 (Base: 0x08000000, Size: 0x0000df18, Max: 0x00040000, ABSOLUTE, COMPRESSED[0x0000ddf8])

    Execution Region ER_IROM1 (Base: 0x08000000, Size: 0x0000dd04, Max: 0x00040000, ABSOLUTE)

    Base Addr    Size         Type   Attr      Idx    E Section Name        Object

    0x08000000   0x00000130   Data   RO            3    RESET               startup_stm32f103xe.o
    0x08000130   0x00000000   Code   RO         7671  * .ARM.Collect$$$$00000000  mc_w.l(entry.o)
    0x08000130   0x00000004   Code   RO         7947    .ARM.Collect$$$$00000001  mc_w.l(entry2.o)
    0x08000134   0x00000004   Code   RO         7950    .ARM.Collect$$$$00000004  mc_w.l(entry5.o)
    0x08000138   0x00000000   Code   RO         7952    .ARM.Collect$$$$00000008  mc_w.l(entry7b.o)
    0x08000138   0x00000000   Code   RO         7954    .ARM.Collect$$$$0000000A  mc_w.l(entry8b.o)
    0x08000138   0x00000008   Code   RO         7955    .ARM.Collect$$$$0000000B  mc_w.l(entry9a.o)
    0x08000140   0x00000000   Code   RO         7957    .ARM.Collect$$$$0000000D  mc_w.l(entry10a.o)
    0x08000140   0x00000000   Code   RO         7959    .ARM.Collect$$$$0000000F  mc_w.l(entry11a.o)
    0x08000140   0x00000004   Code   RO         7948    .ARM.Collect$$$$00002712  mc_w.l(entry2.o)
    0x08000144   0x00000024   Code   RO            4    .text               startup_stm32f103xe.o
    0x08000168   0x00000020   Code   RO         7674    .text               mc_w.l(llushr.o)
    0x08000188   0x00000024   Code   RO         7676    .text               mc_w.l(memcpya.o)
    0x080001ac   0x00000024   Code   RO         7678    .text               mc_w.l(memseta.o)
    0x080001d0   0x0000002e   Code   RO         7943    .text               mf_w.l(dscalb.o)
    0x080001fe   0x0000001a   Code   RO         7945    .text               mf_w.l(dfltui.o)
    0x08000218   0x0000002c   Code   RO         7962    .text               mc_w.l(uidiv.o)
    0x08000244   0x00000062   Code   RO         7964    .text               mc_w.l(uldiv.o)
    0x080002a6   0x00000000   Code   RO         7966    .text               mc_w.l(iusefp.o)
    0x080002a6   0x000000ba   Code   RO         7967    .text               mf_w.l(depilogue.o)
    0x08000360   0x0000014e   Code   RO         7969    .text               mf_w.l(dadd.o)
    0x080004ae   0x000000e4   Code   RO         7971    .text               mf_w.l(dmul.o)
    0x08000592   0x000000de   Code   RO         7973    .text               mf_w.l(ddiv.o)
    0x08000670   0x00000030   Code   RO         7975    .text               mf_w.l(dfixul.o)
    0x080006a0   0x00000030   Code   RO         7977    .text               mf_w.l(cdrcmple.o)
    0x080006d0   0x00000024   Code   RO         7979    .text               mc_w.l(init.o)
    0x080006f4   0x0000001e   Code   RO         7981    .text               mc_w.l(llshl.o)
    0x08000712   0x00000024   Code   RO         7983    .text               mc_w.l(llsshr.o)
    0x08000736   0x00000056   Code   RO         7993    .text               mc_w.l(__dczerorl2.o)
    0x0800078c   0x00000068   Code   RO         5394    i.Brow_Down_Serve   logic_control.o
    0x080007f4   0x00000028   Code   RO         5395    i.Brow_OK_Serve     logic_control.o
    0x0800081c   0x0000005c   Code   RO         5396    i.Brow_Up_Serve     logic_control.o
    0x08000878   0x00000014   Code   RO         5530    i.Burn_Test         burn_serve.o
    0x0800088c   0x00000002   Code   RO         4472    i.BusFault_Handler  stm32f1xx_it.o
    0x0800088e   0x00000002   PAD
    0x08000890   0x000000d0   Code   RO         5531    i.Check_BIN_File    burn_serve.o
    0x08000960   0x00000028   Code   RO         7058    i.DAP_Setup         dap.o
    0x08000988   0x0000000c   Code   RO         4763    i.DMA1_Channel4_IRQHandler  i2c.o
    0x08000994   0x0000000c   Code   RO         4473    i.DMA2_Channel4_5_IRQHandler  stm32f1xx_it.o
    0x080009a0   0x0000002a   Code   RO         1506    i.DMA_SetConfig     stm32f1xx_hal_dma.o
    0x080009ca   0x00000002   Code   RO         4474    i.DebugMon_Handler  stm32f1xx_it.o
    0x080009cc   0x000000d4   Code   RO         5532    i.Erease_Flash_Sector  burn_serve.o
    0x08000aa0   0x00000004   Code   RO         4192    i.Error_Handler     main.o
    0x08000aa4   0x00000058   Code   RO         5323    i.FatFS_Init        file_user.o
    0x08000afc   0x000000b8   Code   RO         5397    i.File_Brow_Fresh_OLED  logic_control.o
    0x08000bb4   0x00000038   Code   RO         5398    i.File_Brow_Init    logic_control.o
    0x08000bec   0x00000030   Code   RO         5399    i.File_Brow_Serve   logic_control.o
    0x08000c1c   0x0000006c   Code   RO         5400    i.File_Burn_Init    logic_control.o
    0x08000c88   0x00000014   Code   RO         5401    i.File_Burn_Serve   logic_control.o
    0x08000c9c   0x00000094   Code   RO         5402    i.File_Choosed_Init  logic_control.o
    0x08000d30   0x00000028   Code   RO         5403    i.File_Choosed_Serve  logic_control.o
    0x08000d58   0x0000009c   Code   RO         5324    i.File_Creat_List   file_user.o
    0x08000df4   0x00000012   Code   RO         5325    i.File_Init         file_user.o
    0x08000e06   0x00000002   PAD
    0x08000e08   0x00000078   Code   RO         5327    i.Fresh_Last_File   file_user.o
    0x08000e80   0x0000016c   Code   RO         5328    i.Fresh_List        file_user.o
    0x08000fec   0x00000028   Code   RO         5329    i.Get_BIN_Size      file_user.o
    0x08001014   0x00000046   Code   RO         1507    i.HAL_DMA_Abort     stm32f1xx_hal_dma.o
    0x0800105a   0x00000002   PAD
    0x0800105c   0x00000130   Code   RO         1508    i.HAL_DMA_Abort_IT  stm32f1xx_hal_dma.o
    0x0800118c   0x00000006   Code   RO         1511    i.HAL_DMA_GetState  stm32f1xx_hal_dma.o
    0x08001192   0x00000002   PAD
    0x08001194   0x00000248   Code   RO         1512    i.HAL_DMA_IRQHandler  stm32f1xx_hal_dma.o
    0x080013dc   0x0000007c   Code   RO         1513    i.HAL_DMA_Init      stm32f1xx_hal_dma.o
    0x08001458   0x00000070   Code   RO         1517    i.HAL_DMA_Start_IT  stm32f1xx_hal_dma.o
    0x080014c8   0x00000024   Code   RO         1135    i.HAL_Delay         stm32f1xx_hal.o
    0x080014ec   0x00000120   Code   RO         1440    i.HAL_GPIO_DeInit   stm32f1xx_hal_gpio.o
    0x0800160c   0x000001f8   Code   RO         1443    i.HAL_GPIO_Init     stm32f1xx_hal_gpio.o
    0x08001804   0x0000000a   Code   RO         1445    i.HAL_GPIO_ReadPin  stm32f1xx_hal_gpio.o
    0x0800180e   0x0000000a   Code   RO         1447    i.HAL_GPIO_WritePin  stm32f1xx_hal_gpio.o
    0x08001818   0x0000000c   Code   RO         1139    i.HAL_GetTick       stm32f1xx_hal.o
    0x08001824   0x00000002   Code   RO         3235    i.HAL_I2C_AbortCpltCallback  stm32f1xx_hal_i2c.o
    0x08001826   0x00000002   Code   RO         3236    i.HAL_I2C_AddrCallback  stm32f1xx_hal_i2c.o
    0x08001828   0x00000230   Code   RO         3240    i.HAL_I2C_EV_IRQHandler  stm32f1xx_hal_i2c.o
    0x08001a58   0x00000002   Code   RO         3242    i.HAL_I2C_ErrorCallback  stm32f1xx_hal_i2c.o
    0x08001a5a   0x00000002   PAD
    0x08001a5c   0x00000188   Code   RO         3246    i.HAL_I2C_Init      stm32f1xx_hal_i2c.o
    0x08001be4   0x00000002   Code   RO         3248    i.HAL_I2C_ListenCpltCallback  stm32f1xx_hal_i2c.o
    0x08001be6   0x00000002   Code   RO         3249    i.HAL_I2C_MasterRxCpltCallback  stm32f1xx_hal_i2c.o
    0x08001be8   0x00000034   Code   RO         5202    i.HAL_I2C_MasterTxCpltCallback  oled_user.o
    0x08001c1c   0x0000015c   Code   RO         3260    i.HAL_I2C_Master_Transmit_DMA  stm32f1xx_hal_i2c.o
    0x08001d78   0x00000002   Code   RO         3262    i.HAL_I2C_MemRxCpltCallback  stm32f1xx_hal_i2c.o
    0x08001d7a   0x00000002   PAD
    0x08001d7c   0x00000038   Code   RO         5203    i.HAL_I2C_MemTxCpltCallback  oled_user.o
    0x08001db4   0x00000188   Code   RO         3268    i.HAL_I2C_Mem_Write_DMA  stm32f1xx_hal_i2c.o
    0x08001f3c   0x000000a0   Code   RO         4765    i.HAL_I2C_MspInit   i2c.o
    0x08001fdc   0x00000002   Code   RO         3272    i.HAL_I2C_SlaveRxCpltCallback  stm32f1xx_hal_i2c.o
    0x08001fde   0x00000002   Code   RO         3273    i.HAL_I2C_SlaveTxCpltCallback  stm32f1xx_hal_i2c.o
    0x08001fe0   0x00000010   Code   RO         1145    i.HAL_IncTick       stm32f1xx_hal.o
    0x08001ff0   0x00000024   Code   RO         1146    i.HAL_Init          stm32f1xx_hal.o
    0x08002014   0x00000040   Code   RO         1147    i.HAL_InitTick      stm32f1xx_hal.o
    0x08002054   0x0000003c   Code   RO         4448    i.HAL_MspInit       stm32f1xx_hal_msp.o
    0x08002090   0x0000001a   Code   RO         1603    i.HAL_NVIC_EnableIRQ  stm32f1xx_hal_cortex.o
    0x080020aa   0x00000002   PAD
    0x080020ac   0x00000040   Code   RO         1609    i.HAL_NVIC_SetPriority  stm32f1xx_hal_cortex.o
    0x080020ec   0x00000024   Code   RO         1610    i.HAL_NVIC_SetPriorityGrouping  stm32f1xx_hal_cortex.o
    0x08002110   0x0000003c   Code   RO         3015    i.HAL_PCDEx_PMAConfig  stm32f1xx_hal_pcd_ex.o
    0x0800214c   0x00000002   Code   RO         5670    i.HAL_PCDEx_SetConnectionState  usbd_conf.o
    0x0800214e   0x00000012   Code   RO         5672    i.HAL_PCD_DataInStageCallback  usbd_conf.o
    0x08002160   0x00000014   Code   RO         5673    i.HAL_PCD_DataOutStageCallback  usbd_conf.o
    0x08002174   0x0000004c   Code   RO         2791    i.HAL_PCD_EP_Close  stm32f1xx_hal_pcd.o
    0x080021c0   0x0000005c   Code   RO         2792    i.HAL_PCD_EP_ClrStall  stm32f1xx_hal_pcd.o
    0x0800221c   0x000000e6   Code   RO         2793    i.HAL_PCD_EP_DB_Receive  stm32f1xx_hal_pcd.o
    0x08002302   0x00000330   Code   RO         2794    i.HAL_PCD_EP_DB_Transmit  stm32f1xx_hal_pcd.o
    0x08002632   0x00000034   Code   RO         2795    i.HAL_PCD_EP_Flush  stm32f1xx_hal_pcd.o
    0x08002666   0x00000012   Code   RO         2796    i.HAL_PCD_EP_GetRxCount  stm32f1xx_hal_pcd.o
    0x08002678   0x00000060   Code   RO         2797    i.HAL_PCD_EP_Open   stm32f1xx_hal_pcd.o
    0x080026d8   0x00000032   Code   RO         2798    i.HAL_PCD_EP_Receive  stm32f1xx_hal_pcd.o
    0x0800270a   0x00000072   Code   RO         2799    i.HAL_PCD_EP_SetStall  stm32f1xx_hal_pcd.o
    0x0800277c   0x00000034   Code   RO         2800    i.HAL_PCD_EP_Transmit  stm32f1xx_hal_pcd.o
    0x080027b0   0x00000154   Code   RO         2802    i.HAL_PCD_IRQHandler  stm32f1xx_hal_pcd.o
    0x08002904   0x000000da   Code   RO         2805    i.HAL_PCD_Init      stm32f1xx_hal_pcd.o
    0x080029de   0x00000002   PAD
    0x080029e0   0x0000003c   Code   RO         5678    i.HAL_PCD_MspInit   usbd_conf.o
    0x08002a1c   0x00000026   Code   RO         5679    i.HAL_PCD_ResetCallback  usbd_conf.o
    0x08002a42   0x00000008   Code   RO         5680    i.HAL_PCD_ResumeCallback  usbd_conf.o
    0x08002a4a   0x00000008   Code   RO         5681    i.HAL_PCD_SOFCallback  usbd_conf.o
    0x08002a52   0x00000028   Code   RO         2811    i.HAL_PCD_SetAddress  stm32f1xx_hal_pcd.o
    0x08002a7a   0x0000000e   Code   RO         5682    i.HAL_PCD_SetupStageCallback  usbd_conf.o
    0x08002a88   0x00000032   Code   RO         2813    i.HAL_PCD_Start     stm32f1xx_hal_pcd.o
    0x08002aba   0x00000002   PAD
    0x08002abc   0x00000024   Code   RO         5683    i.HAL_PCD_SuspendCallback  usbd_conf.o
    0x08002ae0   0x000000ec   Code   RO         1406    i.HAL_RCCEx_PeriphCLKConfig  stm32f1xx_hal_rcc_ex.o
    0x08002bcc   0x0000012c   Code   RO         1303    i.HAL_RCC_ClockConfig  stm32f1xx_hal_rcc.o
    0x08002cf8   0x00000020   Code   RO         1310    i.HAL_RCC_GetPCLK1Freq  stm32f1xx_hal_rcc.o
    0x08002d18   0x00000020   Code   RO         1311    i.HAL_RCC_GetPCLK2Freq  stm32f1xx_hal_rcc.o
    0x08002d38   0x0000006c   Code   RO         1312    i.HAL_RCC_GetSysClockFreq  stm32f1xx_hal_rcc.o
    0x08002da4   0x00000320   Code   RO         1315    i.HAL_RCC_OscConfig  stm32f1xx_hal_rcc.o
    0x080030c4   0x00000002   Code   RO         3668    i.HAL_SD_AbortCallback  stm32f1xx_hal_sd.o
    0x080030c6   0x00000002   PAD
    0x080030c8   0x00000118   Code   RO         3670    i.HAL_SD_ConfigWideBusOperation  stm32f1xx_hal_sd.o
    0x080031e0   0x00000002   Code   RO         3673    i.HAL_SD_ErrorCallback  stm32f1xx_hal_sd.o
    0x080031e2   0x00000002   PAD
    0x080031e4   0x00000198   Code   RO         3675    i.HAL_SD_GetCardCSD  stm32f1xx_hal_sd.o
    0x0800337c   0x00000024   Code   RO         3676    i.HAL_SD_GetCardInfo  stm32f1xx_hal_sd.o
    0x080033a0   0x0000002c   Code   RO         3677    i.HAL_SD_GetCardState  stm32f1xx_hal_sd.o
    0x080033cc   0x00000006   Code   RO         3680    i.HAL_SD_GetState   stm32f1xx_hal_sd.o
    0x080033d2   0x00000002   PAD
    0x080033d4   0x000001f8   Code   RO         3681    i.HAL_SD_IRQHandler  stm32f1xx_hal_sd.o
    0x080035cc   0x00000036   Code   RO         3682    i.HAL_SD_Init       stm32f1xx_hal_sd.o
    0x08003602   0x00000002   PAD
    0x08003604   0x00000074   Code   RO         3683    i.HAL_SD_InitCard   stm32f1xx_hal_sd.o
    0x08003678   0x000000cc   Code   RO         4722    i.HAL_SD_MspInit    sdio.o
    0x08003744   0x000001d8   Code   RO         3686    i.HAL_SD_ReadBlocks  stm32f1xx_hal_sd.o
    0x0800391c   0x00000002   Code   RO         3689    i.HAL_SD_RxCpltCallback  stm32f1xx_hal_sd.o
    0x0800391e   0x00000002   Code   RO         3690    i.HAL_SD_TxCpltCallback  stm32f1xx_hal_sd.o
    0x08003920   0x000001ac   Code   RO         3691    i.HAL_SD_WriteBlocks  stm32f1xx_hal_sd.o
    0x08003acc   0x000000b2   Code   RO         2471    i.HAL_SPI_Init      stm32f1xx_hal_spi.o
    0x08003b7e   0x00000002   PAD
    0x08003b80   0x00000070   Code   RO         4680    i.HAL_SPI_MspInit   spi.o
    0x08003bf0   0x000001e2   Code   RO         2480    i.HAL_SPI_TransmitReceive  stm32f1xx_hal_spi.o
    0x08003dd2   0x00000028   Code   RO         1614    i.HAL_SYSTICK_Config  stm32f1xx_hal_cortex.o
    0x08003dfa   0x00000002   Code   RO          861    i.HAL_TIMEx_BreakCallback  stm32f1xx_hal_tim_ex.o
    0x08003dfc   0x00000002   Code   RO          862    i.HAL_TIMEx_CommutCallback  stm32f1xx_hal_tim_ex.o
    0x08003dfe   0x00000002   PAD
    0x08003e00   0x0000007c   Code   RO          880    i.HAL_TIMEx_MasterConfigSynchronization  stm32f1xx_hal_tim_ex.o
    0x08003e7c   0x0000005a   Code   RO          157    i.HAL_TIM_Base_Init  stm32f1xx_hal_tim.o
    0x08003ed6   0x00000002   PAD
    0x08003ed8   0x00000038   Code   RO         4818    i.HAL_TIM_Base_MspInit  tim.o
    0x08003f10   0x0000006c   Code   RO          162    i.HAL_TIM_Base_Start_IT  stm32f1xx_hal_tim.o
    0x08003f7c   0x000000d6   Code   RO          166    i.HAL_TIM_ConfigClockSource  stm32f1xx_hal_tim.o
    0x08004052   0x00000002   Code   RO          191    i.HAL_TIM_IC_CaptureCallback  stm32f1xx_hal_tim.o
    0x08004054   0x00000166   Code   RO          205    i.HAL_TIM_IRQHandler  stm32f1xx_hal_tim.o
    0x080041ba   0x00000002   Code   RO          208    i.HAL_TIM_OC_DelayElapsedCallback  stm32f1xx_hal_tim.o
    0x080041bc   0x00000002   Code   RO          235    i.HAL_TIM_PWM_PulseFinishedCallback  stm32f1xx_hal_tim.o
    0x080041be   0x00000002   Code   RO          243    i.HAL_TIM_PeriodElapsedCallback  stm32f1xx_hal_tim.o
    0x080041c0   0x00000002   Code   RO          248    i.HAL_TIM_TriggerCallback  stm32f1xx_hal_tim.o
    0x080041c2   0x0000004a   Code   RO         2112    i.HAL_UARTEx_ReceiveToIdle_DMA  stm32f1xx_hal_uart.o
    0x0800420c   0x00000028   Code   RO         4859    i.HAL_UARTEx_RxEventCallback  usart1_hw.o
    0x08004234   0x00000002   Code   RO         2128    i.HAL_UART_ErrorCallback  stm32f1xx_hal_uart.o
    0x08004236   0x00000002   PAD
    0x08004238   0x0000020c   Code   RO         2131    i.HAL_UART_IRQHandler  stm32f1xx_hal_uart.o
    0x08004444   0x00000062   Code   RO         2132    i.HAL_UART_Init     stm32f1xx_hal_uart.o
    0x080044a6   0x00000002   PAD
    0x080044a8   0x000000b0   Code   RO         4638    i.HAL_UART_MspInit  usart.o
    0x08004558   0x00000002   Code   RO         2138    i.HAL_UART_RxCpltCallback  stm32f1xx_hal_uart.o
    0x0800455a   0x00000002   Code   RO         2139    i.HAL_UART_RxHalfCpltCallback  stm32f1xx_hal_uart.o
    0x0800455c   0x000000b2   Code   RO         2140    i.HAL_UART_Transmit  stm32f1xx_hal_uart.o
    0x0800460e   0x00000002   Code   RO         2143    i.HAL_UART_TxCpltCallback  stm32f1xx_hal_uart.o
    0x08004610   0x00000002   Code   RO         4475    i.HardFault_Handler  stm32f1xx_it.o
    0x08004612   0x00000002   PAD
    0x08004614   0x0000000c   Code   RO         4766    i.I2C2_EV_IRQHandler  i2c.o
    0x08004620   0x000000bc   Code   RO         3284    i.I2C_DMAAbort      stm32f1xx_hal_i2c.o
    0x080046dc   0x00000036   Code   RO         3285    i.I2C_DMAError      stm32f1xx_hal_i2c.o
    0x08004712   0x0000010a   Code   RO         3286    i.I2C_DMAXferCplt   stm32f1xx_hal_i2c.o
    0x0800481c   0x00000158   Code   RO         3287    i.I2C_ITError       stm32f1xx_hal_i2c.o
    0x08004974   0x0000002e   Code   RO         3288    i.I2C_IsAcknowledgeFailed  stm32f1xx_hal_i2c.o
    0x080049a2   0x000000d2   Code   RO         3289    i.I2C_MasterReceive_BTF  stm32f1xx_hal_i2c.o
    0x08004a74   0x000000e8   Code   RO         3290    i.I2C_MasterReceive_RXNE  stm32f1xx_hal_i2c.o
    0x08004b5c   0x00000082   Code   RO         3293    i.I2C_MasterTransmit_BTF  stm32f1xx_hal_i2c.o
    0x08004bde   0x00000002   PAD
    0x08004be0   0x000000b6   Code   RO         3294    i.I2C_MasterTransmit_TXE  stm32f1xx_hal_i2c.o
    0x08004c96   0x00000002   PAD
    0x08004c98   0x00000158   Code   RO         3295    i.I2C_Master_ADDR   stm32f1xx_hal_i2c.o
    0x08004df0   0x0000008c   Code   RO         3296    i.I2C_Master_SB     stm32f1xx_hal_i2c.o
    0x08004e7c   0x000000a0   Code   RO         3297    i.I2C_MemoryTransmit_TXE_BTF  stm32f1xx_hal_i2c.o
    0x08004f1c   0x000000a8   Code   RO         3299    i.I2C_RequestMemoryWrite  stm32f1xx_hal_i2c.o
    0x08004fc4   0x00000046   Code   RO         3300    i.I2C_Slave_ADDR    stm32f1xx_hal_i2c.o
    0x0800500a   0x00000002   PAD
    0x0800500c   0x0000015c   Code   RO         3302    i.I2C_Slave_STOPF   stm32f1xx_hal_i2c.o
    0x08005168   0x00000068   Code   RO         3304    i.I2C_WaitOnFlagUntilTimeout  stm32f1xx_hal_i2c.o
    0x080051d0   0x00000096   Code   RO         3305    i.I2C_WaitOnMasterAddressFlagUntilTimeout  stm32f1xx_hal_i2c.o
    0x08005266   0x0000004c   Code   RO         3307    i.I2C_WaitOnTXEFlagUntilTimeout  stm32f1xx_hal_i2c.o
    0x080052b2   0x00000002   PAD
    0x080052b4   0x00000038   Code   RO         5882    i.IntToUnicode      usbd_desc.o
    0x080052ec   0x00000044   Code   RO         7357    i.JTAG2SWD          swd_host.o
    0x08005330   0x00000280   Code   RO         5479    i.Key_Scan          key_scan.o
    0x080055b0   0x00000030   Code   RO         5404    i.Logic_Serve       logic_control.o
    0x080055e0   0x00000044   Code   RO         6390    i.MSC_BOT_Abort     usbd_msc_bot.o
    0x08005624   0x000000c0   Code   RO         6391    i.MSC_BOT_CBW_Decode  usbd_msc_bot.o
    0x080056e4   0x0000002a   Code   RO         6392    i.MSC_BOT_CplClrFeature  usbd_msc_bot.o
    0x0800570e   0x0000003c   Code   RO         6393    i.MSC_BOT_DataIn    usbd_msc_bot.o
    0x0800574a   0x0000003c   Code   RO         6394    i.MSC_BOT_DataOut   usbd_msc_bot.o
    0x08005786   0x0000000a   Code   RO         6395    i.MSC_BOT_DeInit    usbd_msc_bot.o
    0x08005790   0x00000048   Code   RO         6396    i.MSC_BOT_Init      usbd_msc_bot.o
    0x080057d8   0x0000001a   Code   RO         6397    i.MSC_BOT_Reset     usbd_msc_bot.o
    0x080057f2   0x00000002   PAD
    0x080057f4   0x00000040   Code   RO         6398    i.MSC_BOT_SendCSW   usbd_msc_bot.o
    0x08005834   0x0000004c   Code   RO         4610    i.MX_DMA_Init       dma.o
    0x08005880   0x00000140   Code   RO         4162    i.MX_GPIO_Init      gpio.o
    0x080059c0   0x00000040   Code   RO         4767    i.MX_I2C2_Init      i2c.o
    0x08005a00   0x00000044   Code   RO         4723    i.MX_SDIO_SD_Init   sdio.o
    0x08005a44   0x00000048   Code   RO         4681    i.MX_SPI1_Init      spi.o
    0x08005a8c   0x0000006c   Code   RO         4819    i.MX_TIM2_Init      tim.o
    0x08005af8   0x00000038   Code   RO         4639    i.MX_USART1_UART_Init  usart.o
    0x08005b30   0x00000054   Code   RO         5606    i.MX_USB_DEVICE_Init  usb_device.o
    0x08005b84   0x00000002   Code   RO         4476    i.MemManage_Handler  stm32f1xx_it.o
    0x08005b86   0x00000014   Code   RO         5137    i.Mem_Copy          my_sys.o
    0x08005b9a   0x00000002   Code   RO         4477    i.NMI_Handler       stm32f1xx_it.o
    0x08005b9c   0x00000040   Code   RO         4963    i.NorFlash_Read_CompanyID  spi_flash.o
    0x08005bdc   0x00000068   Code   RO         5204    i.OLED_Invert_Set   oled_user.o
    0x08005c44   0x000000e0   Code   RO         5205    i.OLED_Roll         oled_user.o
    0x08005d24   0x00000024   Code   RO         5206    i.OLED_Roll_Set     oled_user.o
    0x08005d48   0x0000003c   Code   RO         5208    i.OLED_Show_Char    oled_user.o
    0x08005d84   0x00000026   Code   RO         5209    i.OLED_Show_String  oled_user.o
    0x08005daa   0x00000002   PAD
    0x08005dac   0x00000020   Code   RO         5211    i.OLED_init         oled_user.o
    0x08005dcc   0x00000020   Code   RO         5212    i.OLED_operate_gram  oled_user.o
    0x08005dec   0x00000040   Code   RO         5213    i.OLED_refresh_gram  oled_user.o
    0x08005e2c   0x00000020   Code   RO         5214    i.OLED_set_pos      oled_user.o
    0x08005e4c   0x00000314   Code   RO         2817    i.PCD_EP_ISR_Handler  stm32f1xx_hal_pcd.o
    0x08006160   0x00000130   Code   RO         7061    i.PORT_JTAG_SETUP   dap.o
    0x08006290   0x00000114   Code   RO         7358    i.PORT_SWD_SETUP    swd_host.o
    0x080063a4   0x00000002   Code   RO         4478    i.PendSV_Handler    stm32f1xx_it.o
    0x080063a6   0x00000024   Code   RO         6486    i.SCSI_CheckAddressRange  usbd_msc_scsi.o
    0x080063ca   0x00000002   PAD
    0x080063cc   0x000001dc   Code   RO         6487    i.SCSI_ProcessCmd   usbd_msc_scsi.o
    0x080065a8   0x0000008a   Code   RO         6488    i.SCSI_ProcessRead  usbd_msc_scsi.o
    0x08006632   0x00000096   Code   RO         6489    i.SCSI_ProcessWrite  usbd_msc_scsi.o
    0x080066c8   0x00000092   Code   RO         6490    i.SCSI_Read10       usbd_msc_scsi.o
    0x0800675a   0x0000005c   Code   RO         6491    i.SCSI_ReadCapacity10  usbd_msc_scsi.o
    0x080067b6   0x0000006e   Code   RO         6492    i.SCSI_ReadFormatCapacity  usbd_msc_scsi.o
    0x08006824   0x00000040   Code   RO         6493    i.SCSI_SenseCode    usbd_msc_scsi.o
    0x08006864   0x000000b6   Code   RO         6494    i.SCSI_Write10      usbd_msc_scsi.o
    0x0800691a   0x00000024   Code   RO         3892    i.SDIO_ConfigData   stm32f1xx_ll_sdmmc.o
    0x0800693e   0x00000008   Code   RO         3896    i.SDIO_GetPowerState  stm32f1xx_ll_sdmmc.o
    0x08006946   0x00000006   Code   RO         3897    i.SDIO_GetResponse  stm32f1xx_ll_sdmmc.o
    0x0800694c   0x0000000c   Code   RO         4479    i.SDIO_IRQHandler   stm32f1xx_it.o
    0x08006958   0x00000024   Code   RO         3898    i.SDIO_Init         stm32f1xx_ll_sdmmc.o
    0x0800697c   0x00000010   Code   RO         3900    i.SDIO_PowerState_ON  stm32f1xx_ll_sdmmc.o
    0x0800698c   0x00000006   Code   RO         3901    i.SDIO_ReadFIFO     stm32f1xx_ll_sdmmc.o
    0x08006992   0x00000020   Code   RO         3902    i.SDIO_SendCommand  stm32f1xx_ll_sdmmc.o
    0x080069b2   0x0000000a   Code   RO         3904    i.SDIO_WriteFIFO    stm32f1xx_ll_sdmmc.o
    0x080069bc   0x00000032   Code   RO         3905    i.SDMMC_CmdAppCommand  stm32f1xx_ll_sdmmc.o
    0x080069ee   0x00000002   PAD
    0x080069f0   0x00000034   Code   RO         3906    i.SDMMC_CmdAppOperCommand  stm32f1xx_ll_sdmmc.o
    0x08006a24   0x00000032   Code   RO         3907    i.SDMMC_CmdBlockLength  stm32f1xx_ll_sdmmc.o
    0x08006a56   0x00000032   Code   RO         3908    i.SDMMC_CmdBusWidth  stm32f1xx_ll_sdmmc.o
    0x08006a88   0x00000050   Code   RO         3912    i.SDMMC_CmdGoIdleState  stm32f1xx_ll_sdmmc.o
    0x08006ad8   0x00000074   Code   RO         3914    i.SDMMC_CmdOperCond  stm32f1xx_ll_sdmmc.o
    0x08006b4c   0x00000032   Code   RO         3915    i.SDMMC_CmdReadMultiBlock  stm32f1xx_ll_sdmmc.o
    0x08006b7e   0x00000032   Code   RO         3916    i.SDMMC_CmdReadSingleBlock  stm32f1xx_ll_sdmmc.o
    0x08006bb0   0x00000032   Code   RO         3919    i.SDMMC_CmdSelDesel  stm32f1xx_ll_sdmmc.o
    0x08006be2   0x0000002c   Code   RO         3920    i.SDMMC_CmdSendCID  stm32f1xx_ll_sdmmc.o
    0x08006c0e   0x0000002c   Code   RO         3921    i.SDMMC_CmdSendCSD  stm32f1xx_ll_sdmmc.o
    0x08006c3a   0x00000030   Code   RO         3923    i.SDMMC_CmdSendSCR  stm32f1xx_ll_sdmmc.o
    0x08006c6a   0x00000032   Code   RO         3924    i.SDMMC_CmdSendStatus  stm32f1xx_ll_sdmmc.o
    0x08006c9c   0x00000030   Code   RO         3925    i.SDMMC_CmdSetRelAdd  stm32f1xx_ll_sdmmc.o
    0x08006ccc   0x00000034   Code   RO         3927    i.SDMMC_CmdStopTransfer  stm32f1xx_ll_sdmmc.o
    0x08006d00   0x00000032   Code   RO         3929    i.SDMMC_CmdWriteMultiBlock  stm32f1xx_ll_sdmmc.o
    0x08006d32   0x00000032   Code   RO         3930    i.SDMMC_CmdWriteSingleBlock  stm32f1xx_ll_sdmmc.o
    0x08006d64   0x00000120   Code   RO         3931    i.SDMMC_GetCmdResp1  stm32f1xx_ll_sdmmc.o
    0x08006e84   0x00000050   Code   RO         3932    i.SDMMC_GetCmdResp2  stm32f1xx_ll_sdmmc.o
    0x08006ed4   0x00000044   Code   RO         3933    i.SDMMC_GetCmdResp3  stm32f1xx_ll_sdmmc.o
    0x08006f18   0x00000088   Code   RO         3934    i.SDMMC_GetCmdResp6  stm32f1xx_ll_sdmmc.o
    0x08006fa0   0x00000044   Code   RO         3696    i.SD_DMARxAbort     stm32f1xx_hal_sd.o
    0x08006fe4   0x00000044   Code   RO         3698    i.SD_DMATxAbort     stm32f1xx_hal_sd.o
    0x08007028   0x000000da   Code   RO         3699    i.SD_FindSCR        stm32f1xx_hal_sd.o
    0x08007102   0x000000ee   Code   RO         3700    i.SD_InitCard       stm32f1xx_hal_sd.o
    0x080071f0   0x000000b4   Code   RO         3701    i.SD_PowerON        stm32f1xx_hal_sd.o
    0x080072a4   0x00000038   Code   RO         4970    i.SPI1_Init         spi_flash.o
    0x080072dc   0x00000020   Code   RO         2509    i.SPI_EndRxTxTransaction  stm32f1xx_hal_spi.o
    0x080072fc   0x00000024   Code   RO         4971    i.SPI_Flash_Init    spi_flash.o
    0x08007320   0x00000024   Code   RO         4972    i.SPI_NorFlash_SendByte  spi_flash.o
    0x08007344   0x000000b8   Code   RO         2514    i.SPI_WaitFlagStateUntilTimeout  stm32f1xx_hal_spi.o
    0x080073fc   0x00000090   Code   RO         5533    i.STM32F1_Erease_Flash  burn_serve.o
    0x0800748c   0x00000094   Code   RO         5534    i.STM32F4_Erease_Flash  burn_serve.o
    0x08007520   0x00000244   Code   RO         5535    i.STM32_Write_Flash  burn_serve.o
    0x08007764   0x00000034   Code   RO         5961    i.STORAGE_GetCapacity_FS  usbd_storage_if.o
    0x08007798   0x00000004   Code   RO         5962    i.STORAGE_GetMaxLun_FS  usbd_storage_if.o
    0x0800779c   0x00000004   Code   RO         5963    i.STORAGE_Init_FS   usbd_storage_if.o
    0x080077a0   0x00000004   Code   RO         5964    i.STORAGE_IsReady_FS  usbd_storage_if.o
    0x080077a4   0x00000004   Code   RO         5965    i.STORAGE_IsWriteProtected_FS  usbd_storage_if.o
    0x080077a8   0x00000038   Code   RO         5966    i.STORAGE_Read_FS   usbd_storage_if.o
    0x080077e0   0x00000034   Code   RO         5967    i.STORAGE_Write_FS  usbd_storage_if.o
    0x08007814   0x00000002   Code   RO         4480    i.SVC_Handler       stm32f1xx_it.o
    0x08007816   0x00000002   PAD
    0x08007818   0x00000014   Code   RO         7273    i.SWD_Transfer      sw_dp.o
    0x0800782c   0x00000254   Code   RO         7274    i.SWD_TransferFast  sw_dp.o
    0x08007a80   0x000003e8   Code   RO         7275    i.SWD_TransferSlow  sw_dp.o
    0x08007e68   0x00000054   Code   RO         7276    i.SWJ_Sequence      sw_dp.o
    0x08007ebc   0x0000001c   Code   RO         5536    i.Show_Burn_End     burn_serve.o
    0x08007ed8   0x0000003c   Code   RO         5537    i.Show_Burn_statu   burn_serve.o
    0x08007f14   0x0000003c   Code   RO         5538    i.Show_Erase_statu  burn_serve.o
    0x08007f50   0x00000004   Code   RO         4481    i.SysTick_Handler   stm32f1xx_it.o
    0x08007f54   0x00000078   Code   RO         4193    i.SystemClock_Config  main.o
    0x08007fcc   0x00000002   Code   RO         4573    i.SystemInit        system_stm32f1xx.o
    0x08007fce   0x00000002   PAD
    0x08007fd0   0x00000030   Code   RO         5071    i.TIM2_IRQHandler   cycle_user.o
    0x08008000   0x0000008c   Code   RO          250    i.TIM_Base_SetConfig  stm32f1xx_hal_tim.o
    0x0800808c   0x00000014   Code   RO          261    i.TIM_ETR_SetConfig  stm32f1xx_hal_tim.o
    0x080080a0   0x00000010   Code   RO          262    i.TIM_ITRx_SetConfig  stm32f1xx_hal_tim.o
    0x080080b0   0x00000022   Code   RO          268    i.TIM_TI1_ConfigInputStage  stm32f1xx_hal_tim.o
    0x080080d2   0x00000024   Code   RO          270    i.TIM_TI2_ConfigInputStage  stm32f1xx_hal_tim.o
    0x080080f6   0x00000002   PAD
    0x080080f8   0x00000070   Code   RO         5072    i.Time_Basic_Creat  cycle_user.o
    0x08008168   0x00000034   Code   RO         5073    i.Time_Cycle_Serve  cycle_user.o
    0x0800819c   0x0000000e   Code   RO         5076    i.Time_Serve_20ms   cycle_user.o
    0x080081aa   0x00000010   Code   RO         2145    i.UART_DMAAbortOnError  stm32f1xx_hal_uart.o
    0x080081ba   0x0000004a   Code   RO         2146    i.UART_DMAError     stm32f1xx_hal_uart.o
    0x08008204   0x0000005a   Code   RO         2147    i.UART_DMAReceiveCplt  stm32f1xx_hal_uart.o
    0x0800825e   0x0000001a   Code   RO         2149    i.UART_DMARxHalfCplt  stm32f1xx_hal_uart.o
    0x08008278   0x00000030   Code   RO         2155    i.UART_EndRxTransfer  stm32f1xx_hal_uart.o
    0x080082a8   0x00000012   Code   RO         2156    i.UART_EndTxTransfer  stm32f1xx_hal_uart.o
    0x080082ba   0x000000b6   Code   RO         2157    i.UART_Receive_IT   stm32f1xx_hal_uart.o
    0x08008370   0x000000b8   Code   RO         2158    i.UART_SetConfig    stm32f1xx_hal_uart.o
    0x08008428   0x00000070   Code   RO         2159    i.UART_Start_Receive_DMA  stm32f1xx_hal_uart.o
    0x08008498   0x00000064   Code   RO         2161    i.UART_WaitOnFlagUntilTimeout  stm32f1xx_hal_uart.o
    0x080084fc   0x0000000c   Code   RO         4482    i.USART1_IRQHandler  stm32f1xx_it.o
    0x08008508   0x00000014   Code   RO         4860    i.USART1_Init       usart1_hw.o
    0x0800851c   0x00000014   Code   RO         4861    i.USART1_Send       usart1_hw.o
    0x08008530   0x0000000e   Code   RO         6042    i.USBD_ClrClassConfig  usbd_core.o
    0x0800853e   0x00000010   Code   RO         6245    i.USBD_CtlContinueRx  usbd_ioreq.o
    0x0800854e   0x00000010   Code   RO         6246    i.USBD_CtlContinueSendData  usbd_ioreq.o
    0x0800855e   0x00000016   Code   RO         6180    i.USBD_CtlError     usbd_ctlreq.o
    0x08008574   0x00000016   Code   RO         6248    i.USBD_CtlReceiveStatus  usbd_ioreq.o
    0x0800858a   0x0000001a   Code   RO         6249    i.USBD_CtlSendData  usbd_ioreq.o
    0x080085a4   0x00000016   Code   RO         6250    i.USBD_CtlSendStatus  usbd_ioreq.o
    0x080085ba   0x00000002   PAD
    0x080085bc   0x00000020   Code   RO         5883    i.USBD_FS_ConfigStrDescriptor  usbd_desc.o
    0x080085dc   0x0000000c   Code   RO         5884    i.USBD_FS_DeviceDescriptor  usbd_desc.o
    0x080085e8   0x00000024   Code   RO         5885    i.USBD_FS_InterfaceStrDescriptor  usbd_desc.o
    0x0800860c   0x0000000c   Code   RO         5886    i.USBD_FS_LangIDStrDescriptor  usbd_desc.o
    0x08008618   0x00000028   Code   RO         5887    i.USBD_FS_ManufacturerStrDescriptor  usbd_desc.o
    0x08008640   0x00000028   Code   RO         5888    i.USBD_FS_ProductStrDescriptor  usbd_desc.o
    0x08008668   0x00000038   Code   RO         5889    i.USBD_FS_SerialStrDescriptor  usbd_desc.o
    0x080086a0   0x000000e8   Code   RO         6181    i.USBD_GetDescriptor  usbd_ctlreq.o
    0x08008788   0x00000048   Code   RO         6182    i.USBD_GetString    usbd_ctlreq.o
    0x080087d0   0x00000018   Code   RO         5684    i.USBD_Get_USB_Status  usbd_conf.o
    0x080087e8   0x0000002a   Code   RO         6044    i.USBD_Init         usbd_core.o
    0x08008812   0x00000012   Code   RO         5685    i.USBD_LL_ClearStallEP  usbd_conf.o
    0x08008824   0x00000012   Code   RO         5686    i.USBD_LL_CloseEP   usbd_conf.o
    0x08008836   0x000000c6   Code   RO         6045    i.USBD_LL_DataInStage  usbd_core.o
    0x080088fc   0x00000082   Code   RO         6046    i.USBD_LL_DataOutStage  usbd_core.o
    0x0800897e   0x00000012   Code   RO         5689    i.USBD_LL_FlushEP   usbd_conf.o
    0x08008990   0x00000008   Code   RO         5690    i.USBD_LL_GetRxDataSize  usbd_conf.o
    0x08008998   0x00000070   Code   RO         5691    i.USBD_LL_Init      usbd_conf.o
    0x08008a08   0x00000020   Code   RO         5692    i.USBD_LL_IsStallEP  usbd_conf.o
    0x08008a28   0x00000018   Code   RO         5693    i.USBD_LL_OpenEP    usbd_conf.o
    0x08008a40   0x00000012   Code   RO         5694    i.USBD_LL_PrepareReceive  usbd_conf.o
    0x08008a52   0x00000050   Code   RO         6051    i.USBD_LL_Reset     usbd_core.o
    0x08008aa2   0x00000014   Code   RO         6052    i.USBD_LL_Resume    usbd_core.o
    0x08008ab6   0x00000018   Code   RO         6053    i.USBD_LL_SOF       usbd_core.o
    0x08008ace   0x00000006   Code   RO         6054    i.USBD_LL_SetSpeed  usbd_core.o
    0x08008ad4   0x00000012   Code   RO         5695    i.USBD_LL_SetUSBAddress  usbd_conf.o
    0x08008ae6   0x0000005a   Code   RO         6055    i.USBD_LL_SetupStage  usbd_core.o
    0x08008b40   0x00000012   Code   RO         5696    i.USBD_LL_StallEP   usbd_conf.o
    0x08008b52   0x00000012   Code   RO         5697    i.USBD_LL_Start     usbd_conf.o
    0x08008b64   0x00000012   Code   RO         6056    i.USBD_LL_Suspend   usbd_core.o
    0x08008b76   0x00000012   Code   RO         5699    i.USBD_LL_Transmit  usbd_conf.o
    0x08008b88   0x0000000a   Code   RO         6305    i.USBD_MSC_DataIn   usbd_msc.o
    0x08008b92   0x0000000a   Code   RO         6306    i.USBD_MSC_DataOut  usbd_msc.o
    0x08008b9c   0x00000032   Code   RO         6307    i.USBD_MSC_DeInit   usbd_msc.o
    0x08008bce   0x00000002   PAD
    0x08008bd0   0x0000000c   Code   RO         6308    i.USBD_MSC_GetDeviceQualifierDescriptor  usbd_msc.o
    0x08008bdc   0x0000000c   Code   RO         6309    i.USBD_MSC_GetFSCfgDesc  usbd_msc.o
    0x08008be8   0x0000000c   Code   RO         6310    i.USBD_MSC_GetHSCfgDesc  usbd_msc.o
    0x08008bf4   0x0000000c   Code   RO         6311    i.USBD_MSC_GetOtherSpeedCfgDesc  usbd_msc.o
    0x08008c00   0x0000005c   Code   RO         6312    i.USBD_MSC_Init     usbd_msc.o
    0x08008c5c   0x0000000a   Code   RO         6313    i.USBD_MSC_RegisterStorage  usbd_msc.o
    0x08008c66   0x00000116   Code   RO         6314    i.USBD_MSC_Setup    usbd_msc.o
    0x08008d7c   0x00000028   Code   RO         6183    i.USBD_ParseSetupRequest  usbd_ctlreq.o
    0x08008da4   0x00000010   Code   RO         6057    i.USBD_RegisterClass  usbd_core.o
    0x08008db4   0x00000016   Code   RO         6059    i.USBD_SetClassConfig  usbd_core.o
    0x08008dca   0x00000002   PAD
    0x08008dcc   0x00000084   Code   RO         6184    i.USBD_SetConfig    usbd_ctlreq.o
    0x08008e50   0x0000000a   Code   RO         6060    i.USBD_Start        usbd_core.o
    0x08008e5a   0x00000112   Code   RO         6185    i.USBD_StdDevReq    usbd_ctlreq.o
    0x08008f6c   0x00000150   Code   RO         6186    i.USBD_StdEPReq     usbd_ctlreq.o
    0x080090bc   0x0000004e   Code   RO         6187    i.USBD_StdItfReq    usbd_ctlreq.o
    0x0800910a   0x00000002   Code   RO         5700    i.USBD_static_free  usbd_conf.o
    0x0800910c   0x00000008   Code   RO         5701    i.USBD_static_malloc  usbd_conf.o
    0x08009114   0x00000258   Code   RO         3055    i.USB_ActivateEndpoint  stm32f1xx_ll_usb.o
    0x0800936c   0x00000004   Code   RO         3058    i.USB_CoreInit      stm32f1xx_ll_usb.o
    0x08009370   0x0000010e   Code   RO         3060    i.USB_DeactivateEndpoint  stm32f1xx_ll_usb.o
    0x0800947e   0x00000004   Code   RO         3061    i.USB_DevConnect    stm32f1xx_ll_usb.o
    0x08009482   0x00000004   Code   RO         3062    i.USB_DevDisconnect  stm32f1xx_ll_usb.o
    0x08009486   0x00000012   Code   RO         3063    i.USB_DevInit       stm32f1xx_ll_usb.o
    0x08009498   0x0000000e   Code   RO         3064    i.USB_DisableGlobalInt  stm32f1xx_ll_usb.o
    0x080094a6   0x00000004   Code   RO         3065    i.USB_EP0_OutStart  stm32f1xx_ll_usb.o
    0x080094aa   0x00000078   Code   RO         3066    i.USB_EPClearStall  stm32f1xx_ll_usb.o
    0x08009522   0x00000032   Code   RO         3067    i.USB_EPSetStall    stm32f1xx_ll_usb.o
    0x08009554   0x0000060c   Code   RO         3068    i.USB_EPStartXfer   stm32f1xx_ll_usb.o
    0x08009b60   0x00000012   Code   RO         3069    i.USB_EnableGlobalInt  stm32f1xx_ll_usb.o
    0x08009b72   0x00000004   Code   RO         3070    i.USB_FlushRxFifo   stm32f1xx_ll_usb.o
    0x08009b76   0x00000004   Code   RO         3071    i.USB_FlushTxFifo   stm32f1xx_ll_usb.o
    0x08009b7a   0x00000002   PAD
    0x08009b7c   0x0000000c   Code   RO         4483    i.USB_LP_CAN1_RX0_IRQHandler  stm32f1xx_it.o
    0x08009b88   0x00000006   Code   RO         3076    i.USB_ReadInterrupts  stm32f1xx_ll_usb.o
    0x08009b8e   0x00000002   PAD
    0x08009b90   0x0000002c   Code   RO         3077    i.USB_ReadPMA       stm32f1xx_ll_usb.o
    0x08009bbc   0x00000004   Code   RO         3078    i.USB_SetCurrentMode  stm32f1xx_ll_usb.o
    0x08009bc0   0x0000000c   Code   RO         3079    i.USB_SetDevAddress  stm32f1xx_ll_usb.o
    0x08009bcc   0x00000026   Code   RO         3081    i.USB_WritePMA      stm32f1xx_ll_usb.o
    0x08009bf2   0x00000002   Code   RO         4484    i.UsageFault_Handler  stm32f1xx_it.o
    0x08009bf4   0x00000044   Code   RO         5330    i.Write_Last_File   file_user.o
    0x08009c38   0x00000020   Code   RO         7915    i.__0printf         mc_w.l(printfa.o)
    0x08009c58   0x00000028   Code   RO         7917    i.__0sprintf        mc_w.l(printfa.o)
    0x08009c80   0x00000020   Code   RO         1616    i.__NVIC_SetPriority  stm32f1xx_hal_cortex.o
    0x08009ca0   0x0000000e   Code   RO         7987    i.__scatterload_copy  mc_w.l(handlers.o)
    0x08009cae   0x00000002   Code   RO         7988    i.__scatterload_null  mc_w.l(handlers.o)
    0x08009cb0   0x0000000e   Code   RO         7989    i.__scatterload_zeroinit  mc_w.l(handlers.o)
    0x08009cbe   0x00000002   PAD
    0x08009cc0   0x00000184   Code   RO         7922    i._fp_digits        mc_w.l(printfa.o)
    0x08009e44   0x000006dc   Code   RO         7923    i._printf_core      mc_w.l(printfa.o)
    0x0800a520   0x00000024   Code   RO         7924    i._printf_post_padding  mc_w.l(printfa.o)
    0x0800a544   0x0000002e   Code   RO         7925    i._printf_pre_padding  mc_w.l(printfa.o)
    0x0800a572   0x0000000a   Code   RO         7927    i._sputc            mc_w.l(printfa.o)
    0x0800a57c   0x0000003e   Code   RO         5139    i.array_find        my_sys.o
    0x0800a5ba   0x00000002   PAD
    0x0800a5bc   0x0000005c   Code   RO         6679    i.check_fs          ff.o
    0x0800a618   0x00000010   Code   RO         6680    i.chk_chr           ff.o
    0x0800a628   0x00000018   Code   RO         6681    i.clust2sect        ff.o
    0x0800a640   0x00000078   Code   RO         6682    i.cmp_lfn           ff.o
    0x0800a6b8   0x0000009e   Code   RO         6683    i.create_chain      ff.o
    0x0800a756   0x00000002   PAD
    0x0800a758   0x00000244   Code   RO         6684    i.create_name       ff.o
    0x0800a99c   0x00000010   Code   RO         5141    i.delay_1ms         my_sys.o
    0x0800a9ac   0x00000014   Code   RO         5143    i.delay_ms          my_sys.o
    0x0800a9c0   0x00000020   Code   RO         7359    i.delaymS           swd_host.o
    0x0800a9e0   0x000000c4   Code   RO         6685    i.dir_find          ff.o
    0x0800aaa4   0x000000fa   Code   RO         6686    i.dir_next          ff.o
    0x0800ab9e   0x00000002   PAD
    0x0800aba0   0x00000100   Code   RO         6687    i.dir_read          ff.o
    0x0800aca0   0x000001a8   Code   RO         6688    i.dir_register      ff.o
    0x0800ae48   0x00000090   Code   RO         6690    i.dir_sdi           ff.o
    0x0800aed8   0x00000010   Code   RO         6622    i.disk_initialize   diskio.o
    0x0800aee8   0x00000048   Code   RO         6623    i.disk_ioctl        diskio.o
    0x0800af30   0x00000034   Code   RO         6624    i.disk_read         diskio.o
    0x0800af64   0x0000000c   Code   RO         6625    i.disk_status       diskio.o
    0x0800af70   0x00000038   Code   RO         6626    i.disk_write        diskio.o
    0x0800afa8   0x0000001c   Code   RO         6692    i.f_close           ff.o
    0x0800afc4   0x00000012   Code   RO         6693    i.f_closedir        ff.o
    0x0800afd6   0x00000020   Code   RO         6694    i.f_findfirst       ff.o
    0x0800aff6   0x00000044   Code   RO         6695    i.f_findnext        ff.o
    0x0800b03a   0x0000015a   Code   RO         6699    i.f_mkdir           ff.o
    0x0800b194   0x0000004c   Code   RO         6701    i.f_mount           ff.o
    0x0800b1e0   0x00000144   Code   RO         6702    i.f_open            ff.o
    0x0800b324   0x00000064   Code   RO         6703    i.f_opendir         ff.o
    0x0800b388   0x0000013e   Code   RO         6707    i.f_read            ff.o
    0x0800b4c6   0x00000056   Code   RO         6708    i.f_readdir         ff.o
    0x0800b51c   0x00000078   Code   RO         6711    i.f_sync            ff.o
    0x0800b594   0x00000190   Code   RO         6715    i.f_write           ff.o
    0x0800b724   0x0000004c   Code   RO         7016    i.ff_convert        cc936.o
    0x0800b770   0x00000050   Code   RO         7017    i.ff_wtoupper       cc936.o
    0x0800b7c0   0x00000260   Code   RO         6716    i.find_volume       ff.o
    0x0800ba20   0x00000066   Code   RO         6717    i.follow_path       ff.o
    0x0800ba86   0x00000002   PAD
    0x0800ba88   0x00000018   Code   RO         4862    i.fputc             usart1_hw.o
    0x0800baa0   0x0000008c   Code   RO         6718    i.gen_numname       ff.o
    0x0800bb2c   0x0000003e   Code   RO         6719    i.get_achar         ff.o
    0x0800bb6a   0x000000e8   Code   RO         6720    i.get_fat           ff.o
    0x0800bc52   0x00000002   PAD
    0x0800bc54   0x00000008   Code   RO         6627    i.get_fattime       diskio.o
    0x0800bc5c   0x000000c4   Code   RO         6721    i.get_fileinfo      ff.o
    0x0800bd20   0x0000003c   Code   RO         6722    i.get_ldnumber      ff.o
    0x0800bd5c   0x00000018   Code   RO         7360    i.int2array         swd_host.o
    0x0800bd74   0x00000012   Code   RO         6723    i.ld_clust          ff.o
    0x0800bd86   0x00000002   PAD
    0x0800bd88   0x00000064   Code   RO         4194    i.main              main.o
    0x0800bdec   0x00000012   Code   RO         6724    i.mem_cpy           ff.o
    0x0800bdfe   0x0000000e   Code   RO         6725    i.mem_set           ff.o
    0x0800be0c   0x00000032   Code   RO         6726    i.move_window       ff.o
    0x0800be3e   0x00000090   Code   RO         6727    i.pattern_matching  ff.o
    0x0800bece   0x00000120   Code   RO         6728    i.put_fat           ff.o
    0x0800bfee   0x00000062   Code   RO         6730    i.remove_chain      ff.o
    0x0800c050   0x00000010   Code   RO         6731    i.st_clust          ff.o
    0x0800c060   0x0000001a   Code   RO         6732    i.sum_sfn           ff.o
    0x0800c07a   0x00000002   PAD
    0x0800c07c   0x000000a8   Code   RO         7361    i.swd_flash_syscall_exec  swd_host.o
    0x0800c124   0x0000000e   Code   RO         7362    i.swd_init          swd_host.o
    0x0800c132   0x00000002   PAD
    0x0800c134   0x00000090   Code   RO         7363    i.swd_init_debug    swd_host.o
    0x0800c1c4   0x00000048   Code   RO         7364    i.swd_off           swd_host.o
    0x0800c20c   0x00000060   Code   RO         7368    i.swd_read_data     swd_host.o
    0x0800c26c   0x00000042   Code   RO         7369    i.swd_read_dp       swd_host.o
    0x0800c2ae   0x00000002   PAD
    0x0800c2b0   0x00000028   Code   RO         7371    i.swd_read_word     swd_host.o
    0x0800c2d8   0x0000001c   Code   RO         7372    i.swd_reset         swd_host.o
    0x0800c2f4   0x00000020   Code   RO         7373    i.swd_set_target_reset  swd_host.o
    0x0800c314   0x00000154   Code   RO         7374    i.swd_set_target_state_hw  swd_host.o
    0x0800c468   0x0000001e   Code   RO         7376    i.swd_transfer_retry  swd_host.o
    0x0800c486   0x00000002   PAD
    0x0800c488   0x0000005c   Code   RO         7377    i.swd_write_ap      swd_host.o
    0x0800c4e4   0x0000005c   Code   RO         7378    i.swd_write_block   swd_host.o
    0x0800c540   0x0000002c   Code   RO         7379    i.swd_write_byte    swd_host.o
    0x0800c56c   0x0000004c   Code   RO         7380    i.swd_write_core_register  swd_host.o
    0x0800c5b8   0x00000040   Code   RO         7381    i.swd_write_data    swd_host.o
    0x0800c5f8   0x00000088   Code   RO         7382    i.swd_write_debug_state  swd_host.o
    0x0800c680   0x00000034   Code   RO         7383    i.swd_write_dp      swd_host.o
    0x0800c6b4   0x00000074   Code   RO         7384    i.swd_write_memory  swd_host.o
    0x0800c728   0x00000028   Code   RO         7385    i.swd_write_word    swd_host.o
    0x0800c750   0x000000b0   Code   RO         6733    i.sync_fs           ff.o
    0x0800c800   0x00000052   Code   RO         6734    i.sync_window       ff.o
    0x0800c852   0x00000002   PAD
    0x0800c854   0x00000028   Code   RO         7546    i.target_flash_erase_sector  swd_flash.o
    0x0800c87c   0x00000048   Code   RO         7547    i.target_flash_init  swd_flash.o
    0x0800c8c4   0x00000058   Code   RO         7548    i.target_flash_program_page  swd_flash.o
    0x0800c91c   0x00000022   Code   RO         6735    i.validate          ff.o
    0x0800c93e   0x00000010   Data   RO         4574    .constdata          system_stm32f1xx.o
    0x0800c94e   0x00000008   Data   RO         4575    .constdata          system_stm32f1xx.o
    0x0800c956   0x000005f0   Data   RO         5302    .constdata          font_user.o
    0x0800cf46   0x00000002   PAD
    0x0800cf48   0x00000040   Data   RO         5332    .constdata          file_user.o
    0x0800cf88   0x00000080   Data   RO         5539    .constdata          burn_serve.o
    0x0800d008   0x00000024   Data   RO         5968    .constdata          usbd_storage_if.o
    0x0800d02c   0x00000007   Data   RO         6460    .constdata          usbd_msc_data.o
    0x0800d033   0x00000008   Data   RO         6461    .constdata          usbd_msc_data.o
    0x0800d03b   0x00000008   Data   RO         6462    .constdata          usbd_msc_data.o
    0x0800d043   0x00000001   PAD
    0x0800d044   0x0000003a   Data   RO         6736    .constdata          ff.o
    0x0800d07e   0x000007bc   Data   RO         7018    .constdata          cc936.o
    0x0800d83a   0x00000002   PAD
    0x0800d83c   0x0000014c   Data   RO         7591    .constdata          stm32f10x_128.o
    0x0800d988   0x00000034   Data   RO         7592    .constdata          stm32f10x_128.o
    0x0800d9bc   0x00000168   Data   RO         7601    .constdata          stm32f4xx_1024.o
    0x0800db24   0x00000034   Data   RO         7602    .constdata          stm32f4xx_1024.o
    0x0800db58   0x00000158   Data   RO         7661    .constdata          stm32f0xx_16.o
    0x0800dcb0   0x00000034   Data   RO         7662    .constdata          stm32f0xx_16.o
    0x0800dce4   0x00000020   Data   RO         7985    Region$$Table       anon$$obj.o


    Execution Region RW_IRAM1 (Base: 0x20000000, Size: 0x000098d0, Max: 0x0000c000, ABSOLUTE, COMPRESSED[0x000000f4])

    Base Addr    Size         Type   Attr      Idx    E Section Name        Object

    0x20000000   0x0000000c   Data   RW         1153    .data               stm32f1xx_hal.o
    0x2000000c   0x00000004   Data   RW         4576    .data               system_stm32f1xx.o
    0x20000010   0x00000008   Data   RW         4973    .data               spi_flash.o
    0x20000018   0x0000000e   Data   RW         5079    .data               cycle_user.o
    0x20000026   0x00000023   Data   RW         5216    .data               oled_user.o
    0x20000049   0x00000003   PAD
    0x2000004c   0x00000048   Data   RW         5333    .data               file_user.o
    0x20000094   0x00000003   Data   RW         5406    .data               logic_control.o
    0x20000097   0x00000001   PAD
    0x20000098   0x00000008   Data   RW         5481    .data               key_scan.o
    0x200000a0   0x00000040   Data   RW         5540    .data               burn_serve.o
    0x200000e0   0x0000001c   Data   RW         5891    .data               usbd_desc.o
    0x200000fc   0x00000032   Data   RW         5892    .data               usbd_desc.o
    0x2000012e   0x00000002   PAD
    0x20000130   0x00000020   Data   RW         5969    .data               usbd_storage_if.o
    0x20000150   0x00000001   Data   RW         6188    .data               usbd_ctlreq.o
    0x20000151   0x00000003   PAD
    0x20000154   0x00000038   Data   RW         6315    .data               usbd_msc.o
    0x2000018c   0x0000006a   Data   RW         6316    .data               usbd_msc.o
    0x200001f6   0x00000002   PAD
    0x200001f8   0x00000008   Data   RW         6737    .data               ff.o
    0x20000200   0x0000000c   Data   RW         7387    .data               swd_host.o
    0x2000020c   0x00000004   Data   RW         7550    .data               swd_flash.o
    0x20000210   0x00000004   Data   RW         7961    .data               mc_w.l(stdout.o)
    0x20000214   0x00000088   Zero   RW         4640    .bss                usart.o
    0x2000029c   0x00000058   Zero   RW         4682    .bss                spi.o
    0x200002f4   0x000000c8   Zero   RW         4724    .bss                sdio.o
    0x200003bc   0x00000098   Zero   RW         4768    .bss                i2c.o
    0x20000454   0x00000048   Zero   RW         4820    .bss                tim.o
    0x2000049c   0x00000080   Zero   RW         4863    .bss                usart1_hw.o
    0x2000051c   0x00001020   Zero   RW         5215    .bss                oled_user.o
    0x2000153c   0x000029e8   Zero   RW         5331    .bss                file_user.o
    0x20003f24   0x00000100   Zero   RW         5405    .bss                logic_control.o
    0x20004024   0x000002c4   Zero   RW         5607    .bss                usb_device.o
    0x200042e8   0x0000135c   Zero   RW         5702    .bss                usbd_conf.o
    0x20005644   0x00000200   Zero   RW         5890    .bss                usbd_desc.o
    0x20005844   0x00000044   Zero   RW         7063    .bss                dap.o
    0x20005888   0x00000044   Zero   RW         7386    .bss                swd_host.o
    0x200058cc   0x00000004   PAD
    0x200058d0   0x00004000   Zero   RW            1    STACK               startup_stm32f103xe.o


==============================================================================

Image component sizes


      Code (inc. data)   RO Data    RW Data    ZI Data      Debug   Object Name

      1460        618        128         64          0       6717   burn_serve.o
       156         16       1980          0          0       2659   cc936.o
       226         16          0         14          0       3050   cycle_user.o
       344         24          0          0         68      11485   dap.o
       216         20          0          0          0       4720   diskio.o
        76          4          0          0          0        810   dma.o
      6540         64         58          8          0      43885   ff.o
       854        340         64         72      10728       4866   file_user.o
         0          0       1520          0          0        548   font_user.o
       320         26          0          0          0       1075   gpio.o
       248         46          0          0        152       2610   i2c.o
         0          0          0          0          0       5061   jtag_dp.o
       640          8          0          8          0       1516   key_scan.o
       888        152          0          3        256       6814   logic_control.o
       224         18          0          0          0     487384   main.o
       118          0          0          0          0       2647   my_sys.o
       730         88          0         35       4128       7329   oled_user.o
       272         36          0          0        200       1807   sdio.o
       184         24          0          0         88       1665   spi.o
       192         18          0          8          0       3003   spi_flash.o
        36          8        304          0      16384        800   startup_stm32f103xe.o
         0          0        396          0          0        575   stm32f0xx_16.o
         0          0        384          0          0        602   stm32f10x_128.o
       164         28          0         12          0       6497   stm32f1xx_hal.o
       198         14          0          0          0      28967   stm32f1xx_hal_cortex.o
      1242         52          0          0          0       5661   stm32f1xx_hal_dma.o
       812         74          0          0          0       4497   stm32f1xx_hal_gpio.o
         0          0          0          0          0     535324   stm32f1xx_hal_gpio_ex.o
      4920         88          0          0          0      27176   stm32f1xx_hal_i2c.o
        60          8          0          0          0        878   stm32f1xx_hal_msp.o
      3032          0          0          0          0      14572   stm32f1xx_hal_pcd.o
        60          0          0          0          0       1170   stm32f1xx_hal_pcd_ex.o
      1272        100          0          0          0       5180   stm32f1xx_hal_rcc.o
       236         12          0          0          0       1380   stm32f1xx_hal_rcc_ex.o
      3128         42          0          0          0      17332   stm32f1xx_hal_sd.o
       876          4          0          0          0       4685   stm32f1xx_hal_spi.o
      1026         40          0          0          0      10169   stm32f1xx_hal_tim.o
       128         20          0          0          0       2361   stm32f1xx_hal_tim_ex.o
      1732         24          0          0          0      13593   stm32f1xx_hal_uart.o
        68         24          0          0          0       5690   stm32f1xx_it.o
      1656         46          0          0          0      22015   stm32f1xx_ll_sdmmc.o
      2766          0          0          0          0      17591   stm32f1xx_ll_usb.o
         0          0        412          0          0        603   stm32f4xx_1024.o
      1700         44          0          0          0      17242   sw_dp.o
       200         16          0          4          0       3319   swd_flash.o
      2142        126          0         12         68      21261   swd_host.o
         2          0         24          4          0       1127   system_stm32f1xx.o
       164         10          0          0         72       1678   tim.o
       232         30          0          0        136       1793   usart.o
       104         30          0          0        128       3858   usart1_hw.o
        84         18          0          0        708      10125   usb_device.o
       558         28          0          0       4956      14239   usbd_conf.o
       670          0          0          0          0       8403   usbd_core.o
      1186         28          0          1          0       7248   usbd_ctlreq.o
       284        100          0         78        512       5725   usbd_desc.o
       102          0          0          0          0       3176   usbd_ioreq.o
       498         16          0        162          0       8076   usbd_msc.o
       594          8          0          0          0       6165   usbd_msc_bot.o
         0          0         23          0          0        717   usbd_msc_data.o
      1394         14          0          0          0       9231   usbd_msc_scsi.o
       176         16         36         32          0       9688   usbd_storage_if.o

    ----------------------------------------------------------------------
     47282       2586       5366        528      38588    1460040   Object Totals
         0          0         32          0          0          0   (incl. Generated)
        92          0          5         11          4          0   (incl. Padding)

    ----------------------------------------------------------------------

      Code (inc. data)   RO Data    RW Data    ZI Data      Debug   Library Member Name

        86          0          0          0          0          0   __dczerorl2.o
         0          0          0          0          0          0   entry.o
         0          0          0          0          0          0   entry10a.o
         0          0          0          0          0          0   entry11a.o
         8          4          0          0          0          0   entry2.o
         4          0          0          0          0          0   entry5.o
         0          0          0          0          0          0   entry7b.o
         0          0          0          0          0          0   entry8b.o
         8          4          0          0          0          0   entry9a.o
        30          0          0          0          0          0   handlers.o
        36          8          0          0          0         68   init.o
         0          0          0          0          0          0   iusefp.o
        30          0          0          0          0         68   llshl.o
        36          0          0          0          0         68   llsshr.o
        32          0          0          0          0         68   llushr.o
        36          0          0          0          0         68   memcpya.o
        36          0          0          0          0        108   memseta.o
      2308         96          0          0          0        604   printfa.o
         0          0          0          4          0          0   stdout.o
        44          0          0          0          0         80   uidiv.o
        98          0          0          0          0         92   uldiv.o
        48          0          0          0          0         68   cdrcmple.o
       334          0          0          0          0        148   dadd.o
       222          0          0          0          0        100   ddiv.o
       186          0          0          0          0        176   depilogue.o
        48          0          0          0          0         68   dfixul.o
        26          0          0          0          0         76   dfltui.o
       228          0          0          0          0         96   dmul.o
        46          0          0          0          0         80   dscalb.o

    ----------------------------------------------------------------------
      3932        112          0          4          0       2036   Library Totals
         2          0          0          0          0          0   (incl. Padding)

    ----------------------------------------------------------------------

      Code (inc. data)   RO Data    RW Data    ZI Data      Debug   Library Name

      2792        112          0          4          0       1224   mc_w.l
      1138          0          0          0          0        812   mf_w.l

    ----------------------------------------------------------------------
      3932        112          0          4          0       2036   Library Totals

    ----------------------------------------------------------------------

==============================================================================


      Code (inc. data)   RO Data    RW Data    ZI Data      Debug   

     51214       2698       5366        532      38588    1438544   Grand Totals
     51214       2698       5366        244      38588    1438544   ELF Image Totals (compressed)
     51214       2698       5366        244          0          0   ROM Totals

==============================================================================

    Total RO  Size (Code + RO Data)                56580 (  55.25kB)
    Total RW  Size (RW Data + ZI Data)             39120 (  38.20kB)
    Total ROM Size (Code + RO Data + RW Data)      56824 (  55.49kB)

==============================================================================

