<html>
<body>
<pre>
<h1>礦ision Build Log</h1>
<h2>Tool Versions:</h2>
IDE-Version: μVision V5.35.0.0
Copyright (C) 2021 ARM Ltd and ARM Germany GmbH. All rights reserved.
License Information: A A, A, LIC=GMZI6-DRITH-HLCCL-02A3Z-WBZK1-4QEP5
 
Tool Versions:
Toolchain:       MDK-ARM Plus  Version: 5.35.0.2
Toolchain Path:  D:\Keil_v5\ARM\ARMCC\Bin
C Compiler:      Armcc.exe V5.06 update 7 (build 960)
Assembler:       Armasm.exe V5.06 update 7 (build 960)
Linker/Locator:  ArmLink.exe V5.06 update 7 (build 960)
Library Manager: ArmAr.exe V5.06 update 7 (build 960)
Hex Converter:   FromElf.exe V5.06 update 7 (build 960)
CPU DLL:         SARMCM3.DLL V5.35.0.2
Dialog DLL:      DCM.DLL V1.17.3.0
Target DLL:      Segger\JL2CM3.dll V2.99.40.0
Dialog DLL:      TCM.DLL V1.53.0.0
 
<h2>Project:</h2>
F:\新建文件夹\WorkSpace\耳穴仪\Firmware\NOS\DFU&APP\main\USER\HID_Base_Proj_V1.0.uvprojx
Project File Date:  07/30/2021

<h2>Output:</h2>
*** Using Compiler 'V5.06 update 7 (build 960)', folder: 'D:\Keil_v5\ARM\ARMCC\Bin'
Rebuild target 'Target 1'
compiling my_sys.c...
compiling usart.c...
usart.c(136): warning:  #550-D: variable "CLE"  was set but never used
  u32 CLE=0;
usart.c: 1 warning, 0 errors
compiling USB_User.c...
compiling DFU_User.c...
compiling GPIO_User.c...
compiling stm32f10x_it.c...
compiling main.c...
compiling BLE_User.c...
compiling misc.c...
compiling stm32f10x_bkp.c...
compiling Pressure_Test.c...
compiling RES_Test.c...
compiling HID_Serve.c...
HID_Serve.c(39): warning:  #167-D: argument of type "u8 *" is incompatible with parameter of type "char *restrict"
  		sprintf(&BLE_MAC_S[i*2],"%02X",mac_hex[i]);
HID_Serve.c: 1 warning, 0 errors
compiling ADC_User.c...
compiling stm32f10x_cec.c...
compiling stm32f10x_crc.c...
compiling stm32f10x_dbgmcu.c...
compiling stm32f10x_exti.c...
compiling stm32f10x_dma.c...
compiling stm32f10x_fsmc.c...
compiling stm32f10x_flash.c...
compiling stm32f10x_gpio.c...
compiling stm32f10x_pwr.c...
compiling stm32f10x_iwdg.c...
compiling stm32f10x_wwdg.c...
compiling stm32f10x_usart.c...
compiling stm32f10x_rcc.c...
compiling stm32f10x_tim.c...
compiling stm32f10x_i2c.c...
compiling stm32f10x_spi.c...
compiling stm32f10x_adc.c...
assembling startup_stm32f10x_hd.s...
compiling core_cm3.c...
compiling system_stm32f10x.c...
compiling usb_istr.c...
compiling usb_prop.c...
compiling usb_pwr.c...
compiling usb_init.c...
compiling usb_core.c...
compiling usb_int.c...
compiling usb_mem.c...
compiling usb_regs.c...
linking...
Program Size: Code=12844 RO-data=472 RW-data=412 ZI-data=1412  
After Build - User command #1: fromelf.exe --bin -o ".\Output\TY_STM_Base_Proj_V1.bin" "..\Output\TY_STM_Base_Proj_V1.0"
After Build - User command #2: ..\bin\post.bat
F:\新建文件夹\WorkSpace\耳穴仪\Firmware\NOS\DFU&APP\main\USER>set DFU_BIN_PATH=..\..\dfu\Project\usb_Device_Firmware_Upgrade\RVMDK\Obj 
F:\新建文件夹\WorkSpace\耳穴仪\Firmware\NOS\DFU&APP\main\USER>..\bin\DfuGenerate.exe 0x8003000 .\Output\HID_Base_Proj_V1.bin 
F:\新建文件夹\WorkSpace\耳穴仪\Firmware\NOS\DFU&APP\main\USER>del .\Output\STM32_FW_Flash.bin 
F:\新建文件夹\WorkSpace\耳穴仪\Firmware\NOS\DFU&APP\main\USER>fsutil  file createnew .\Output\STM32_FW_Flash.bin 0x3000 
已创建文件 F:\新建文件夹\WorkSpace\耳穴仪\Firmware\NOS\DFU&APP\main\USER\Output\STM32_FW_Flash.bin
F:\新建文件夹\WorkSpace\耳穴仪\Firmware\NOS\DFU&APP\main\USER>..\bin\cat .\Output\HID_Base_Proj_V1.bin 1>>.\Output\STM32_FW_Flash.bin 
..\bin\cat: .\Output\HID_Base_Proj_V1.bin: No such file or directory
F:\新建文件夹\WorkSpace\耳穴仪\Firmware\NOS\DFU&APP\main\USER>..\bin\hbin ..\..\dfu\Project\usb_Device_Firmware_Upgrade\RVMDK\Obj\mcu_dfu.bin .\Output\STM32_FW_Flash.bin 
"..\Output\TY_STM_Base_Proj_V1.0" - 0 Error(s), 2 Warning(s).

<h2>Software Packages used:</h2>

Package Vendor: Keil
                http://www.keil.com/pack/Keil.STM32F1xx_DFP.1.1.0.pack
                Keil.STM32F1xx_DFP.1.1.0
                STMicroelectronics STM32F1 Series Device Support, Drivers and Examples

<h2>Collection of Component include folders:</h2>
  D:\Users\MR.ZHOU\AppData\Local\Arm\Packs\Keil\STM32F1xx_DFP\1.1.0\Device\Include

<h2>Collection of Component Files used:</h2>
Build Time Elapsed:  00:00:07
</pre>
</body>
</html>
